<?xml version="1.0"?>
<link_info>
   <banner>TI ARM Linker PC v5.1.1</banner>
   <copyright>Copyright (c) 1996-2013 Texas Instruments Incorporated</copyright>
   <link_time>0x543f1a07</link_time>
   <link_errors>0x0</link_errors>
   <output_file>neural_recorder_PC_interface.out</output_file>
   <entry_point>
      <name>_c_int00</name>
      <address>0x2769</address>
   </entry_point>
   <input_file_list>
      <input_file id="fl-2">
         <path>.\utils\</path>
         <kind>object</kind>
         <file>ustdlib.obj</file>
         <name>ustdlib.obj</name>
      </input_file>
      <input_file id="fl-3">
         <path>.\utils\</path>
         <kind>object</kind>
         <file>uartstdio.obj</file>
         <name>uartstdio.obj</name>
      </input_file>
      <input_file id="fl-4">
         <path>.\</path>
         <kind>object</kind>
         <file>usbconfig.obj</file>
         <name>usbconfig.obj</name>
      </input_file>
      <input_file id="fl-5">
         <path>.\</path>
         <kind>object</kind>
         <file>usb_structs.obj</file>
         <name>usb_structs.obj</name>
      </input_file>
      <input_file id="fl-6">
         <path>.\</path>
         <kind>object</kind>
         <file>startup_ccs.obj</file>
         <name>startup_ccs.obj</name>
      </input_file>
      <input_file id="fl-7">
         <path>.\</path>
         <kind>object</kind>
         <file>spi.obj</file>
         <name>spi.obj</name>
      </input_file>
      <input_file id="fl-8">
         <path>.\</path>
         <kind>object</kind>
         <file>nrf24l01.obj</file>
         <name>nrf24l01.obj</name>
      </input_file>
      <input_file id="fl-9">
         <path>.\</path>
         <kind>object</kind>
         <file>main.obj</file>
         <name>main.obj</name>
      </input_file>
      <input_file id="fl-138">
         <path>C:\ti\ccsv5\tools\compiler\arm_5.1.1\lib\</path>
         <kind>archive</kind>
         <file>rtsv7M4_T_le_v4SPD16_eabi.lib</file>
         <name>boot.obj</name>
      </input_file>
      <input_file id="fl-139">
         <path>C:\ti\ccsv5\tools\compiler\arm_5.1.1\lib\</path>
         <kind>archive</kind>
         <file>rtsv7M4_T_le_v4SPD16_eabi.lib</file>
         <name>copy_decompress_none.obj</name>
      </input_file>
      <input_file id="fl-13a">
         <path>C:\ti\ccsv5\tools\compiler\arm_5.1.1\lib\</path>
         <kind>archive</kind>
         <file>rtsv7M4_T_le_v4SPD16_eabi.lib</file>
         <name>copy_decompress_rle.obj</name>
      </input_file>
      <input_file id="fl-13b">
         <path>C:\ti\ccsv5\tools\compiler\arm_5.1.1\lib\</path>
         <kind>archive</kind>
         <file>rtsv7M4_T_le_v4SPD16_eabi.lib</file>
         <name>copy_zero_init.obj</name>
      </input_file>
      <input_file id="fl-13c">
         <path>C:\ti\ccsv5\tools\compiler\arm_5.1.1\lib\</path>
         <kind>archive</kind>
         <file>rtsv7M4_T_le_v4SPD16_eabi.lib</file>
         <name>exit.obj</name>
      </input_file>
      <input_file id="fl-13d">
         <path>C:\ti\ccsv5\tools\compiler\arm_5.1.1\lib\</path>
         <kind>archive</kind>
         <file>rtsv7M4_T_le_v4SPD16_eabi.lib</file>
         <name>memcpy_t2.obj</name>
      </input_file>
      <input_file id="fl-13e">
         <path>C:\ti\ccsv5\tools\compiler\arm_5.1.1\lib\</path>
         <kind>archive</kind>
         <file>rtsv7M4_T_le_v4SPD16_eabi.lib</file>
         <name>stkdepth_vars.obj</name>
      </input_file>
      <input_file id="fl-13f">
         <path>C:\ti\ccsv5\tools\compiler\arm_5.1.1\lib\</path>
         <kind>archive</kind>
         <file>rtsv7M4_T_le_v4SPD16_eabi.lib</file>
         <name>u_divt2.obj</name>
      </input_file>
      <input_file id="fl-140">
         <path>C:\ti\ccsv5\tools\compiler\arm_5.1.1\lib\</path>
         <kind>archive</kind>
         <file>rtsv7M4_T_le_v4SPD16_eabi.lib</file>
         <name>_lock.obj</name>
      </input_file>
      <input_file id="fl-141">
         <path>C:\ti\ccsv5\tools\compiler\arm_5.1.1\lib\</path>
         <kind>archive</kind>
         <file>rtsv7M4_T_le_v4SPD16_eabi.lib</file>
         <name>args_main.obj</name>
      </input_file>
      <input_file id="fl-142">
         <path>C:\ti\ccsv5\tools\compiler\arm_5.1.1\lib\</path>
         <kind>archive</kind>
         <file>rtsv7M4_T_le_v4SPD16_eabi.lib</file>
         <name>auto_init.obj</name>
      </input_file>
      <input_file id="fl-143">
         <path>C:\ti\ccsv5\tools\compiler\arm_5.1.1\lib\</path>
         <kind>archive</kind>
         <file>rtsv7M4_T_le_v4SPD16_eabi.lib</file>
         <name>cpy_tbl.obj</name>
      </input_file>
      <input_file id="fl-144">
         <path>C:\ti\TivaWare_C_Series-1.1\examples\boards\ek-tm4c123gxl\project0\ccs\..\..\..\..\..\driverlib\ccs\Debug\</path>
         <kind>archive</kind>
         <file>driverlib.lib</file>
         <name>uart.obj</name>
      </input_file>
      <input_file id="fl-145">
         <path>C:\ti\TivaWare_C_Series-1.1\examples\boards\ek-tm4c123gxl\project0\ccs\..\..\..\..\..\driverlib\ccs\Debug\</path>
         <kind>archive</kind>
         <file>driverlib.lib</file>
         <name>ssi.obj</name>
      </input_file>
      <input_file id="fl-146">
         <path>C:\ti\TivaWare_C_Series-1.1\examples\boards\ek-tm4c123gxl\project0\ccs\..\..\..\..\..\driverlib\ccs\Debug\</path>
         <kind>archive</kind>
         <file>driverlib.lib</file>
         <name>interrupt.obj</name>
      </input_file>
      <input_file id="fl-147">
         <path>C:\ti\TivaWare_C_Series-1.1\examples\boards\ek-tm4c123gxl\project0\ccs\..\..\..\..\..\driverlib\ccs\Debug\</path>
         <kind>archive</kind>
         <file>driverlib.lib</file>
         <name>gpio.obj</name>
      </input_file>
      <input_file id="fl-148">
         <path>C:\ti\TivaWare_C_Series-1.1\examples\boards\ek-tm4c123gxl\project0\ccs\..\..\..\..\..\driverlib\ccs\Debug\</path>
         <kind>archive</kind>
         <file>driverlib.lib</file>
         <name>cpu.obj</name>
      </input_file>
      <input_file id="fl-149">
         <path>C:\ti\TivaWare_C_Series-1.1\usblib\ccs\Debug\</path>
         <kind>archive</kind>
         <file>usblib.lib</file>
         <name>usbdhandler.obj</name>
      </input_file>
      <input_file id="fl-14a">
         <path>C:\ti\TivaWare_C_Series-1.1\usblib\ccs\Debug\</path>
         <kind>archive</kind>
         <file>usblib.lib</file>
         <name>usbdenum.obj</name>
      </input_file>
      <input_file id="fl-14b">
         <path>C:\ti\TivaWare_C_Series-1.1\usblib\ccs\Debug\</path>
         <kind>archive</kind>
         <file>usblib.lib</file>
         <name>usbdconfig.obj</name>
      </input_file>
      <input_file id="fl-14c">
         <path>C:\ti\TivaWare_C_Series-1.1\usblib\ccs\Debug\</path>
         <kind>archive</kind>
         <file>usblib.lib</file>
         <name>usbdcdesc.obj</name>
      </input_file>
      <input_file id="fl-14d">
         <path>C:\ti\TivaWare_C_Series-1.1\usblib\ccs\Debug\</path>
         <kind>archive</kind>
         <file>usblib.lib</file>
         <name>usbdcdc.obj</name>
      </input_file>
      <input_file id="fl-14e">
         <path>C:\ti\TivaWare_C_Series-1.1\usblib\ccs\Debug\</path>
         <kind>archive</kind>
         <file>usblib.lib</file>
         <name>usbtick.obj</name>
      </input_file>
      <input_file id="fl-14f">
         <path>C:\ti\TivaWare_C_Series-1.1\usblib\ccs\Debug\</path>
         <kind>archive</kind>
         <file>usblib.lib</file>
         <name>usbmode.obj</name>
      </input_file>
      <input_file id="fl-150">
         <path>C:\ti\TivaWare_C_Series-1.1\usblib\ccs\Debug\</path>
         <kind>archive</kind>
         <file>usblib.lib</file>
         <name>usbdma.obj</name>
      </input_file>
      <input_file id="fl-151">
         <path>C:\ti\TivaWare_C_Series-1.1\usblib\ccs\Debug\</path>
         <kind>archive</kind>
         <file>usblib.lib</file>
         <name>usbdesc.obj</name>
      </input_file>
      <input_file id="fl-152">
         <path>C:\ti\TivaWare_C_Series-1.1\usblib\ccs\Debug\</path>
         <kind>archive</kind>
         <file>usblib.lib</file>
         <name>usbbuffer.obj</name>
      </input_file>
      <input_file id="fl-153">
         <path>C:\ti\TivaWare_C_Series-1.1\usblib\ccs\Debug\</path>
         <kind>archive</kind>
         <file>usblib.lib</file>
         <name>usbhostenum.obj</name>
      </input_file>
      <input_file id="fl-154">
         <path>C:\ti\TivaWare_C_Series-1.1\usblib\ccs\Debug\</path>
         <kind>archive</kind>
         <file>usblib.lib</file>
         <name>usbhhub.obj</name>
      </input_file>
      <input_file id="fl-155">
         <path>C:\ti\TivaWare_C_Series-1.1\usblib\ccs\Debug\</path>
         <kind>archive</kind>
         <file>usblib.lib</file>
         <name>usbringbuf.obj</name>
      </input_file>
      <input_file id="fl-156">
         <path>C:\ti\TivaWare_C_Series-1.1\examples\boards\ek-tm4c123gxl\project0\ccs\..\..\..\..\..\driverlib\ccs\Debug\</path>
         <kind>archive</kind>
         <file>driverlib.lib</file>
         <name>usb.obj</name>
      </input_file>
      <input_file id="fl-157">
         <path>C:\ti\TivaWare_C_Series-1.1\examples\boards\ek-tm4c123gxl\project0\ccs\..\..\..\..\..\driverlib\ccs\Debug\</path>
         <kind>archive</kind>
         <file>driverlib.lib</file>
         <name>udma.obj</name>
      </input_file>
      <input_file id="fl-158">
         <path>C:\ti\TivaWare_C_Series-1.1\examples\boards\ek-tm4c123gxl\project0\ccs\..\..\..\..\..\driverlib\ccs\Debug\</path>
         <kind>archive</kind>
         <file>driverlib.lib</file>
         <name>sysctl.obj</name>
      </input_file>
   </input_file_list>
   <object_component_list>
      <object_component id="oc-e">
         <name>.intvecs</name>
         <load_address>0x0</load_address>
         <run_address>0x0</run_address>
         <size>0x26c</size>
         <input_file_ref idref="fl-6"/>
      </object_component>
      <object_component id="oc-102">
         <name>.text:UARTvprintf</name>
         <load_address>0x26c</load_address>
         <run_address>0x26c</run_address>
         <size>0x1ea</size>
         <input_file_ref idref="fl-3"/>
      </object_component>
      <object_component id="oc-183">
         <name>.text:RFInit</name>
         <load_address>0x456</load_address>
         <run_address>0x456</run_address>
         <size>0x164</size>
         <input_file_ref idref="fl-8"/>
      </object_component>
      <object_component id="oc-2e">
         <name>.text:FaultISR</name>
         <load_address>0x5ba</load_address>
         <run_address>0x5ba</run_address>
         <size>0x2</size>
         <input_file_ref idref="fl-6"/>
      </object_component>
      <object_component id="oc-237">
         <name>.text:USBDEP0StateTxConfig</name>
         <load_address>0x5bc</load_address>
         <run_address>0x5bc</run_address>
         <size>0x160</size>
         <input_file_ref idref="fl-14a"/>
      </object_component>
      <object_component id="oc-4c4">
         <name>.text:USBDeviceConfig</name>
         <load_address>0x71c</load_address>
         <run_address>0x71c</run_address>
         <size>0x140</size>
         <input_file_ref idref="fl-14b"/>
      </object_component>
      <object_component id="oc-164">
         <name>.text:USBDeviceEnumHandler</name>
         <load_address>0x85c</load_address>
         <run_address>0x85c</run_address>
         <size>0xe0</size>
         <input_file_ref idref="fl-14a"/>
      </object_component>
      <object_component id="oc-3e5">
         <name>.text:USBDGetDescriptor</name>
         <load_address>0x93c</load_address>
         <run_address>0x93c</run_address>
         <size>0xdc</size>
         <input_file_ref idref="fl-14a"/>
      </object_component>
      <object_component id="oc-35a">
         <name>.text:USBDCDInit</name>
         <load_address>0xa18</load_address>
         <run_address>0xa18</run_address>
         <size>0xd8</size>
         <input_file_ref idref="fl-14a"/>
      </object_component>
      <object_component id="oc-c3">
         <name>.text:USBDeviceIntHandlerInternal</name>
         <load_address>0xaf0</load_address>
         <run_address>0xaf0</run_address>
         <size>0xd8</size>
         <input_file_ref idref="fl-14a"/>
      </object_component>
      <object_component id="oc-4f0">
         <name>.text:HandleRequests</name>
         <load_address>0xbc8</load_address>
         <run_address>0xbc8</run_address>
         <size>0xd0</size>
         <input_file_ref idref="fl-14d"/>
      </object_component>
      <object_component id="oc-457">
         <name>.text:USBLibDMAInit</name>
         <load_address>0xc98</load_address>
         <run_address>0xc98</run_address>
         <size>0xc8</size>
         <input_file_ref idref="fl-150"/>
      </object_component>
      <object_component id="oc-279">
         <name>.text:SPIInit</name>
         <load_address>0xd60</load_address>
         <run_address>0xd60</run_address>
         <size>0xc4</size>
         <input_file_ref idref="fl-7"/>
      </object_component>
      <object_component id="oc-53c">
         <name>.text:uDMAUSBChannelAllocate</name>
         <load_address>0xe24</load_address>
         <run_address>0xe24</run_address>
         <size>0xc0</size>
         <input_file_ref idref="fl-150"/>
      </object_component>
      <object_component id="oc-573">
         <name>.text:uDMAUSBTransfer</name>
         <load_address>0xee4</load_address>
         <run_address>0xee4</run_address>
         <size>0xba</size>
         <input_file_ref idref="fl-150"/>
      </object_component>
      <object_component id="oc-33">
         <name>.text:IntDefaultHandler</name>
         <load_address>0xf9e</load_address>
         <run_address>0xf9e</run_address>
         <size>0x2</size>
         <input_file_ref idref="fl-6"/>
      </object_component>
      <object_component id="oc-1ea">
         <name>.text:ControlHandler</name>
         <load_address>0xfa0</load_address>
         <run_address>0xfa0</run_address>
         <size>0xac</size>
         <input_file_ref idref="fl-4"/>
      </object_component>
      <object_component id="oc-2dc">
         <name>.text:HandleRxAvailable</name>
         <load_address>0x104c</load_address>
         <run_address>0x104c</run_address>
         <size>0xac</size>
         <input_file_ref idref="fl-152"/>
      </object_component>
      <object_component id="oc-355">
         <name>.text:USBDCDCCompositeInit</name>
         <load_address>0x10f8</load_address>
         <run_address>0x10f8</run_address>
         <size>0xa0</size>
         <input_file_ref idref="fl-14d"/>
      </object_component>
      <object_component id="oc-56">
         <name>.text</name>
         <load_address>0x1198</load_address>
         <run_address>0x1198</run_address>
         <size>0x9c</size>
         <input_file_ref idref="fl-13d"/>
      </object_component>
      <object_component id="oc-3fe">
         <name>.text:USBDSetInterface</name>
         <load_address>0x1234</load_address>
         <run_address>0x1234</run_address>
         <size>0x98</size>
         <input_file_ref idref="fl-14a"/>
      </object_component>
      <object_component id="oc-d6">
         <name>.text:main</name>
         <load_address>0x12cc</load_address>
         <run_address>0x12cc</run_address>
         <size>0x98</size>
         <input_file_ref idref="fl-9"/>
      </object_component>
      <object_component id="oc-68e">
         <name>.text:SendSerialState</name>
         <load_address>0x1364</load_address>
         <run_address>0x1364</run_address>
         <size>0x96</size>
         <input_file_ref idref="fl-14d"/>
      </object_component>
      <object_component id="oc-438">
         <name>.text:CDCTickHandler</name>
         <load_address>0x13fa</load_address>
         <run_address>0x13fa</run_address>
         <size>0x94</size>
         <input_file_ref idref="fl-14d"/>
      </object_component>
      <object_component id="oc-29">
         <name>.text:NmiSR</name>
         <load_address>0x148e</load_address>
         <run_address>0x148e</run_address>
         <size>0x2</size>
         <input_file_ref idref="fl-6"/>
      </object_component>
      <object_component id="oc-45">
         <name>.text</name>
         <load_address>0x1490</load_address>
         <run_address>0x1490</run_address>
         <size>0x94</size>
         <input_file_ref idref="fl-142"/>
      </object_component>
      <object_component id="oc-38">
         <name>.text:IRQInterruptHandler</name>
         <load_address>0x1524</load_address>
         <run_address>0x1524</run_address>
         <size>0x90</size>
         <input_file_ref idref="fl-9"/>
      </object_component>
      <object_component id="oc-119">
         <name>.text:ScheduleNextTransmission</name>
         <load_address>0x15b4</load_address>
         <run_address>0x15b4</run_address>
         <size>0x90</size>
         <input_file_ref idref="fl-152"/>
      </object_component>
      <object_component id="oc-2e7">
         <name>.text:USBDCDCPacketRead</name>
         <load_address>0x1644</load_address>
         <run_address>0x1644</run_address>
         <size>0x90</size>
         <input_file_ref idref="fl-14d"/>
      </object_component>
      <object_component id="oc-3a5">
         <name>.text:RxDataHandler</name>
         <load_address>0x16d4</load_address>
         <run_address>0x16d4</run_address>
         <size>0x8c</size>
         <input_file_ref idref="fl-9"/>
      </object_component>
      <object_component id="oc-3f4">
         <name>.text:USBDSetConfiguration</name>
         <load_address>0x1760</load_address>
         <run_address>0x1760</run_address>
         <size>0x8c</size>
         <input_file_ref idref="fl-14a"/>
      </object_component>
      <object_component id="oc-4d5">
         <name>.text:USBDeviceConfigAlternate</name>
         <load_address>0x17ec</load_address>
         <run_address>0x17ec</run_address>
         <size>0x8c</size>
         <input_file_ref idref="fl-14b"/>
      </object_component>
      <object_component id="oc-2bf">
         <name>.text:GetLineCoding</name>
         <load_address>0x1878</load_address>
         <run_address>0x1878</run_address>
         <size>0x88</size>
         <input_file_ref idref="fl-4"/>
      </object_component>
      <object_component id="oc-648">
         <name>.text:uDMAChannelTransferSet</name>
         <load_address>0x1900</load_address>
         <run_address>0x1900</run_address>
         <size>0x80</size>
         <input_file_ref idref="fl-157"/>
      </object_component>
      <object_component id="oc-3d6">
         <name>.text:USBDClearFeature</name>
         <load_address>0x1980</load_address>
         <run_address>0x1980</run_address>
         <size>0x78</size>
         <input_file_ref idref="fl-14a"/>
      </object_component>
      <object_component id="oc-513">
         <name>.text:HandleDevice</name>
         <load_address>0x19f8</load_address>
         <run_address>0x19f8</run_address>
         <size>0x76</size>
         <input_file_ref idref="fl-14d"/>
      </object_component>
      <object_component id="oc-5aa">
         <name>.text:USBDevEndpointConfigSet</name>
         <load_address>0x1a6e</load_address>
         <run_address>0x1a6e</run_address>
         <size>0x72</size>
         <input_file_ref idref="fl-156"/>
      </object_component>
      <object_component id="oc-537">
         <name>.text:uDMAUSBArbSizeSet</name>
         <load_address>0x1ae0</load_address>
         <run_address>0x1ae0</run_address>
         <size>0x72</size>
         <input_file_ref idref="fl-150"/>
      </object_component>
      <object_component id="oc-2c4">
         <name>.text:SetLineCoding</name>
         <load_address>0x1b52</load_address>
         <run_address>0x1b52</run_address>
         <size>0x2</size>
         <input_file_ref idref="fl-4"/>
      </object_component>
      <object_component id="oc-23c">
         <name>.text:USBDEP0StateTx</name>
         <load_address>0x1b54</load_address>
         <run_address>0x1b54</run_address>
         <size>0x70</size>
         <input_file_ref idref="fl-14a"/>
      </object_component>
      <object_component id="oc-3d1">
         <name>.text:USBDGetStatus</name>
         <load_address>0x1bc4</load_address>
         <run_address>0x1bc4</run_address>
         <size>0x70</size>
         <input_file_ref idref="fl-14a"/>
      </object_component>
      <object_component id="oc-578">
         <name>.text:uDMAUSBUnitSizeSet</name>
         <load_address>0x1c34</load_address>
         <run_address>0x1c34</run_address>
         <size>0x70</size>
         <input_file_ref idref="fl-150"/>
      </object_component>
      <object_component id="oc-5f1">
         <name>.text:ProcessDataFromHost</name>
         <load_address>0x1ca4</load_address>
         <run_address>0x1ca4</run_address>
         <size>0x6e</size>
         <input_file_ref idref="fl-14d"/>
      </object_component>
      <object_component id="oc-550">
         <name>.text:uDMAUSBChannelIntDisable</name>
         <load_address>0x1d12</load_address>
         <run_address>0x1d12</run_address>
         <size>0x2</size>
         <input_file_ref idref="fl-150"/>
      </object_component>
      <object_component id="oc-626">
         <name>.text:IntDisable</name>
         <load_address>0x1d14</load_address>
         <run_address>0x1d14</run_address>
         <size>0x68</size>
         <input_file_ref idref="fl-146"/>
      </object_component>
      <object_component id="oc-28e">
         <name>.text:IntEnable</name>
         <load_address>0x1d7c</load_address>
         <run_address>0x1d7c</run_address>
         <size>0x68</size>
         <input_file_ref idref="fl-146"/>
      </object_component>
      <object_component id="oc-179">
         <name>.text:ConfigureUART</name>
         <load_address>0x1de4</load_address>
         <run_address>0x1de4</run_address>
         <size>0x64</size>
         <input_file_ref idref="fl-9"/>
      </object_component>
      <object_component id="oc-621">
         <name>.text:IntIsEnabled</name>
         <load_address>0x1e48</load_address>
         <run_address>0x1e48</run_address>
         <size>0x64</size>
         <input_file_ref idref="fl-146"/>
      </object_component>
      <object_component id="oc-a5">
         <name>.text:RFReadRecieveBuffer</name>
         <load_address>0x1eac</load_address>
         <run_address>0x1eac</run_address>
         <size>0x64</size>
         <input_file_ref idref="fl-8"/>
      </object_component>
      <object_component id="oc-3db">
         <name>.text:USBDSetFeature</name>
         <load_address>0x1f10</load_address>
         <run_address>0x1f10</run_address>
         <size>0x64</size>
         <input_file_ref idref="fl-14a"/>
      </object_component>
      <object_component id="oc-17e">
         <name>.text:USBInit</name>
         <load_address>0x1f74</load_address>
         <run_address>0x1f74</run_address>
         <size>0x64</size>
         <input_file_ref idref="fl-4"/>
      </object_component>
      <object_component id="oc-546">
         <name>.text:uDMAUSBChannelEnable</name>
         <load_address>0x1fd8</load_address>
         <run_address>0x1fd8</run_address>
         <size>0x64</size>
         <input_file_ref idref="fl-150"/>
      </object_component>
      <object_component id="oc-261">
         <name>.text:UARTStdioConfig</name>
         <load_address>0x203c</load_address>
         <run_address>0x203c</run_address>
         <size>0x60</size>
         <input_file_ref idref="fl-3"/>
      </object_component>
      <object_component id="oc-1ef">
         <name>.text:USBBufferEventCallback</name>
         <load_address>0x209c</load_address>
         <run_address>0x209c</run_address>
         <size>0x60</size>
         <input_file_ref idref="fl-152"/>
      </object_component>
      <object_component id="oc-232">
         <name>.text:USBDReadAndDispatchRequest</name>
         <load_address>0x20fc</load_address>
         <run_address>0x20fc</run_address>
         <size>0x60</size>
         <input_file_ref idref="fl-14a"/>
      </object_component>
      <object_component id="oc-21e">
         <name>.text:USBDevEndpointStatusClear</name>
         <load_address>0x215c</load_address>
         <run_address>0x215c</run_address>
         <size>0x5e</size>
         <input_file_ref idref="fl-156"/>
      </object_component>
      <object_component id="oc-68">
         <name>.text</name>
         <load_address>0x21ba</load_address>
         <run_address>0x21ba</run_address>
         <size>0x5e</size>
         <input_file_ref idref="fl-13a"/>
      </object_component>
      <object_component id="oc-5f6">
         <name>.text:ProcessDataToHost</name>
         <load_address>0x2218</load_address>
         <run_address>0x2218</run_address>
         <size>0x5c</size>
         <input_file_ref idref="fl-14d"/>
      </object_component>
      <object_component id="oc-4bc">
         <name>.text:USBDStringIndexFromRequest</name>
         <load_address>0x2274</load_address>
         <run_address>0x2274</run_address>
         <size>0x5c</size>
         <input_file_ref idref="fl-14a"/>
      </object_component>
      <object_component id="oc-13e">
         <name>.text:USBDCDCPacketWrite</name>
         <load_address>0x22d0</load_address>
         <run_address>0x22d0</run_address>
         <size>0x56</size>
         <input_file_ref idref="fl-14d"/>
      </object_component>
      <object_component id="oc-49d">
         <name>.text:RFWriteSendBuffer</name>
         <load_address>0x2326</load_address>
         <run_address>0x2326</run_address>
         <size>0x54</size>
         <input_file_ref idref="fl-8"/>
      </object_component>
      <object_component id="oc-555">
         <name>.text:uDMAUSBChannelRelease</name>
         <load_address>0x237a</load_address>
         <run_address>0x237a</run_address>
         <size>0x54</size>
         <input_file_ref idref="fl-150"/>
      </object_component>
      <object_component id="oc-54b">
         <name>.text:uDMAUSBChannelIntEnable</name>
         <load_address>0x23ce</load_address>
         <run_address>0x23ce</run_address>
         <size>0x2</size>
         <input_file_ref idref="fl-150"/>
      </object_component>
      <object_component id="oc-43e">
         <name>.text:SysCtlPeripheralReset</name>
         <load_address>0x23d0</load_address>
         <run_address>0x23d0</run_address>
         <size>0x50</size>
         <input_file_ref idref="fl-158"/>
      </object_component>
      <object_component id="oc-59b">
         <name>.text:USBDCDConfigDescGet</name>
         <load_address>0x2420</load_address>
         <run_address>0x2420</run_address>
         <size>0x50</size>
         <input_file_ref idref="fl-14c"/>
      </object_component>
      <object_component id="oc-155">
         <name>.text:USBDeviceResumeTickHandler</name>
         <load_address>0x2470</load_address>
         <run_address>0x2470</run_address>
         <size>0x50</size>
         <input_file_ref idref="fl-14a"/>
      </object_component>
      <object_component id="oc-4b4">
         <name>.text:USBDevEndpointStallClear</name>
         <load_address>0x24c0</load_address>
         <run_address>0x24c0</run_address>
         <size>0x4e</size>
         <input_file_ref idref="fl-156"/>
      </object_component>
      <object_component id="oc-5c1">
         <name>.text:ConfigAlternateInterfaceGet</name>
         <load_address>0x250e</load_address>
         <run_address>0x250e</run_address>
         <size>0x4c</size>
         <input_file_ref idref="fl-14c"/>
      </object_component>
      <object_component id="oc-5a5">
         <name>.text:GetEPDescriptorType</name>
         <load_address>0x255a</load_address>
         <run_address>0x255a</run_address>
         <size>0x4c</size>
         <input_file_ref idref="fl-14b"/>
      </object_component>
      <object_component id="oc-50e">
         <name>.text:HandleEndpoints</name>
         <load_address>0x25a6</load_address>
         <run_address>0x25a6</run_address>
         <size>0x4c</size>
         <input_file_ref idref="fl-14d"/>
      </object_component>
      <object_component id="oc-271">
         <name>.text:USBDCDCInit</name>
         <load_address>0x25f4</load_address>
         <run_address>0x25f4</run_address>
         <size>0x4c</size>
         <input_file_ref idref="fl-14d"/>
      </object_component>
      <object_component id="oc-652">
         <name>.text:USBEndpointDMAConfigSet</name>
         <load_address>0x2640</load_address>
         <run_address>0x2640</run_address>
         <size>0x4c</size>
         <input_file_ref idref="fl-156"/>
      </object_component>
      <object_component id="oc-541">
         <name>.text:uDMAUSBChannelDisable</name>
         <load_address>0x268c</load_address>
         <run_address>0x268c</run_address>
         <size>0x4a</size>
         <input_file_ref idref="fl-150"/>
      </object_component>
      <object_component id="oc-364">
         <name>.text:GPIOPinConfigure</name>
         <load_address>0x26d8</load_address>
         <run_address>0x26d8</run_address>
         <size>0x48</size>
         <input_file_ref idref="fl-147"/>
      </object_component>
      <object_component id="oc-1ad">
         <name>.text:UARTwrite</name>
         <load_address>0x2720</load_address>
         <run_address>0x2720</run_address>
         <size>0x48</size>
         <input_file_ref idref="fl-3"/>
      </object_component>
      <object_component id="oc-10">
         <name>.text</name>
         <load_address>0x2768</load_address>
         <run_address>0x2768</run_address>
         <size>0x48</size>
         <input_file_ref idref="fl-138"/>
      </object_component>
      <object_component id="oc-610">
         <name>.text:uDMAChannelAttributeDisable</name>
         <load_address>0x27b0</load_address>
         <run_address>0x27b0</run_address>
         <size>0x48</size>
         <input_file_ref idref="fl-157"/>
      </object_component>
      <object_component id="oc-4fa">
         <name>.text:HandleEP0Data</name>
         <load_address>0x27f8</load_address>
         <run_address>0x27f8</run_address>
         <size>0x46</size>
         <input_file_ref idref="fl-14d"/>
      </object_component>
      <object_component id="oc-150">
         <name>.text:USBDeviceEnumResetHandler</name>
         <load_address>0x2840</load_address>
         <run_address>0x2840</run_address>
         <size>0x44</size>
         <input_file_ref idref="fl-14a"/>
      </object_component>
      <object_component id="oc-228">
         <name>.text:USBEndpointDataGet</name>
         <load_address>0x2884</load_address>
         <run_address>0x2884</run_address>
         <size>0x44</size>
         <input_file_ref idref="fl-156"/>
      </object_component>
      <object_component id="oc-d0">
         <name>.text</name>
         <load_address>0x28c8</load_address>
         <run_address>0x28c8</run_address>
         <size>0x44</size>
         <input_file_ref idref="fl-143"/>
      </object_component>
      <object_component id="oc-4e">
         <name>.text</name>
         <load_address>0x290c</load_address>
         <run_address>0x290c</run_address>
         <size>0x44</size>
         <input_file_ref idref="fl-13c"/>
      </object_component>
      <object_component id="oc-1b2">
         <name>.text</name>
         <load_address>0x2950</load_address>
         <run_address>0x2950</run_address>
         <size>0x42</size>
         <input_file_ref idref="fl-13f"/>
      </object_component>
      <object_component id="oc-3f9">
         <name>.text:USBDGetInterface</name>
         <load_address>0x2994</load_address>
         <run_address>0x2994</run_address>
         <size>0x40</size>
         <input_file_ref idref="fl-14a"/>
      </object_component>
      <object_component id="oc-5a0">
         <name>.text:USBDCDConfigGetInterfaceEndpoint</name>
         <load_address>0x29d4</load_address>
         <run_address>0x29d4</run_address>
         <size>0x3a</size>
         <input_file_ref idref="fl-14c"/>
      </object_component>
      <object_component id="oc-5b4">
         <name>.text:USBFIFOConfigSet</name>
         <load_address>0x2a0e</load_address>
         <run_address>0x2a0e</run_address>
         <size>0x3a</size>
         <input_file_ref idref="fl-156"/>
      </object_component>
      <object_component id="oc-be">
         <name>.text:USBIntStatusControl</name>
         <load_address>0x2a48</load_address>
         <run_address>0x2a48</run_address>
         <size>0x38</size>
         <input_file_ref idref="fl-156"/>
      </object_component>
      <object_component id="oc-51a">
         <name>.text:SendBreak</name>
         <load_address>0x2a80</load_address>
         <run_address>0x2a80</run_address>
         <size>0x36</size>
         <input_file_ref idref="fl-14d"/>
      </object_component>
      <object_component id="oc-39f">
         <name>.text:USBRingBufAdvanceWrite</name>
         <load_address>0x2ab6</load_address>
         <run_address>0x2ab6</run_address>
         <size>0x36</size>
         <input_file_ref idref="fl-155"/>
      </object_component>
      <object_component id="oc-289">
         <name>.text:IntRegister</name>
         <load_address>0x2aec</load_address>
         <run_address>0x2aec</run_address>
         <size>0x34</size>
         <input_file_ref idref="fl-146"/>
      </object_component>
      <object_component id="oc-15a">
         <name>.text:InternalUSBStartOfFrameTick</name>
         <load_address>0x2b20</load_address>
         <run_address>0x2b20</run_address>
         <size>0x34</size>
         <input_file_ref idref="fl-14e"/>
      </object_component>
      <object_component id="oc-443">
         <name>.text:SysCtlPeripheralEnable</name>
         <load_address>0x2b54</load_address>
         <run_address>0x2b54</run_address>
         <size>0x34</size>
         <input_file_ref idref="fl-158"/>
      </object_component>
      <object_component id="oc-4f5">
         <name>.text:HandleConfigChange</name>
         <load_address>0x2b88</load_address>
         <run_address>0x2b88</run_address>
         <size>0x32</size>
         <input_file_ref idref="fl-14d"/>
      </object_component>
      <object_component id="oc-667">
         <name>.text:NextConfigDescGet</name>
         <load_address>0x2bba</load_address>
         <run_address>0x2bba</run_address>
         <size>0x32</size>
         <input_file_ref idref="fl-14c"/>
      </object_component>
      <object_component id="oc-5ec">
         <name>.text:ProcessNotificationToHost</name>
         <load_address>0x2bec</load_address>
         <run_address>0x2bec</run_address>
         <size>0x32</size>
         <input_file_ref idref="fl-14d"/>
      </object_component>
      <object_component id="oc-3c9">
         <name>.text:USBDevEndpointStall</name>
         <load_address>0x2c1e</load_address>
         <run_address>0x2c1e</run_address>
         <size>0x32</size>
         <input_file_ref idref="fl-156"/>
      </object_component>
      <object_component id="oc-55f">
         <name>.text:DMAUSBIntHandler</name>
         <load_address>0x2c50</load_address>
         <run_address>0x2c50</run_address>
         <size>0x30</size>
         <input_file_ref idref="fl-150"/>
      </object_component>
      <object_component id="oc-42c">
         <name>.text:InternalUSBTickInit</name>
         <load_address>0x2c80</load_address>
         <run_address>0x2c80</run_address>
         <size>0x30</size>
         <input_file_ref idref="fl-14e"/>
      </object_component>
      <object_component id="oc-2e2">
         <name>.text:RxHandler</name>
         <load_address>0x2cb0</load_address>
         <run_address>0x2cb0</run_address>
         <size>0x30</size>
         <input_file_ref idref="fl-4"/>
      </object_component>
      <object_component id="oc-3ef">
         <name>.text:USBDGetConfiguration</name>
         <load_address>0x2ce0</load_address>
         <run_address>0x2ce0</run_address>
         <size>0x30</size>
         <input_file_ref idref="fl-14a"/>
      </object_component>
      <object_component id="oc-1fa">
         <name>.text:USBEndpointDataPut</name>
         <load_address>0x2d10</load_address>
         <run_address>0x2d10</run_address>
         <size>0x30</size>
         <input_file_ref idref="fl-156"/>
      </object_component>
      <object_component id="oc-2ec">
         <name>.text:USBDCDCRxPacketAvailable</name>
         <load_address>0x2d40</load_address>
         <run_address>0x2d40</run_address>
         <size>0x2e</size>
         <input_file_ref idref="fl-14d"/>
      </object_component>
      <object_component id="oc-1ff">
         <name>.text:USBEndpointDataSend</name>
         <load_address>0x2d6e</load_address>
         <run_address>0x2d6e</run_address>
         <size>0x2e</size>
         <input_file_ref idref="fl-156"/>
      </object_component>
      <object_component id="oc-aa">
         <name>.text:USBBufferWrite</name>
         <load_address>0x2d9c</load_address>
         <run_address>0x2d9c</run_address>
         <size>0x2c</size>
         <input_file_ref idref="fl-152"/>
      </object_component>
      <object_component id="oc-661">
         <name>.text:USBDescGet</name>
         <load_address>0x2dc8</load_address>
         <run_address>0x2dc8</run_address>
         <size>0x2c</size>
         <input_file_ref idref="fl-151"/>
      </object_component>
      <object_component id="oc-564">
         <name>.text:uDMAUSBIntStatus</name>
         <load_address>0x2df4</load_address>
         <run_address>0x2df4</run_address>
         <size>0x2c</size>
         <input_file_ref idref="fl-150"/>
      </object_component>
      <object_component id="oc-4cb">
         <name>.text:USBDCDConfigDescGetNum</name>
         <load_address>0x2e20</load_address>
         <run_address>0x2e20</run_address>
         <size>0x2a</size>
         <input_file_ref idref="fl-14c"/>
      </object_component>
      <object_component id="oc-431">
         <name>.text:InternalUSBRegisterTickHandler</name>
         <load_address>0x2e4c</load_address>
         <run_address>0x2e4c</run_address>
         <size>0x28</size>
         <input_file_ref idref="fl-14e"/>
      </object_component>
      <object_component id="oc-9b">
         <name>.text:RFWriteRegister</name>
         <load_address>0x2e74</load_address>
         <run_address>0x2e74</run_address>
         <size>0x28</size>
         <input_file_ref idref="fl-8"/>
      </object_component>
      <object_component id="oc-5bb">
         <name>.text:USBDescGetNum</name>
         <load_address>0x2e9c</load_address>
         <run_address>0x2e9c</run_address>
         <size>0x28</size>
         <input_file_ref idref="fl-151"/>
      </object_component>
      <object_component id="oc-45c">
         <name>.text:USBIntEnableControl</name>
         <load_address>0x2ec4</load_address>
         <run_address>0x2ec4</run_address>
         <size>0x28</size>
         <input_file_ref idref="fl-156"/>
      </object_component>
      <object_component id="oc-2ac">
         <name>.text:UpdateIndexAtomic</name>
         <load_address>0x2eec</load_address>
         <run_address>0x2eec</run_address>
         <size>0x28</size>
         <input_file_ref idref="fl-155"/>
      </object_component>
      <object_component id="oc-63b">
         <name>.text:uDMAChannelModeGet</name>
         <load_address>0x2f14</load_address>
         <run_address>0x2f14</run_address>
         <size>0x28</size>
         <input_file_ref idref="fl-157"/>
      </object_component>
      <object_component id="oc-82">
         <name>.text:RFReadRegister</name>
         <load_address>0x2f3c</load_address>
         <run_address>0x2f3c</run_address>
         <size>0x26</size>
         <input_file_ref idref="fl-8"/>
      </object_component>
      <object_component id="oc-2d7">
         <name>.text:HandleRequestBuffer</name>
         <load_address>0x2f62</load_address>
         <run_address>0x2f62</run_address>
         <size>0x24</size>
         <input_file_ref idref="fl-152"/>
      </object_component>
      <object_component id="oc-498">
         <name>.text:USBBufferRead</name>
         <load_address>0x2f86</load_address>
         <run_address>0x2f86</run_address>
         <size>0x24</size>
         <input_file_ref idref="fl-152"/>
      </object_component>
      <object_component id="oc-427">
         <name>.text:USBDCDDeviceInfoInit</name>
         <load_address>0x2fac</load_address>
         <run_address>0x2fac</run_address>
         <size>0x24</size>
         <input_file_ref idref="fl-14a"/>
      </object_component>
      <object_component id="oc-3e0">
         <name>.text:USBDSetAddress</name>
         <load_address>0x2fd0</load_address>
         <run_address>0x2fd0</run_address>
         <size>0x24</size>
         <input_file_ref idref="fl-14a"/>
      </object_component>
      <object_component id="oc-22d">
         <name>.text:USBDevEndpointDataAck</name>
         <load_address>0x2ff4</load_address>
         <run_address>0x2ff4</run_address>
         <size>0x24</size>
         <input_file_ref idref="fl-156"/>
      </object_component>
      <object_component id="oc-615">
         <name>.text:USBEndpointDMADisable</name>
         <load_address>0x3018</load_address>
         <run_address>0x3018</run_address>
         <size>0x24</size>
         <input_file_ref idref="fl-156"/>
      </object_component>
      <object_component id="oc-62b">
         <name>.text:USBEndpointDMAEnable</name>
         <load_address>0x303c</load_address>
         <run_address>0x303c</run_address>
         <size>0x24</size>
         <input_file_ref idref="fl-156"/>
      </object_component>
      <object_component id="oc-605">
         <name>.text:uDMAChannelControlSet</name>
         <load_address>0x3060</load_address>
         <run_address>0x3060</run_address>
         <size>0x24</size>
         <input_file_ref idref="fl-157"/>
      </object_component>
      <object_component id="oc-509">
         <name>.text:HandleDisconnect</name>
         <load_address>0x3084</load_address>
         <run_address>0x3084</run_address>
         <size>0x22</size>
         <input_file_ref idref="fl-14d"/>
      </object_component>
      <object_component id="oc-529">
         <name>.text:SendLineCodingChange</name>
         <load_address>0x30a6</load_address>
         <run_address>0x30a6</run_address>
         <size>0x22</size>
         <input_file_ref idref="fl-14d"/>
      </object_component>
      <object_component id="oc-524">
         <name>.text:SendLineStateChange</name>
         <load_address>0x30c8</load_address>
         <run_address>0x30c8</run_address>
         <size>0x22</size>
         <input_file_ref idref="fl-14d"/>
      </object_component>
      <object_component id="oc-55a">
         <name>.text:uDMAUSBChannelStatus</name>
         <load_address>0x30ea</load_address>
         <run_address>0x30ea</run_address>
         <size>0x22</size>
         <input_file_ref idref="fl-150"/>
      </object_component>
      <object_component id="oc-5af">
         <name>.text:GetEndpointFIFOSize</name>
         <load_address>0x310c</load_address>
         <run_address>0x310c</run_address>
         <size>0x20</size>
         <input_file_ref idref="fl-14b"/>
      </object_component>
      <object_component id="oc-91">
         <name>.text:SPIDataRead</name>
         <load_address>0x312c</load_address>
         <run_address>0x312c</run_address>
         <size>0x20</size>
         <input_file_ref idref="fl-7"/>
      </object_component>
      <object_component id="oc-26c">
         <name>.text:USBStackModeSet</name>
         <load_address>0x314c</load_address>
         <run_address>0x314c</run_address>
         <size>0x20</size>
         <input_file_ref idref="fl-14f"/>
      </object_component>
      <object_component id="oc-5cd">
         <name>.text:CheckAndSendBreak</name>
         <load_address>0x316c</load_address>
         <run_address>0x316c</run_address>
         <size>0x1e</size>
         <input_file_ref idref="fl-14d"/>
      </object_component>
      <object_component id="oc-2cd">
         <name>.text:HandleDataRemaining</name>
         <load_address>0x318a</load_address>
         <run_address>0x318a</run_address>
         <size>0x1e</size>
         <input_file_ref idref="fl-152"/>
      </object_component>
      <object_component id="oc-393">
         <name>.text:USBRingBufAdvanceRead</name>
         <load_address>0x31a8</load_address>
         <run_address>0x31a8</run_address>
         <size>0x1e</size>
         <input_file_ref idref="fl-155"/>
      </object_component>
      <object_component id="oc-8c">
         <name>.text:SPIDataWrite</name>
         <load_address>0x31c8</load_address>
         <run_address>0x31c8</run_address>
         <size>0x1c</size>
         <input_file_ref idref="fl-7"/>
      </object_component>
      <object_component id="oc-af">
         <name>.text:SPISetCEHigh</name>
         <load_address>0x31e4</load_address>
         <run_address>0x31e4</run_address>
         <size>0x1c</size>
         <input_file_ref idref="fl-7"/>
      </object_component>
      <object_component id="oc-7d">
         <name>.text:SPISetCELow</name>
         <load_address>0x3200</load_address>
         <run_address>0x3200</run_address>
         <size>0x1c</size>
         <input_file_ref idref="fl-7"/>
      </object_component>
      <object_component id="oc-96">
         <name>.text:SPISetCSNHigh</name>
         <load_address>0x321c</load_address>
         <run_address>0x321c</run_address>
         <size>0x1c</size>
         <input_file_ref idref="fl-7"/>
      </object_component>
      <object_component id="oc-87">
         <name>.text:SPISetCSNLow</name>
         <load_address>0x3238</load_address>
         <run_address>0x3238</run_address>
         <size>0x1c</size>
         <input_file_ref idref="fl-7"/>
      </object_component>
      <object_component id="oc-3ab">
         <name>.text:SetDeferredOpFlag</name>
         <load_address>0x3254</load_address>
         <run_address>0x3254</run_address>
         <size>0x1c</size>
         <input_file_ref idref="fl-14d"/>
      </object_component>
      <object_component id="oc-4d0">
         <name>.text:USBDCDConfigGetInterface</name>
         <load_address>0x3270</load_address>
         <run_address>0x3270</run_address>
         <size>0x1c</size>
         <input_file_ref idref="fl-14c"/>
      </object_component>
      <object_component id="oc-329">
         <name>.text:USBDCDStallEP0</name>
         <load_address>0x328c</load_address>
         <run_address>0x328c</run_address>
         <size>0x1c</size>
         <input_file_ref idref="fl-14a"/>
      </object_component>
      <object_component id="oc-3b0">
         <name>.text:USBEndpointDataAvail</name>
         <load_address>0x32a8</load_address>
         <run_address>0x32a8</run_address>
         <size>0x1c</size>
         <input_file_ref idref="fl-156"/>
      </object_component>
      <object_component id="oc-399">
         <name>.text:USBRingBufContigFree</name>
         <load_address>0x32c4</load_address>
         <run_address>0x32c4</run_address>
         <size>0x1c</size>
         <input_file_ref idref="fl-155"/>
      </object_component>
      <object_component id="oc-284">
         <name>.text:_GPIOIntNumberGet</name>
         <load_address>0x32e0</load_address>
         <run_address>0x32e0</run_address>
         <size>0x1c</size>
         <input_file_ref idref="fl-147"/>
      </object_component>
      <object_component id="oc-51f">
         <name>.text:DeviceConsumedAllData</name>
         <load_address>0x32fc</load_address>
         <run_address>0x32fc</run_address>
         <size>0x1a</size>
         <input_file_ref idref="fl-14d"/>
      </object_component>
      <object_component id="oc-a0">
         <name>.text:UARTprintf</name>
         <load_address>0x3316</load_address>
         <run_address>0x3316</run_address>
         <size>0x1a</size>
         <input_file_ref idref="fl-3"/>
      </object_component>
      <object_component id="oc-60b">
         <name>.text:USBEndpointDMAChannel</name>
         <load_address>0x3330</load_address>
         <run_address>0x3330</run_address>
         <size>0x1a</size>
         <input_file_ref idref="fl-156"/>
      </object_component>
      <object_component id="oc-58d">
         <name>.text:USBRingBufRead</name>
         <load_address>0x334a</load_address>
         <run_address>0x334a</run_address>
         <size>0x1a</size>
         <input_file_ref idref="fl-155"/>
      </object_component>
      <object_component id="oc-65b">
         <name>.text:USBRingBufReadOne</name>
         <load_address>0x3364</load_address>
         <run_address>0x3364</run_address>
         <size>0x1a</size>
         <input_file_ref idref="fl-155"/>
      </object_component>
      <object_component id="oc-114">
         <name>.text:USBRingBufWrite</name>
         <load_address>0x337e</load_address>
         <run_address>0x337e</run_address>
         <size>0x1a</size>
         <input_file_ref idref="fl-155"/>
      </object_component>
      <object_component id="oc-188">
         <name>.text:GPIOIntRegister</name>
         <load_address>0x3398</load_address>
         <run_address>0x3398</run_address>
         <size>0x18</size>
         <input_file_ref idref="fl-147"/>
      </object_component>
      <object_component id="oc-3d">
         <name>.text:USB0DeviceIntHandler</name>
         <load_address>0x33b0</load_address>
         <run_address>0x33b0</run_address>
         <size>0x18</size>
         <input_file_ref idref="fl-149"/>
      </object_component>
      <object_component id="oc-333">
         <name>.text:USBDCDConfigDescGetSize</name>
         <load_address>0x33c8</load_address>
         <run_address>0x33c8</run_address>
         <size>0x18</size>
         <input_file_ref idref="fl-14c"/>
      </object_component>
      <object_component id="oc-3ea">
         <name>.text:USBDSetDescriptor</name>
         <load_address>0x33e0</load_address>
         <run_address>0x33e0</run_address>
         <size>0x18</size>
         <input_file_ref idref="fl-14a"/>
      </object_component>
      <object_component id="oc-403">
         <name>.text:USBDSyncFrame</name>
         <load_address>0x33f8</load_address>
         <run_address>0x33f8</run_address>
         <size>0x18</size>
         <input_file_ref idref="fl-14a"/>
      </object_component>
      <object_component id="oc-49">
         <name>.text</name>
         <load_address>0x3410</load_address>
         <run_address>0x3410</run_address>
         <size>0x18</size>
         <input_file_ref idref="fl-141"/>
      </object_component>
      <object_component id="oc-61b">
         <name>.text:uDMAChannelDisable</name>
         <load_address>0x3428</load_address>
         <run_address>0x3428</run_address>
         <size>0x18</size>
         <input_file_ref idref="fl-157"/>
      </object_component>
      <object_component id="oc-630">
         <name>.text:uDMAChannelEnable</name>
         <load_address>0x3440</load_address>
         <run_address>0x3440</run_address>
         <size>0x18</size>
         <input_file_ref idref="fl-157"/>
      </object_component>
      <object_component id="oc-5e3">
         <name>.text:CheckAndSendLineCodingChange</name>
         <load_address>0x3458</load_address>
         <run_address>0x3458</run_address>
         <size>0x16</size>
         <input_file_ref idref="fl-14d"/>
      </object_component>
      <object_component id="oc-5d2">
         <name>.text:CheckAndSendLineStateChange</name>
         <load_address>0x346e</load_address>
         <run_address>0x346e</run_address>
         <size>0x16</size>
         <input_file_ref idref="fl-14d"/>
      </object_component>
      <object_component id="oc-267">
         <name>.text:USBBufferInit</name>
         <load_address>0x3484</load_address>
         <run_address>0x3484</run_address>
         <size>0x16</size>
         <input_file_ref idref="fl-152"/>
      </object_component>
      <object_component id="oc-1ba">
         <name>.text:USBRingBufUsed</name>
         <load_address>0x349a</load_address>
         <run_address>0x349a</run_address>
         <size>0x16</size>
         <input_file_ref idref="fl-155"/>
      </object_component>
      <object_component id="oc-27e">
         <name>.text:SPIRXFlush</name>
         <load_address>0x34b0</load_address>
         <run_address>0x34b0</run_address>
         <size>0x14</size>
         <input_file_ref idref="fl-7"/>
      </object_component>
      <object_component id="oc-5dc">
         <name>.text:USBDCDRequestDataEP0</name>
         <load_address>0x34c4</load_address>
         <run_address>0x34c4</run_address>
         <size>0x14</size>
         <input_file_ref idref="fl-14a"/>
      </object_component>
      <object_component id="oc-20e">
         <name>.text:USBHostResume</name>
         <load_address>0x34d8</load_address>
         <run_address>0x34d8</run_address>
         <size>0x14</size>
         <input_file_ref idref="fl-156"/>
      </object_component>
      <object_component id="oc-461">
         <name>.text:USBIntEnableEndpoint</name>
         <load_address>0x34ec</load_address>
         <run_address>0x34ec</run_address>
         <size>0x14</size>
         <input_file_ref idref="fl-156"/>
      </object_component>
      <object_component id="oc-38a">
         <name>.text:USBRingBufFlush</name>
         <load_address>0x3500</load_address>
         <run_address>0x3500</run_address>
         <size>0x14</size>
         <input_file_ref idref="fl-155"/>
      </object_component>
      <object_component id="oc-670">
         <name>.text:_USBIndexWrite</name>
         <load_address>0x3514</load_address>
         <run_address>0x3514</run_address>
         <size>0x14</size>
         <input_file_ref idref="fl-156"/>
      </object_component>
      <object_component id="oc-19b">
         <name>.text</name>
         <load_address>0x3528</load_address>
         <run_address>0x3528</run_address>
         <size>0x14</size>
         <input_file_ref idref="fl-140"/>
      </object_component>
      <object_component id="oc-504">
         <name>.text:HandleResume</name>
         <load_address>0x353c</load_address>
         <run_address>0x353c</run_address>
         <size>0x12</size>
         <input_file_ref idref="fl-14d"/>
      </object_component>
      <object_component id="oc-4ff">
         <name>.text:HandleSuspend</name>
         <load_address>0x354e</load_address>
         <run_address>0x354e</run_address>
         <size>0x12</size>
         <input_file_ref idref="fl-14d"/>
      </object_component>
      <object_component id="oc-2d2">
         <name>.text:HandleTxComplete</name>
         <load_address>0x3560</load_address>
         <run_address>0x3560</run_address>
         <size>0x12</size>
         <input_file_ref idref="fl-152"/>
      </object_component>
      <object_component id="oc-369">
         <name>.text:SSIDataGetNonBlocking</name>
         <load_address>0x3572</load_address>
         <run_address>0x3572</run_address>
         <size>0x12</size>
         <input_file_ref idref="fl-145"/>
      </object_component>
      <object_component id="oc-10f">
         <name>.text:USBRingBufFree</name>
         <load_address>0x3584</load_address>
         <run_address>0x3584</run_address>
         <size>0x12</size>
         <input_file_ref idref="fl-155"/>
      </object_component>
      <object_component id="oc-1c1">
         <name>.text:USBRingBufWriteOne</name>
         <load_address>0x3596</load_address>
         <run_address>0x3596</run_address>
         <size>0x12</size>
         <input_file_ref idref="fl-155"/>
      </object_component>
      <object_component id="oc-19">
         <name>.text:decompress:ZI</name>
         <load_address>0x35a8</load_address>
         <run_address>0x35a8</run_address>
         <size>0x12</size>
         <input_file_ref idref="fl-13b"/>
      </object_component>
      <object_component id="oc-37f">
         <name>.text:IntMasterDisable</name>
         <load_address>0x35ba</load_address>
         <run_address>0x35ba</run_address>
         <size>0x10</size>
         <input_file_ref idref="fl-146"/>
      </object_component>
      <object_component id="oc-384">
         <name>.text:IntMasterEnable</name>
         <load_address>0x35ca</load_address>
         <run_address>0x35ca</run_address>
         <size>0x10</size>
         <input_file_ref idref="fl-146"/>
      </object_component>
      <object_component id="oc-448">
         <name>.text:SysCtlUSBPLLEnable</name>
         <load_address>0x35dc</load_address>
         <run_address>0x35dc</run_address>
         <size>0x10</size>
         <input_file_ref idref="fl-158"/>
      </object_component>
      <object_component id="oc-5d7">
         <name>.text:USBDCDSendDataEP0</name>
         <load_address>0x35ec</load_address>
         <run_address>0x35ec</run_address>
         <size>0x10</size>
         <input_file_ref idref="fl-14a"/>
      </object_component>
      <object_component id="oc-219">
         <name>.text:USBEndpointStatus</name>
         <load_address>0x35fc</load_address>
         <run_address>0x35fc</run_address>
         <size>0x10</size>
         <input_file_ref idref="fl-156"/>
      </object_component>
      <object_component id="oc-1c7">
         <name>.text:USBRingBufContigUsed</name>
         <load_address>0x360c</load_address>
         <run_address>0x360c</run_address>
         <size>0x10</size>
         <input_file_ref idref="fl-155"/>
      </object_component>
      <object_component id="oc-569">
         <name>.text:DMAUSBIntStatusClear</name>
         <load_address>0x361c</load_address>
         <run_address>0x361c</run_address>
         <size>0xe</size>
         <input_file_ref idref="fl-150"/>
      </object_component>
      <object_component id="oc-143">
         <name>.text:USBDCDCTxPacketAvailable</name>
         <load_address>0x362a</load_address>
         <run_address>0x362a</run_address>
         <size>0xe</size>
         <input_file_ref idref="fl-14d"/>
      </object_component>
      <object_component id="oc-14">
         <name>.text:decompress:none</name>
         <load_address>0x3638</load_address>
         <run_address>0x3638</run_address>
         <size>0xe</size>
         <input_file_ref idref="fl-139"/>
      </object_component>
      <object_component id="oc-483">
         <name>.text:CPUcpsid</name>
         <load_address>0x3646</load_address>
         <run_address>0x3646</run_address>
         <size>0xc</size>
         <input_file_ref idref="fl-148"/>
      </object_component>
      <object_component id="oc-489">
         <name>.text:CPUcpsie</name>
         <load_address>0x3652</load_address>
         <run_address>0x3652</run_address>
         <size>0xc</size>
         <input_file_ref idref="fl-148"/>
      </object_component>
      <object_component id="oc-18d">
         <name>.text:GPIOIntEnable</name>
         <load_address>0x365e</load_address>
         <run_address>0x365e</run_address>
         <size>0xc</size>
         <input_file_ref idref="fl-147"/>
      </object_component>
      <object_component id="oc-64d">
         <name>.text:USBEndpointPacketCountSet</name>
         <load_address>0x366a</load_address>
         <run_address>0x366a</run_address>
         <size>0xc</size>
         <input_file_ref idref="fl-156"/>
      </object_component>
      <object_component id="oc-344">
         <name>.text:USBRingBufInit</name>
         <load_address>0x3676</load_address>
         <run_address>0x3676</run_address>
         <size>0xc</size>
         <input_file_ref idref="fl-155"/>
      </object_component>
      <object_component id="oc-466">
         <name>.text:USBDevConnect</name>
         <load_address>0x3682</load_address>
         <run_address>0x3682</run_address>
         <size>0xa</size>
         <input_file_ref idref="fl-156"/>
      </object_component>
      <object_component id="oc-169">
         <name>.text:USBDevDisconnect</name>
         <load_address>0x368c</load_address>
         <run_address>0x368c</run_address>
         <size>0xa</size>
         <input_file_ref idref="fl-156"/>
      </object_component>
      <object_component id="oc-15f">
         <name>.text:USBIntStatusEndpoint</name>
         <load_address>0x3696</load_address>
         <run_address>0x3696</run_address>
         <size>0xa</size>
         <input_file_ref idref="fl-156"/>
      </object_component>
      <object_component id="oc-452">
         <name>.text:USBDevMode</name>
         <load_address>0x36a0</load_address>
         <run_address>0x36a0</run_address>
         <size>0x8</size>
         <input_file_ref idref="fl-156"/>
      </object_component>
      <object_component id="oc-643">
         <name>.text:USBFIFOAddrGet</name>
         <load_address>0x36a8</load_address>
         <run_address>0x36a8</run_address>
         <size>0x8</size>
         <input_file_ref idref="fl-156"/>
      </object_component>
      <object_component id="oc-44d">
         <name>.text:USBOTGMode</name>
         <load_address>0x36b0</load_address>
         <run_address>0x36b0</run_address>
         <size>0x8</size>
         <input_file_ref idref="fl-156"/>
      </object_component>
      <object_component id="oc-78">
         <name>.text:GPIOIntClear</name>
         <load_address>0x36b8</load_address>
         <run_address>0x36b8</run_address>
         <size>0x6</size>
         <input_file_ref idref="fl-147"/>
      </object_component>
      <object_component id="oc-24">
         <name>.text:ResetISR</name>
         <load_address>0x36be</load_address>
         <run_address>0x36be</run_address>
         <size>0x6</size>
         <input_file_ref idref="fl-6"/>
      </object_component>
      <object_component id="oc-25c">
         <name>.text:UARTClockSourceSet</name>
         <load_address>0x36c4</load_address>
         <run_address>0x36c4</run_address>
         <size>0x6</size>
         <input_file_ref idref="fl-144"/>
      </object_component>
      <object_component id="oc-493">
         <name>.text:USBBufferDataAvailable</name>
         <load_address>0x36ca</load_address>
         <run_address>0x36ca</run_address>
         <size>0x6</size>
         <input_file_ref idref="fl-152"/>
      </object_component>
      <object_component id="oc-2ba">
         <name>.text:USBBufferFlush</name>
         <load_address>0x36d0</load_address>
         <run_address>0x36d0</run_address>
         <size>0x6</size>
         <input_file_ref idref="fl-152"/>
      </object_component>
      <object_component id="oc-1e">
         <name>.text:decompress:rle24</name>
         <load_address>0x36d6</load_address>
         <run_address>0x36d6</run_address>
         <size>0x6</size>
         <input_file_ref idref="fl-13a"/>
      </object_component>
      <object_component id="oc-56e">
         <name>.text:DMAUSBStatus</name>
         <load_address>0x36dc</load_address>
         <run_address>0x36dc</run_address>
         <size>0x4</size>
         <input_file_ref idref="fl-150"/>
      </object_component>
      <object_component id="oc-137">
         <name>.text:TxHandler</name>
         <load_address>0x36e0</load_address>
         <run_address>0x36e0</run_address>
         <size>0x4</size>
         <input_file_ref idref="fl-4"/>
      </object_component>
      <object_component id="oc-223">
         <name>.text:USBDevAddrSet</name>
         <load_address>0x36e4</load_address>
         <run_address>0x36e4</run_address>
         <size>0x4</size>
         <input_file_ref idref="fl-156"/>
      </object_component>
      <object_component id="oc-370">
         <name>.const:g_ppui32GPIOIntMapBlizzard</name>
         <load_address>0x36e8</load_address>
         <run_address>0x36e8</run_address>
         <size>0xc0</size>
         <input_file_ref idref="fl-147"/>
      </object_component>
      <object_component id="oc-474">
         <name>.const:g_pui32GPIOBaseAddrs</name>
         <load_address>0x37a8</load_address>
         <run_address>0x37a8</run_address>
         <size>0x78</size>
         <input_file_ref idref="fl-147"/>
      </object_component>
      <object_component id="oc-377">
         <name>.const</name>
         <load_address>0x3820</load_address>
         <run_address>0x3820</run_address>
         <size>0x70</size>
         <input_file_ref idref="fl-146"/>
      </object_component>
      <object_component id="oc-361">
         <name>.const</name>
         <load_address>0x3890</load_address>
         <run_address>0x3890</run_address>
         <size>0x38</size>
         <input_file_ref idref="fl-14d"/>
      </object_component>
      <object_component id="oc-2fe">
         <name>.const:.string:g_pui8ConfigString</name>
         <load_address>0x38c8</load_address>
         <run_address>0x38c8</run_address>
         <size>0x36</size>
         <input_file_ref idref="fl-5"/>
      </object_component>
      <object_component id="oc-330">
         <name>.const:g_psUSBDStdRequests</name>
         <load_address>0x3900</load_address>
         <run_address>0x3900</run_address>
         <size>0x34</size>
         <input_file_ref idref="fl-14a"/>
      </object_component>
      <object_component id="oc-436">
         <name>.const:g_sCDCHandlers</name>
         <load_address>0x3934</load_address>
         <run_address>0x3934</run_address>
         <size>0x30</size>
         <input_file_ref idref="fl-14d"/>
      </object_component>
      <object_component id="oc-2fc">
         <name>.const:.string:g_pui8ControlInterfaceString</name>
         <load_address>0x3964</load_address>
         <run_address>0x3964</run_address>
         <size>0x2c</size>
         <input_file_ref idref="fl-5"/>
      </object_component>
      <object_component id="oc-2f8">
         <name>.const:.string:g_pui8ManufacturerString</name>
         <load_address>0x3990</load_address>
         <run_address>0x3990</run_address>
         <size>0x24</size>
         <input_file_ref idref="fl-5"/>
      </object_component>
      <object_component id="oc-1f4">
         <name>.const:RxBuffer</name>
         <load_address>0x39b4</load_address>
         <run_address>0x39b4</run_address>
         <size>0x24</size>
         <input_file_ref idref="fl-5"/>
      </object_component>
      <object_component id="oc-b6">
         <name>.const:TxBuffer</name>
         <load_address>0x39d8</load_address>
         <run_address>0x39d8</run_address>
         <size>0x24</size>
         <input_file_ref idref="fl-5"/>
      </object_component>
      <object_component id="oc-46e">
         <name>.const:.string:g_pui8CDCSerCommInterface</name>
         <load_address>0x39fc</load_address>
         <run_address>0x39fc</run_address>
         <size>0x23</size>
         <input_file_ref idref="fl-14d"/>
      </object_component>
      <object_component id="oc-2fa">
         <name>.const:.string:g_pui8ProductString</name>
         <load_address>0x3a1f</load_address>
         <run_address>0x3a1f</run_address>
         <size>0x22</size>
         <input_file_ref idref="fl-5"/>
      </object_component>
      <object_component id="oc-341">
         <name>.const</name>
         <load_address>0x3a44</load_address>
         <run_address>0x3a44</run_address>
         <size>0x1c</size>
         <input_file_ref idref="fl-3"/>
      </object_component>
      <object_component id="oc-1f6">
         <name>.const</name>
         <load_address>0x3a60</load_address>
         <run_address>0x3a60</run_address>
         <size>0x18</size>
         <input_file_ref idref="fl-5"/>
      </object_component>
      <object_component id="oc-470">
         <name>.const:.string</name>
         <load_address>0x3a78</load_address>
         <run_address>0x3a78</run_address>
         <size>0x17</size>
         <input_file_ref idref="fl-14d"/>
      </object_component>
      <object_component id="oc-2f6">
         <name>.const:.string</name>
         <load_address>0x3a8f</load_address>
         <run_address>0x3a8f</run_address>
         <size>0x16</size>
         <input_file_ref idref="fl-5"/>
      </object_component>
      <object_component id="oc-40e">
         <name>.const:.string</name>
         <load_address>0x3aa8</load_address>
         <run_address>0x3aa8</run_address>
         <size>0x12</size>
         <input_file_ref idref="fl-3"/>
      </object_component>
      <object_component id="oc-6d3">
         <name>.cinit..data.load</name>
         <load_address>0x3ac0</load_address>
         <run_address>0x3ac0</run_address>
         <size>0x87</size>
      </object_component>
      <object_component id="oc-6d0">
         <name>__TI_handler_table</name>
         <load_address>0x3b48</load_address>
         <run_address>0x3b48</run_address>
         <size>0xc</size>
      </object_component>
      <object_component id="oc-6d4">
         <name>.cinit..bss.load</name>
         <load_address>0x3b58</load_address>
         <run_address>0x3b58</run_address>
         <size>0x8</size>
      </object_component>
      <object_component id="oc-6d2">
         <name>.cinit..vtable.load</name>
         <load_address>0x3b60</load_address>
         <run_address>0x3b60</run_address>
         <size>0x8</size>
      </object_component>
      <object_component id="oc-6d1">
         <name>__TI_cinit_table</name>
         <load_address>0x3b68</load_address>
         <run_address>0x3b68</run_address>
         <size>0x18</size>
      </object_component>
      <object_component id="oc-373">
         <name>.vtable</name>
         <uninitialized>true</uninitialized>
         <run_address>0x20000000</run_address>
         <size>0x26c</size>
         <input_file_ref idref="fl-146"/>
      </object_component>
      <object_component id="oc-53">
         <name>.data</name>
         <load_address>0x20000b70</load_address>
         <run_address>0x20000b70</run_address>
         <size>0x4</size>
         <input_file_ref idref="fl-13e"/>
      </object_component>
      <object_component id="oc-dd">
         <name>.data</name>
         <load_address>0x20000b58</load_address>
         <run_address>0x20000b58</run_address>
         <size>0x8</size>
         <input_file_ref idref="fl-140"/>
      </object_component>
      <object_component id="oc-df">
         <name>.data</name>
         <load_address>0x20000b60</load_address>
         <run_address>0x20000b60</run_address>
         <size>0x8</size>
         <input_file_ref idref="fl-13c"/>
      </object_component>
      <object_component id="oc-13c">
         <name>.data:g_sCDCDevice</name>
         <load_address>0x20000aa0</load_address>
         <run_address>0x20000aa0</run_address>
         <size>0x60</size>
         <input_file_ref idref="fl-5"/>
      </object_component>
      <object_component id="oc-172">
         <name>.data</name>
         <load_address>0x20000b40</load_address>
         <run_address>0x20000b40</run_address>
         <size>0xc</size>
         <input_file_ref idref="fl-14e"/>
      </object_component>
      <object_component id="oc-174">
         <name>.data</name>
         <load_address>0x20000b74</load_address>
         <run_address>0x20000b74</run_address>
         <size>0x4</size>
         <input_file_ref idref="fl-14a"/>
      </object_component>
      <object_component id="oc-298">
         <name>.data</name>
         <load_address>0x20000b68</load_address>
         <run_address>0x20000b68</run_address>
         <size>0x5</size>
         <input_file_ref idref="fl-3"/>
      </object_component>
      <object_component id="oc-34a">
         <name>.data</name>
         <load_address>0x20000b4c</load_address>
         <run_address>0x20000b4c</run_address>
         <size>0x9</size>
         <input_file_ref idref="fl-14f"/>
      </object_component>
      <object_component id="oc-35f">
         <name>.data</name>
         <load_address>0x20000b00</load_address>
         <run_address>0x20000b00</run_address>
         <size>0x40</size>
         <input_file_ref idref="fl-14d"/>
      </object_component>
      <object_component id="oc-148">
         <name>.bss:g_pui8USBTxBuffer</name>
         <uninitialized>true</uninitialized>
         <run_address>0x2000047c</run_address>
         <size>0x100</size>
         <input_file_ref idref="fl-5"/>
      </object_component>
      <object_component id="oc-16e">
         <name>.bss</name>
         <uninitialized>true</uninitialized>
         <run_address>0x20000690</run_address>
         <size>0x4</size>
         <input_file_ref idref="fl-14a"/>
      </object_component>
      <object_component id="oc-170">
         <name>.bss:g_psDCDInst</name>
         <uninitialized>true</uninitialized>
         <run_address>0x2000057c</run_address>
         <size>0x48</size>
         <input_file_ref idref="fl-14a"/>
      </object_component>
      <object_component id="oc-214">
         <name>.bss</name>
         <uninitialized>true</uninitialized>
         <run_address>0x20000604</run_address>
         <size>0x30</size>
         <input_file_ref idref="fl-14e"/>
      </object_component>
      <object_component id="oc-2f1">
         <name>.bss:g_pui8USBRxBuffer</name>
         <uninitialized>true</uninitialized>
         <run_address>0x2000037c</run_address>
         <size>0x100</size>
         <input_file_ref idref="fl-5"/>
      </object_component>
      <object_component id="oc-32e">
         <name>.bss:g_pui8DataBufferIn</name>
         <uninitialized>true</uninitialized>
         <run_address>0x200005c4</run_address>
         <size>0x40</size>
         <input_file_ref idref="fl-14a"/>
      </object_component>
      <object_component id="oc-34c">
         <name>.bss</name>
         <uninitialized>true</uninitialized>
         <run_address>0x20000684</run_address>
         <size>0xc</size>
         <input_file_ref idref="fl-14f"/>
      </object_component>
      <object_component id="oc-535">
         <name>.bss:g_psUSBDMAInst</name>
         <uninitialized>true</uninitialized>
         <run_address>0x2000026c</run_address>
         <size>0x110</size>
         <input_file_ref idref="fl-150"/>
      </object_component>
      <object_component id="oc-2c9">
         <name>.common:g_bUSBConfigured</name>
         <uninitialized>true</uninitialized>
         <run_address>0x2000069c</run_address>
         <size>0x1</size>
      </object_component>
      <object_component id="oc-2cb">
         <name>.common:g_ui32Flags</name>
         <uninitialized>true</uninitialized>
         <run_address>0x20000698</run_address>
         <size>0x4</size>
      </object_component>
      <object_component id="oc-2ca">
         <name>.common:g_pcStatus</name>
         <uninitialized>true</uninitialized>
         <run_address>0x20000694</run_address>
         <size>0x4</size>
      </object_component>
      <object_component id="oc-2f3">
         <name>.common:g_pui8RxBufferWorkspace</name>
         <uninitialized>true</uninitialized>
         <run_address>0x20000654</run_address>
         <size>0x18</size>
      </object_component>
      <object_component id="oc-14a">
         <name>.common:g_pui8TxBufferWorkspace</name>
         <uninitialized>true</uninitialized>
         <run_address>0x2000066c</run_address>
         <size>0x18</size>
      </object_component>
      <object_component id="oc-b4">
         <name>.common:ui8RxBuffer</name>
         <uninitialized>true</uninitialized>
         <run_address>0x20000634</run_address>
         <size>0x20</size>
      </object_component>
      <object_component id="oc-4a2">
         <name>.common:isConfigured</name>
         <uninitialized>true</uninitialized>
         <run_address>0x2000069d</run_address>
         <size>0x1</size>
      </object_component>
      <object_component id="oc-23">
         <name>.stack</name>
         <uninitialized>true</uninitialized>
         <run_address>0x200006a0</run_address>
         <size>0x0</size>
         <input_file_ref idref="fl-138"/>
      </object_component>
      <object_component id="oc-6d5">
         <name>.stack</name>
         <uninitialized>true</uninitialized>
         <run_address>0x200006a0</run_address>
         <size>0x0</size>
      </object_component>
      <object_component id="oc-f">
         <name>.debug_info</name>
         <load_address>0x0</load_address>
         <run_address>0x0</run_address>
         <size>0xf1</size>
         <input_file_ref idref="fl-6"/>
      </object_component>
      <object_component id="oc-13">
         <name>.debug_info</name>
         <load_address>0xf1</load_address>
         <run_address>0xf1</run_address>
         <size>0xf3</size>
         <input_file_ref idref="fl-138"/>
      </object_component>
      <object_component id="oc-17">
         <name>.debug_info</name>
         <load_address>0x1e4</load_address>
         <run_address>0x1e4</run_address>
         <size>0x194</size>
         <input_file_ref idref="fl-139"/>
      </object_component>
      <object_component id="oc-1a">
         <name>.debug_info</name>
         <load_address>0x378</load_address>
         <run_address>0x378</run_address>
         <size>0x16a</size>
         <input_file_ref idref="fl-13b"/>
      </object_component>
      <object_component id="oc-1f">
         <name>.debug_info</name>
         <load_address>0x4e2</load_address>
         <run_address>0x4e2</run_address>
         <size>0x18e</size>
         <input_file_ref idref="fl-13a"/>
      </object_component>
      <object_component id="oc-25">
         <name>.debug_info</name>
         <load_address>0x670</load_address>
         <run_address>0x670</run_address>
         <size>0x121</size>
         <input_file_ref idref="fl-6"/>
      </object_component>
      <object_component id="oc-2a">
         <name>.debug_info</name>
         <load_address>0x791</load_address>
         <run_address>0x791</run_address>
         <size>0x112</size>
         <input_file_ref idref="fl-6"/>
      </object_component>
      <object_component id="oc-2f">
         <name>.debug_info</name>
         <load_address>0x8a3</load_address>
         <run_address>0x8a3</run_address>
         <size>0x118</size>
         <input_file_ref idref="fl-6"/>
      </object_component>
      <object_component id="oc-34">
         <name>.debug_info</name>
         <load_address>0x9bb</load_address>
         <run_address>0x9bb</run_address>
         <size>0x12a</size>
         <input_file_ref idref="fl-6"/>
      </object_component>
      <object_component id="oc-39">
         <name>.debug_info</name>
         <load_address>0xae5</load_address>
         <run_address>0xae5</run_address>
         <size>0x2a3</size>
         <input_file_ref idref="fl-9"/>
      </object_component>
      <object_component id="oc-3e">
         <name>.debug_info</name>
         <load_address>0xd88</load_address>
         <run_address>0xd88</run_address>
         <size>0x1e4</size>
         <input_file_ref idref="fl-149"/>
      </object_component>
      <object_component id="oc-44">
         <name>.debug_info</name>
         <load_address>0xf6c</load_address>
         <run_address>0xf6c</run_address>
         <size>0x16a</size>
         <input_file_ref idref="fl-6"/>
      </object_component>
      <object_component id="oc-47">
         <name>.debug_info</name>
         <load_address>0x10d6</load_address>
         <run_address>0x10d6</run_address>
         <size>0x13d</size>
         <input_file_ref idref="fl-142"/>
      </object_component>
      <object_component id="oc-4a">
         <name>.debug_info</name>
         <load_address>0x1213</load_address>
         <run_address>0x1213</run_address>
         <size>0x11c</size>
         <input_file_ref idref="fl-141"/>
      </object_component>
      <object_component id="oc-51">
         <name>.debug_info</name>
         <load_address>0x132f</load_address>
         <run_address>0x132f</run_address>
         <size>0x1c2</size>
         <input_file_ref idref="fl-13c"/>
      </object_component>
      <object_component id="oc-54">
         <name>.debug_info</name>
[...]
         <object_component_ref idref="oc-364"/>
      </symbol>
      <symbol id="sm-444">
         <name>GPIOIntEnable</name>
         <value>0x365f</value>
         <object_component_ref idref="oc-18d"/>
      </symbol>
      <symbol id="sm-445">
         <name>GPIOIntClear</name>
         <value>0x36b9</value>
         <object_component_ref idref="oc-78"/>
      </symbol>
      <symbol id="sm-455">
         <name>CPUcpsie</name>
         <value>0x3653</value>
         <object_component_ref idref="oc-489"/>
      </symbol>
      <symbol id="sm-456">
         <name>CPUcpsid</name>
         <value>0x3647</value>
         <object_component_ref idref="oc-483"/>
      </symbol>
      <symbol id="sm-482">
         <name>USB0DeviceIntHandler</name>
         <value>0x33b1</value>
         <object_component_ref idref="oc-3d"/>
      </symbol>
      <symbol id="sm-610">
         <name>USBDCDSendDataEP0</name>
         <value>0x35ed</value>
         <object_component_ref idref="oc-5d7"/>
      </symbol>
      <symbol id="sm-611">
         <name>USBDCDStallEP0</name>
         <value>0x328d</value>
         <object_component_ref idref="oc-329"/>
      </symbol>
      <symbol id="sm-612">
         <name>USBDCDRequestDataEP0</name>
         <value>0x34c5</value>
         <object_component_ref idref="oc-5dc"/>
      </symbol>
      <symbol id="sm-613">
         <name>g_ppsDevInfo</name>
         <value>0x20000690</value>
         <object_component_ref idref="oc-16e"/>
      </symbol>
      <symbol id="sm-614">
         <name>USBDeviceEnumHandler</name>
         <value>0x85d</value>
         <object_component_ref idref="oc-164"/>
      </symbol>
      <symbol id="sm-615">
         <name>USBDCDInit</name>
         <value>0xa19</value>
         <object_component_ref idref="oc-35a"/>
      </symbol>
      <symbol id="sm-616">
         <name>USBDeviceEnumResetHandler</name>
         <value>0x2841</value>
         <object_component_ref idref="oc-150"/>
      </symbol>
      <symbol id="sm-617">
         <name>g_psDCDInst</name>
         <value>0x2000057c</value>
         <object_component_ref idref="oc-170"/>
      </symbol>
      <symbol id="sm-618">
         <name>USBDCDDeviceInfoInit</name>
         <value>0x2fad</value>
         <object_component_ref idref="oc-427"/>
      </symbol>
      <symbol id="sm-619">
         <name>USBDeviceIntHandlerInternal</name>
         <value>0xaf1</value>
         <object_component_ref idref="oc-c3"/>
      </symbol>
      <symbol id="sm-61a">
         <name>USBDeviceResumeTickHandler</name>
         <value>0x2471</value>
         <object_component_ref idref="oc-155"/>
      </symbol>
      <symbol id="sm-6ae">
         <name>USBDeviceConfigAlternate</name>
         <value>0x17ed</value>
         <object_component_ref idref="oc-4d5"/>
      </symbol>
      <symbol id="sm-6af">
         <name>USBDeviceConfig</name>
         <value>0x71d</value>
         <object_component_ref idref="oc-4c4"/>
      </symbol>
      <symbol id="sm-725">
         <name>USBDCDConfigDescGet</name>
         <value>0x2421</value>
         <object_component_ref idref="oc-59b"/>
      </symbol>
      <symbol id="sm-726">
         <name>USBDCDConfigGetInterface</name>
         <value>0x3271</value>
         <object_component_ref idref="oc-4d0"/>
      </symbol>
      <symbol id="sm-727">
         <name>USBDCDConfigDescGetSize</name>
         <value>0x33c9</value>
         <object_component_ref idref="oc-333"/>
      </symbol>
      <symbol id="sm-728">
         <name>USBDCDConfigGetInterfaceEndpoint</name>
         <value>0x29d5</value>
         <object_component_ref idref="oc-5a0"/>
      </symbol>
      <symbol id="sm-729">
         <name>USBDCDConfigDescGetNum</name>
         <value>0x2e21</value>
         <object_component_ref idref="oc-4cb"/>
      </symbol>
      <symbol id="sm-87b">
         <name>g_psCDCCompSerSections</name>
         <value>0x20000b30</value>
         <object_component_ref idref="oc-35f"/>
      </symbol>
      <symbol id="sm-87c">
         <name>g_sCDCCompSerConfigHeader</name>
         <value>0x38b8</value>
         <object_component_ref idref="oc-361"/>
      </symbol>
      <symbol id="sm-87d">
         <name>g_sCDCSerCommInterfaceSection</name>
         <value>0x38a0</value>
         <object_component_ref idref="oc-361"/>
      </symbol>
      <symbol id="sm-87e">
         <name>g_sIADSerConfigSection</name>
         <value>0x3898</value>
         <object_component_ref idref="oc-361"/>
      </symbol>
      <symbol id="sm-87f">
         <name>g_ppCDCSerConfigDescriptors</name>
         <value>0x38c0</value>
         <object_component_ref idref="oc-361"/>
      </symbol>
      <symbol id="sm-880">
         <name>g_pCDCCompSerConfigDescriptors</name>
         <value>0x38c4</value>
         <object_component_ref idref="oc-361"/>
      </symbol>
      <symbol id="sm-881">
         <name>USBDCDCCompositeInit</name>
         <value>0x10f9</value>
         <object_component_ref idref="oc-355"/>
      </symbol>
      <symbol id="sm-882">
         <name>USBDCDCTxPacketAvailable</name>
         <value>0x362b</value>
         <object_component_ref idref="oc-143"/>
      </symbol>
      <symbol id="sm-883">
         <name>g_pui8CDCSerDataInterface</name>
         <value>0x3a78</value>
         <object_component_ref idref="oc-470"/>
      </symbol>
      <symbol id="sm-884">
         <name>g_pui8IADSerDescriptor</name>
         <value>0x20000b1b</value>
         <object_component_ref idref="oc-35f"/>
      </symbol>
      <symbol id="sm-885">
         <name>g_sCDCSerDataInterfaceSection</name>
         <value>0x38a8</value>
         <object_component_ref idref="oc-361"/>
      </symbol>
      <symbol id="sm-886">
         <name>USBDCDCInit</name>
         <value>0x25f5</value>
         <object_component_ref idref="oc-271"/>
      </symbol>
      <symbol id="sm-887">
         <name>ProcessNotificationToHost</name>
         <value>0x2bed</value>
         <object_component_ref idref="oc-5ec"/>
      </symbol>
      <symbol id="sm-888">
         <name>g_sCDCSerConfigSection</name>
         <value>0x3890</value>
         <object_component_ref idref="oc-361"/>
      </symbol>
      <symbol id="sm-889">
         <name>g_sCDCHandlers</name>
         <value>0x3934</value>
         <object_component_ref idref="oc-436"/>
      </symbol>
      <symbol id="sm-88a">
         <name>g_psCDCSerSections</name>
         <value>0x20000b24</value>
         <object_component_ref idref="oc-35f"/>
      </symbol>
      <symbol id="sm-88b">
         <name>ProcessDataFromHost</name>
         <value>0x1ca5</value>
         <object_component_ref idref="oc-5f1"/>
      </symbol>
      <symbol id="sm-88c">
         <name>USBDCDCRxPacketAvailable</name>
         <value>0x2d41</value>
         <object_component_ref idref="oc-2ec"/>
      </symbol>
      <symbol id="sm-88d">
         <name>g_pui8CDCSerDescriptor</name>
         <value>0x20000b12</value>
         <object_component_ref idref="oc-35f"/>
      </symbol>
      <symbol id="sm-88e">
         <name>ProcessDataToHost</name>
         <value>0x2219</value>
         <object_component_ref idref="oc-5f6"/>
      </symbol>
      <symbol id="sm-88f">
         <name>USBDCDCPacketRead</name>
         <value>0x1645</value>
         <object_component_ref idref="oc-2e7"/>
      </symbol>
      <symbol id="sm-890">
         <name>g_sCDCSerConfigHeader</name>
         <value>0x38b0</value>
         <object_component_ref idref="oc-361"/>
      </symbol>
      <symbol id="sm-891">
         <name>g_pui8CDCSerDeviceDescriptor</name>
         <value>0x20000b00</value>
         <object_component_ref idref="oc-35f"/>
      </symbol>
      <symbol id="sm-892">
         <name>g_pui8CDCSerCommInterface</name>
         <value>0x39fc</value>
         <object_component_ref idref="oc-46e"/>
      </symbol>
      <symbol id="sm-893">
         <name>USBDCDCPacketWrite</name>
         <value>0x22d1</value>
         <object_component_ref idref="oc-13e"/>
      </symbol>
      <symbol id="sm-8df">
         <name>g_ui32USBSOFCount</name>
         <value>0x20000b48</value>
         <object_component_ref idref="oc-172"/>
      </symbol>
      <symbol id="sm-8e0">
         <name>g_pvTickInstance</name>
         <value>0x2000061c</value>
         <object_component_ref idref="oc-214"/>
      </symbol>
      <symbol id="sm-8e1">
         <name>g_bUSBTimerInitialized</name>
         <value>0x20000b40</value>
         <object_component_ref idref="oc-172"/>
      </symbol>
      <symbol id="sm-8e2">
         <name>g_ui32CurrentUSBTick</name>
         <value>0x20000b44</value>
         <object_component_ref idref="oc-172"/>
      </symbol>
      <symbol id="sm-8e3">
         <name>InternalUSBStartOfFrameTick</name>
         <value>0x2b21</value>
         <object_component_ref idref="oc-15a"/>
      </symbol>
      <symbol id="sm-8e4">
         <name>g_pfnTickHandlers</name>
         <value>0x20000604</value>
         <object_component_ref idref="oc-214"/>
      </symbol>
      <symbol id="sm-8e5">
         <name>InternalUSBRegisterTickHandler</name>
         <value>0x2e4d</value>
         <object_component_ref idref="oc-431"/>
      </symbol>
      <symbol id="sm-8e6">
         <name>InternalUSBTickInit</name>
         <value>0x2c81</value>
         <object_component_ref idref="oc-42c"/>
      </symbol>
      <symbol id="sm-91c">
         <name>g_eOTGModeState</name>
         <value>0x20000688</value>
         <object_component_ref idref="oc-34c"/>
      </symbol>
      <symbol id="sm-91d">
         <name>g_ui32PollRate</name>
         <value>0x20000684</value>
         <object_component_ref idref="oc-34c"/>
      </symbol>
      <symbol id="sm-91e">
         <name>g_iUSBMode</name>
         <value>0x20000b4c</value>
         <object_component_ref idref="oc-34a"/>
      </symbol>
      <symbol id="sm-91f">
         <name>USBStackModeSet</name>
         <value>0x314d</value>
         <object_component_ref idref="oc-26c"/>
      </symbol>
      <symbol id="sm-920">
         <name>g_ui32WaitTicks</name>
         <value>0x20000b50</value>
         <object_component_ref idref="oc-34a"/>
      </symbol>
      <symbol id="sm-9e4">
         <name>USBLibDMAInit</name>
         <value>0xc99</value>
         <object_component_ref idref="oc-457"/>
      </symbol>
      <symbol id="sm-a17">
         <name>USBDescGet</name>
         <value>0x2dc9</value>
         <object_component_ref idref="oc-661"/>
      </symbol>
      <symbol id="sm-a18">
         <name>USBDescGetNum</name>
         <value>0x2e9d</value>
         <object_component_ref idref="oc-5bb"/>
      </symbol>
      <symbol id="sm-a86">
         <name>USBBufferInit</name>
         <value>0x3485</value>
         <object_component_ref idref="oc-267"/>
      </symbol>
      <symbol id="sm-a87">
         <name>USBBufferRead</name>
         <value>0x2f87</value>
         <object_component_ref idref="oc-498"/>
      </symbol>
      <symbol id="sm-a88">
         <name>USBBufferEventCallback</name>
         <value>0x209d</value>
         <object_component_ref idref="oc-1ef"/>
      </symbol>
      <symbol id="sm-a89">
         <name>USBBufferWrite</name>
         <value>0x2d9d</value>
         <object_component_ref idref="oc-aa"/>
      </symbol>
      <symbol id="sm-a8a">
         <name>USBBufferDataAvailable</name>
         <value>0x36cb</value>
         <object_component_ref idref="oc-493"/>
      </symbol>
      <symbol id="sm-a8b">
         <name>USBBufferFlush</name>
         <value>0x36d1</value>
         <object_component_ref idref="oc-2ba"/>
      </symbol>
      <symbol id="sm-b03">
         <name>USBRingBufWrite</name>
         <value>0x337f</value>
         <object_component_ref idref="oc-114"/>
      </symbol>
      <symbol id="sm-b04">
         <name>USBRingBufContigUsed</name>
         <value>0x360d</value>
         <object_component_ref idref="oc-1c7"/>
      </symbol>
      <symbol id="sm-b05">
         <name>USBRingBufFlush</name>
         <value>0x3501</value>
         <object_component_ref idref="oc-38a"/>
      </symbol>
      <symbol id="sm-b06">
         <name>USBRingBufAdvanceWrite</name>
         <value>0x2ab7</value>
         <object_component_ref idref="oc-39f"/>
      </symbol>
      <symbol id="sm-b07">
         <name>USBRingBufWriteOne</name>
         <value>0x3597</value>
         <object_component_ref idref="oc-1c1"/>
      </symbol>
      <symbol id="sm-b08">
         <name>USBRingBufUsed</name>
         <value>0x349b</value>
         <object_component_ref idref="oc-1ba"/>
      </symbol>
      <symbol id="sm-b09">
         <name>USBRingBufFree</name>
         <value>0x3585</value>
         <object_component_ref idref="oc-10f"/>
      </symbol>
      <symbol id="sm-b0a">
         <name>USBRingBufAdvanceRead</name>
         <value>0x31a9</value>
         <object_component_ref idref="oc-393"/>
      </symbol>
      <symbol id="sm-b0b">
         <name>USBRingBufReadOne</name>
         <value>0x3365</value>
         <object_component_ref idref="oc-65b"/>
      </symbol>
      <symbol id="sm-b0c">
         <name>USBRingBufInit</name>
         <value>0x3677</value>
         <object_component_ref idref="oc-344"/>
      </symbol>
      <symbol id="sm-b0d">
         <name>USBRingBufRead</name>
         <value>0x334b</value>
         <object_component_ref idref="oc-58d"/>
      </symbol>
      <symbol id="sm-b0e">
         <name>USBRingBufContigFree</name>
         <value>0x32c5</value>
         <object_component_ref idref="oc-399"/>
      </symbol>
      <symbol id="sm-c04">
         <name>USBEndpointDataAvail</name>
         <value>0x32a9</value>
         <object_component_ref idref="oc-3b0"/>
      </symbol>
      <symbol id="sm-c05">
         <name>USBDevDisconnect</name>
         <value>0x368d</value>
         <object_component_ref idref="oc-169"/>
      </symbol>
      <symbol id="sm-c06">
         <name>USBDevEndpointStallClear</name>
         <value>0x24c1</value>
         <object_component_ref idref="oc-4b4"/>
      </symbol>
      <symbol id="sm-c07">
         <name>USBEndpointDataPut</name>
         <value>0x2d11</value>
         <object_component_ref idref="oc-1fa"/>
      </symbol>
      <symbol id="sm-c08">
         <name>USBDevAddrSet</name>
         <value>0x36e5</value>
         <object_component_ref idref="oc-223"/>
      </symbol>
      <symbol id="sm-c09">
         <name>USBIntStatusControl</name>
         <value>0x2a49</value>
         <object_component_ref idref="oc-be"/>
      </symbol>
      <symbol id="sm-c0a">
         <name>USBEndpointDMADisable</name>
         <value>0x3019</value>
         <object_component_ref idref="oc-615"/>
      </symbol>
      <symbol id="sm-c0b">
         <name>USBDevEndpointDataAck</name>
         <value>0x2ff5</value>
         <object_component_ref idref="oc-22d"/>
      </symbol>
      <symbol id="sm-c0c">
         <name>USBOTGMode</name>
         <value>0x36b1</value>
         <object_component_ref idref="oc-44d"/>
      </symbol>
      <symbol id="sm-c0d">
         <name>USBDevMode</name>
         <value>0x36a1</value>
         <object_component_ref idref="oc-452"/>
      </symbol>
      <symbol id="sm-c0e">
         <name>USBIntEnableEndpoint</name>
         <value>0x34ed</value>
         <object_component_ref idref="oc-461"/>
      </symbol>
      <symbol id="sm-c0f">
         <name>USBEndpointDataGet</name>
         <value>0x2885</value>
         <object_component_ref idref="oc-228"/>
      </symbol>
      <symbol id="sm-c10">
         <name>USBDevEndpointStatusClear</name>
         <value>0x215d</value>
         <object_component_ref idref="oc-21e"/>
      </symbol>
      <symbol id="sm-c11">
         <name>USBFIFOAddrGet</name>
         <value>0x36a9</value>
         <object_component_ref idref="oc-643"/>
      </symbol>
      <symbol id="sm-c12">
         <name>USBFIFOConfigSet</name>
         <value>0x2a0f</value>
         <object_component_ref idref="oc-5b4"/>
      </symbol>
      <symbol id="sm-c13">
         <name>USBEndpointDMAEnable</name>
         <value>0x303d</value>
         <object_component_ref idref="oc-62b"/>
      </symbol>
      <symbol id="sm-c14">
         <name>USBEndpointDataSend</name>
         <value>0x2d6f</value>
         <object_component_ref idref="oc-1ff"/>
      </symbol>
      <symbol id="sm-c15">
         <name>USBIntStatusEndpoint</name>
         <value>0x3697</value>
         <object_component_ref idref="oc-15f"/>
      </symbol>
      <symbol id="sm-c16">
         <name>USBEndpointStatus</name>
         <value>0x35fd</value>
         <object_component_ref idref="oc-219"/>
      </symbol>
      <symbol id="sm-c17">
         <name>USBEndpointPacketCountSet</name>
         <value>0x366b</value>
         <object_component_ref idref="oc-64d"/>
      </symbol>
      <symbol id="sm-c18">
         <name>USBEndpointDMAConfigSet</name>
         <value>0x2641</value>
         <object_component_ref idref="oc-652"/>
      </symbol>
      <symbol id="sm-c19">
         <name>USBDevEndpointStall</name>
         <value>0x2c1f</value>
         <object_component_ref idref="oc-3c9"/>
      </symbol>
      <symbol id="sm-c1a">
         <name>USBDevConnect</name>
         <value>0x3683</value>
         <object_component_ref idref="oc-466"/>
      </symbol>
      <symbol id="sm-c1b">
         <name>USBDevEndpointConfigSet</name>
         <value>0x1a6f</value>
         <object_component_ref idref="oc-5aa"/>
      </symbol>
      <symbol id="sm-c1c">
         <name>USBHostResume</name>
         <value>0x34d9</value>
         <object_component_ref idref="oc-20e"/>
      </symbol>
      <symbol id="sm-c1d">
         <name>USBIntEnableControl</name>
         <value>0x2ec5</value>
         <object_component_ref idref="oc-45c"/>
      </symbol>
      <symbol id="sm-c1e">
         <name>USBEndpointDMAChannel</name>
         <value>0x3331</value>
         <object_component_ref idref="oc-60b"/>
      </symbol>
      <symbol id="sm-c63">
         <name>uDMAChannelControlSet</name>
         <value>0x3061</value>
         <object_component_ref idref="oc-605"/>
      </symbol>
      <symbol id="sm-c64">
         <name>uDMAChannelDisable</name>
         <value>0x3429</value>
         <object_component_ref idref="oc-61b"/>
      </symbol>
      <symbol id="sm-c65">
         <name>uDMAChannelModeGet</name>
         <value>0x2f15</value>
         <object_component_ref idref="oc-63b"/>
      </symbol>
      <symbol id="sm-c66">
         <name>uDMAChannelTransferSet</name>
         <value>0x1901</value>
         <object_component_ref idref="oc-648"/>
      </symbol>
      <symbol id="sm-c67">
         <name>uDMAChannelAttributeDisable</name>
         <value>0x27b1</value>
         <object_component_ref idref="oc-610"/>
      </symbol>
      <symbol id="sm-c68">
         <name>uDMAChannelEnable</name>
         <value>0x3441</value>
         <object_component_ref idref="oc-630"/>
      </symbol>
      <symbol id="sm-c8a">
         <name>SysCtlPeripheralEnable</name>
         <value>0x2b55</value>
         <object_component_ref idref="oc-443"/>
      </symbol>
      <symbol id="sm-c8b">
         <name>SysCtlUSBPLLEnable</name>
         <value>0x35dd</value>
         <object_component_ref idref="oc-448"/>
      </symbol>
      <symbol id="sm-c8c">
         <name>SysCtlPeripheralReset</name>
         <value>0x23d1</value>
         <object_component_ref idref="oc-43e"/>
      </symbol>
      <symbol id="sm-c8d">
         <name>__TI_static_base__</name>
         <value>0x0</value>
      </symbol>
      <symbol id="sm-c8e">
         <name>__TI_args_main</name>
         <value>0x1</value>
      </symbol>
      <symbol id="sm-c8f">
         <name>SHT$$INIT_ARRAY$$Limit</name>
         <value>0x0</value>
      </symbol>
      <symbol id="sm-c90">
         <name>SHT$$INIT_ARRAY$$Base</name>
         <value>0x0</value>
      </symbol>
   </symbol_table>
   <title>Link successful</title>
</link_info>
