<?xml version="1.0"?>
<link_info>
   <banner>TI ARM Linker PC v5.1.1</banner>
   <copyright>Copyright (c) 1996-2013 Texas Instruments Incorporated</copyright>
   <link_time>0x543ee922</link_time>
   <link_errors>0x0</link_errors>
   <output_file>neural_recorder_PC_interface.out</output_file>
   <entry_point>
      <name>_c_int00</name>
      <address>0x2411</address>
   </entry_point>
   <input_file_list>
      <input_file id="fl-2">
         <path>.\utils\</path>
         <kind>object</kind>
         <file>ustdlib.obj</file>
         <name>ustdlib.obj</name>
      </input_file>
      <input_file id="fl-3">
         <path>.\utils\</path>
         <kind>object</kind>
         <file>uartstdio.obj</file>
         <name>uartstdio.obj</name>
      </input_file>
      <input_file id="fl-4">
         <path>.\</path>
         <kind>object</kind>
         <file>usbconfig.obj</file>
         <name>usbconfig.obj</name>
      </input_file>
      <input_file id="fl-5">
         <path>.\</path>
         <kind>object</kind>
         <file>usb_structs.obj</file>
         <name>usb_structs.obj</name>
      </input_file>
      <input_file id="fl-6">
         <path>.\</path>
         <kind>object</kind>
         <file>startup_ccs.obj</file>
         <name>startup_ccs.obj</name>
      </input_file>
      <input_file id="fl-7">
         <path>.\</path>
         <kind>object</kind>
         <file>spi.obj</file>
         <name>spi.obj</name>
      </input_file>
      <input_file id="fl-8">
         <path>.\</path>
         <kind>object</kind>
         <file>nrf24l01.obj</file>
         <name>nrf24l01.obj</name>
      </input_file>
      <input_file id="fl-9">
         <path>.\</path>
         <kind>object</kind>
         <file>main.obj</file>
         <name>main.obj</name>
      </input_file>
      <input_file id="fl-138">
         <path>C:\ti\ccsv5\tools\compiler\arm_5.1.1\lib\</path>
         <kind>archive</kind>
         <file>rtsv7M4_T_le_v4SPD16_eabi.lib</file>
         <name>boot.obj</name>
      </input_file>
      <input_file id="fl-139">
         <path>C:\ti\ccsv5\tools\compiler\arm_5.1.1\lib\</path>
         <kind>archive</kind>
         <file>rtsv7M4_T_le_v4SPD16_eabi.lib</file>
         <name>copy_decompress_none.obj</name>
      </input_file>
      <input_file id="fl-13a">
         <path>C:\ti\ccsv5\tools\compiler\arm_5.1.1\lib\</path>
         <kind>archive</kind>
         <file>rtsv7M4_T_le_v4SPD16_eabi.lib</file>
         <name>copy_decompress_rle.obj</name>
      </input_file>
      <input_file id="fl-13b">
         <path>C:\ti\ccsv5\tools\compiler\arm_5.1.1\lib\</path>
         <kind>archive</kind>
         <file>rtsv7M4_T_le_v4SPD16_eabi.lib</file>
         <name>copy_zero_init.obj</name>
      </input_file>
      <input_file id="fl-13c">
         <path>C:\ti\ccsv5\tools\compiler\arm_5.1.1\lib\</path>
         <kind>archive</kind>
         <file>rtsv7M4_T_le_v4SPD16_eabi.lib</file>
         <name>exit.obj</name>
      </input_file>
      <input_file id="fl-13d">
         <path>C:\ti\ccsv5\tools\compiler\arm_5.1.1\lib\</path>
         <kind>archive</kind>
         <file>rtsv7M4_T_le_v4SPD16_eabi.lib</file>
         <name>memcpy_t2.obj</name>
      </input_file>
      <input_file id="fl-13e">
         <path>C:\ti\ccsv5\tools\compiler\arm_5.1.1\lib\</path>
         <kind>archive</kind>
         <file>rtsv7M4_T_le_v4SPD16_eabi.lib</file>
         <name>stkdepth_vars.obj</name>
      </input_file>
      <input_file id="fl-13f">
         <path>C:\ti\ccsv5\tools\compiler\arm_5.1.1\lib\</path>
         <kind>archive</kind>
         <file>rtsv7M4_T_le_v4SPD16_eabi.lib</file>
         <name>u_divt2.obj</name>
      </input_file>
      <input_file id="fl-140">
         <path>C:\ti\ccsv5\tools\compiler\arm_5.1.1\lib\</path>
         <kind>archive</kind>
         <file>rtsv7M4_T_le_v4SPD16_eabi.lib</file>
         <name>_lock.obj</name>
      </input_file>
      <input_file id="fl-141">
         <path>C:\ti\ccsv5\tools\compiler\arm_5.1.1\lib\</path>
         <kind>archive</kind>
         <file>rtsv7M4_T_le_v4SPD16_eabi.lib</file>
         <name>args_main.obj</name>
      </input_file>
      <input_file id="fl-142">
         <path>C:\ti\ccsv5\tools\compiler\arm_5.1.1\lib\</path>
         <kind>archive</kind>
         <file>rtsv7M4_T_le_v4SPD16_eabi.lib</file>
         <name>auto_init.obj</name>
      </input_file>
      <input_file id="fl-143">
         <path>C:\ti\ccsv5\tools\compiler\arm_5.1.1\lib\</path>
         <kind>archive</kind>
         <file>rtsv7M4_T_le_v4SPD16_eabi.lib</file>
         <name>cpy_tbl.obj</name>
      </input_file>
      <input_file id="fl-144">
         <path>C:\ti\TivaWare_C_Series-1.1\examples\boards\ek-tm4c123gxl\project0\ccs\..\..\..\..\..\driverlib\ccs\Debug\</path>
         <kind>archive</kind>
         <file>driverlib.lib</file>
         <name>uart.obj</name>
      </input_file>
      <input_file id="fl-145">
         <path>C:\ti\TivaWare_C_Series-1.1\examples\boards\ek-tm4c123gxl\project0\ccs\..\..\..\..\..\driverlib\ccs\Debug\</path>
         <kind>archive</kind>
         <file>driverlib.lib</file>
         <name>ssi.obj</name>
      </input_file>
      <input_file id="fl-146">
         <path>C:\ti\TivaWare_C_Series-1.1\examples\boards\ek-tm4c123gxl\project0\ccs\..\..\..\..\..\driverlib\ccs\Debug\</path>
         <kind>archive</kind>
         <file>driverlib.lib</file>
         <name>interrupt.obj</name>
      </input_file>
      <input_file id="fl-147">
         <path>C:\ti\TivaWare_C_Series-1.1\examples\boards\ek-tm4c123gxl\project0\ccs\..\..\..\..\..\driverlib\ccs\Debug\</path>
         <kind>archive</kind>
         <file>driverlib.lib</file>
         <name>gpio.obj</name>
      </input_file>
      <input_file id="fl-148">
         <path>C:\ti\TivaWare_C_Series-1.1\examples\boards\ek-tm4c123gxl\project0\ccs\..\..\..\..\..\driverlib\ccs\Debug\</path>
         <kind>archive</kind>
         <file>driverlib.lib</file>
         <name>cpu.obj</name>
      </input_file>
      <input_file id="fl-149">
         <path>C:\ti\TivaWare_C_Series-1.1\usblib\ccs\Debug\</path>
         <kind>archive</kind>
         <file>usblib.lib</file>
         <name>usbdhandler.obj</name>
      </input_file>
      <input_file id="fl-14a">
         <path>C:\ti\TivaWare_C_Series-1.1\usblib\ccs\Debug\</path>
         <kind>archive</kind>
         <file>usblib.lib</file>
         <name>usbdenum.obj</name>
      </input_file>
      <input_file id="fl-14b">
         <path>C:\ti\TivaWare_C_Series-1.1\usblib\ccs\Debug\</path>
         <kind>archive</kind>
         <file>usblib.lib</file>
         <name>usbdconfig.obj</name>
      </input_file>
      <input_file id="fl-14c">
         <path>C:\ti\TivaWare_C_Series-1.1\usblib\ccs\Debug\</path>
         <kind>archive</kind>
         <file>usblib.lib</file>
         <name>usbdcdesc.obj</name>
      </input_file>
      <input_file id="fl-14d">
         <path>C:\ti\TivaWare_C_Series-1.1\usblib\ccs\Debug\</path>
         <kind>archive</kind>
         <file>usblib.lib</file>
         <name>usbdcdc.obj</name>
      </input_file>
      <input_file id="fl-14e">
         <path>C:\ti\TivaWare_C_Series-1.1\usblib\ccs\Debug\</path>
         <kind>archive</kind>
         <file>usblib.lib</file>
         <name>usbtick.obj</name>
      </input_file>
      <input_file id="fl-14f">
         <path>C:\ti\TivaWare_C_Series-1.1\usblib\ccs\Debug\</path>
         <kind>archive</kind>
         <file>usblib.lib</file>
         <name>usbmode.obj</name>
      </input_file>
      <input_file id="fl-150">
         <path>C:\ti\TivaWare_C_Series-1.1\usblib\ccs\Debug\</path>
         <kind>archive</kind>
         <file>usblib.lib</file>
         <name>usbdma.obj</name>
      </input_file>
      <input_file id="fl-151">
         <path>C:\ti\TivaWare_C_Series-1.1\usblib\ccs\Debug\</path>
         <kind>archive</kind>
         <file>usblib.lib</file>
         <name>usbdesc.obj</name>
      </input_file>
      <input_file id="fl-152">
         <path>C:\ti\TivaWare_C_Series-1.1\usblib\ccs\Debug\</path>
         <kind>archive</kind>
         <file>usblib.lib</file>
         <name>usbbuffer.obj</name>
      </input_file>
      <input_file id="fl-153">
         <path>C:\ti\TivaWare_C_Series-1.1\usblib\ccs\Debug\</path>
         <kind>archive</kind>
         <file>usblib.lib</file>
         <name>usbhostenum.obj</name>
      </input_file>
      <input_file id="fl-154">
         <path>C:\ti\TivaWare_C_Series-1.1\usblib\ccs\Debug\</path>
         <kind>archive</kind>
         <file>usblib.lib</file>
         <name>usbhhub.obj</name>
      </input_file>
      <input_file id="fl-155">
         <path>C:\ti\TivaWare_C_Series-1.1\usblib\ccs\Debug\</path>
         <kind>archive</kind>
         <file>usblib.lib</file>
         <name>usbringbuf.obj</name>
      </input_file>
      <input_file id="fl-156">
         <path>C:\ti\TivaWare_C_Series-1.1\examples\boards\ek-tm4c123gxl\project0\ccs\..\..\..\..\..\driverlib\ccs\Debug\</path>
         <kind>archive</kind>
         <file>driverlib.lib</file>
         <name>usb.obj</name>
      </input_file>
      <input_file id="fl-157">
         <path>C:\ti\TivaWare_C_Series-1.1\examples\boards\ek-tm4c123gxl\project0\ccs\..\..\..\..\..\driverlib\ccs\Debug\</path>
         <kind>archive</kind>
         <file>driverlib.lib</file>
         <name>udma.obj</name>
      </input_file>
      <input_file id="fl-158">
         <path>C:\ti\TivaWare_C_Series-1.1\examples\boards\ek-tm4c123gxl\project0\ccs\..\..\..\..\..\driverlib\ccs\Debug\</path>
         <kind>archive</kind>
         <file>driverlib.lib</file>
         <name>sysctl.obj</name>
      </input_file>
   </input_file_list>
   <object_component_list>
      <object_component id="oc-e">
         <name>.intvecs</name>
         <load_address>0x0</load_address>
         <run_address>0x0</run_address>
         <size>0x26c</size>
         <input_file_ref idref="fl-6"/>
      </object_component>
      <object_component id="oc-16c">
         <name>.text:RFInit</name>
         <load_address>0x26c</load_address>
         <run_address>0x26c</run_address>
         <size>0x164</size>
         <input_file_ref idref="fl-8"/>
      </object_component>
      <object_component id="oc-212">
         <name>.text:USBDEP0StateTxConfig</name>
         <load_address>0x3d0</load_address>
         <run_address>0x3d0</run_address>
         <size>0x160</size>
         <input_file_ref idref="fl-14a"/>
      </object_component>
      <object_component id="oc-493">
         <name>.text:USBDeviceConfig</name>
         <load_address>0x530</load_address>
         <run_address>0x530</run_address>
         <size>0x140</size>
         <input_file_ref idref="fl-14b"/>
      </object_component>
      <object_component id="oc-14d">
         <name>.text:USBDeviceEnumHandler</name>
         <load_address>0x670</load_address>
         <run_address>0x670</run_address>
         <size>0xe0</size>
         <input_file_ref idref="fl-14a"/>
      </object_component>
      <object_component id="oc-3b4">
         <name>.text:USBDGetDescriptor</name>
         <load_address>0x750</load_address>
         <run_address>0x750</run_address>
         <size>0xdc</size>
         <input_file_ref idref="fl-14a"/>
      </object_component>
      <object_component id="oc-32d">
         <name>.text:USBDCDInit</name>
         <load_address>0x82c</load_address>
         <run_address>0x82c</run_address>
         <size>0xd8</size>
         <input_file_ref idref="fl-14a"/>
      </object_component>
      <object_component id="oc-b9">
         <name>.text:USBDeviceIntHandlerInternal</name>
         <load_address>0x904</load_address>
         <run_address>0x904</run_address>
         <size>0xd8</size>
         <input_file_ref idref="fl-14a"/>
      </object_component>
      <object_component id="oc-4bf">
         <name>.text:HandleRequests</name>
         <load_address>0x9dc</load_address>
         <run_address>0x9dc</run_address>
         <size>0xd0</size>
         <input_file_ref idref="fl-14d"/>
      </object_component>
      <object_component id="oc-42c">
         <name>.text:USBLibDMAInit</name>
         <load_address>0xaac</load_address>
         <run_address>0xaac</run_address>
         <size>0xc8</size>
         <input_file_ref idref="fl-150"/>
      </object_component>
      <object_component id="oc-254">
         <name>.text:SPIInit</name>
         <load_address>0xb74</load_address>
         <run_address>0xb74</run_address>
         <size>0xc4</size>
         <input_file_ref idref="fl-7"/>
      </object_component>
      <object_component id="oc-50b">
         <name>.text:uDMAUSBChannelAllocate</name>
         <load_address>0xc38</load_address>
         <run_address>0xc38</run_address>
         <size>0xc0</size>
         <input_file_ref idref="fl-150"/>
      </object_component>
      <object_component id="oc-542">
         <name>.text:uDMAUSBTransfer</name>
         <load_address>0xcf8</load_address>
         <run_address>0xcf8</run_address>
         <size>0xba</size>
         <input_file_ref idref="fl-150"/>
      </object_component>
      <object_component id="oc-2e">
         <name>.text:FaultISR</name>
         <load_address>0xdb2</load_address>
         <run_address>0xdb2</run_address>
         <size>0x2</size>
         <input_file_ref idref="fl-6"/>
      </object_component>
      <object_component id="oc-1c5">
         <name>.text:ControlHandler</name>
         <load_address>0xdb4</load_address>
         <run_address>0xdb4</run_address>
         <size>0xac</size>
         <input_file_ref idref="fl-4"/>
      </object_component>
      <object_component id="oc-2ab">
         <name>.text:HandleRxAvailable</name>
         <load_address>0xe60</load_address>
         <run_address>0xe60</run_address>
         <size>0xac</size>
         <input_file_ref idref="fl-152"/>
      </object_component>
      <object_component id="oc-328">
         <name>.text:USBDCDCCompositeInit</name>
         <load_address>0xf0c</load_address>
         <run_address>0xf0c</run_address>
         <size>0xa0</size>
         <input_file_ref idref="fl-14d"/>
      </object_component>
      <object_component id="oc-56">
         <name>.text</name>
         <load_address>0xfac</load_address>
         <run_address>0xfac</run_address>
         <size>0x9c</size>
         <input_file_ref idref="fl-13d"/>
      </object_component>
      <object_component id="oc-3cd">
         <name>.text:USBDSetInterface</name>
         <load_address>0x1048</load_address>
         <run_address>0x1048</run_address>
         <size>0x98</size>
         <input_file_ref idref="fl-14a"/>
      </object_component>
      <object_component id="oc-cc">
         <name>.text:main</name>
         <load_address>0x10e0</load_address>
         <run_address>0x10e0</run_address>
         <size>0x98</size>
         <input_file_ref idref="fl-9"/>
      </object_component>
      <object_component id="oc-65c">
         <name>.text:SendSerialState</name>
         <load_address>0x1178</load_address>
         <run_address>0x1178</run_address>
         <size>0x96</size>
         <input_file_ref idref="fl-14d"/>
      </object_component>
      <object_component id="oc-40d">
         <name>.text:CDCTickHandler</name>
         <load_address>0x120e</load_address>
         <run_address>0x120e</run_address>
         <size>0x94</size>
         <input_file_ref idref="fl-14d"/>
      </object_component>
      <object_component id="oc-33">
         <name>.text:IntDefaultHandler</name>
         <load_address>0x12a2</load_address>
         <run_address>0x12a2</run_address>
         <size>0x2</size>
         <input_file_ref idref="fl-6"/>
      </object_component>
      <object_component id="oc-45">
         <name>.text</name>
         <load_address>0x12a4</load_address>
         <run_address>0x12a4</run_address>
         <size>0x94</size>
         <input_file_ref idref="fl-142"/>
      </object_component>
      <object_component id="oc-fc">
         <name>.text:ScheduleNextTransmission</name>
         <load_address>0x1338</load_address>
         <run_address>0x1338</run_address>
         <size>0x90</size>
         <input_file_ref idref="fl-152"/>
      </object_component>
      <object_component id="oc-2b6">
         <name>.text:USBDCDCPacketRead</name>
         <load_address>0x13c8</load_address>
         <run_address>0x13c8</run_address>
         <size>0x90</size>
         <input_file_ref idref="fl-14d"/>
      </object_component>
      <object_component id="oc-3c3">
         <name>.text:USBDSetConfiguration</name>
         <load_address>0x1458</load_address>
         <run_address>0x1458</run_address>
         <size>0x8c</size>
         <input_file_ref idref="fl-14a"/>
      </object_component>
      <object_component id="oc-4a4">
         <name>.text:USBDeviceConfigAlternate</name>
         <load_address>0x14e4</load_address>
         <run_address>0x14e4</run_address>
         <size>0x8c</size>
         <input_file_ref idref="fl-14b"/>
      </object_component>
      <object_component id="oc-28e">
         <name>.text:GetLineCoding</name>
         <load_address>0x1570</load_address>
         <run_address>0x1570</run_address>
         <size>0x88</size>
         <input_file_ref idref="fl-4"/>
      </object_component>
      <object_component id="oc-616">
         <name>.text:uDMAChannelTransferSet</name>
         <load_address>0x15f8</load_address>
         <run_address>0x15f8</run_address>
         <size>0x80</size>
         <input_file_ref idref="fl-157"/>
      </object_component>
      <object_component id="oc-3a5">
         <name>.text:USBDClearFeature</name>
         <load_address>0x1678</load_address>
         <run_address>0x1678</run_address>
         <size>0x78</size>
         <input_file_ref idref="fl-14a"/>
      </object_component>
      <object_component id="oc-4e2">
         <name>.text:HandleDevice</name>
         <load_address>0x16f0</load_address>
         <run_address>0x16f0</run_address>
         <size>0x76</size>
         <input_file_ref idref="fl-14d"/>
      </object_component>
      <object_component id="oc-578">
         <name>.text:USBDevEndpointConfigSet</name>
         <load_address>0x1766</load_address>
         <run_address>0x1766</run_address>
         <size>0x72</size>
         <input_file_ref idref="fl-156"/>
      </object_component>
      <object_component id="oc-506">
         <name>.text:uDMAUSBArbSizeSet</name>
         <load_address>0x17d8</load_address>
         <run_address>0x17d8</run_address>
         <size>0x72</size>
         <input_file_ref idref="fl-150"/>
      </object_component>
      <object_component id="oc-29">
         <name>.text:NmiSR</name>
         <load_address>0x184a</load_address>
         <run_address>0x184a</run_address>
         <size>0x2</size>
         <input_file_ref idref="fl-6"/>
      </object_component>
      <object_component id="oc-217">
         <name>.text:USBDEP0StateTx</name>
         <load_address>0x184c</load_address>
         <run_address>0x184c</run_address>
         <size>0x70</size>
         <input_file_ref idref="fl-14a"/>
      </object_component>
      <object_component id="oc-3a0">
         <name>.text:USBDGetStatus</name>
         <load_address>0x18bc</load_address>
         <run_address>0x18bc</run_address>
         <size>0x70</size>
         <input_file_ref idref="fl-14a"/>
      </object_component>
      <object_component id="oc-547">
         <name>.text:uDMAUSBUnitSizeSet</name>
         <load_address>0x192c</load_address>
         <run_address>0x192c</run_address>
         <size>0x70</size>
         <input_file_ref idref="fl-150"/>
      </object_component>
      <object_component id="oc-5bf">
         <name>.text:ProcessDataFromHost</name>
         <load_address>0x199c</load_address>
         <run_address>0x199c</run_address>
         <size>0x6e</size>
         <input_file_ref idref="fl-14d"/>
      </object_component>
      <object_component id="oc-293">
         <name>.text:SetLineCoding</name>
         <load_address>0x1a0a</load_address>
         <run_address>0x1a0a</run_address>
         <size>0x2</size>
         <input_file_ref idref="fl-4"/>
      </object_component>
      <object_component id="oc-5f4">
         <name>.text:IntDisable</name>
         <load_address>0x1a0c</load_address>
         <run_address>0x1a0c</run_address>
         <size>0x68</size>
         <input_file_ref idref="fl-146"/>
      </object_component>
      <object_component id="oc-269">
         <name>.text:IntEnable</name>
         <load_address>0x1a74</load_address>
         <run_address>0x1a74</run_address>
         <size>0x68</size>
         <input_file_ref idref="fl-146"/>
      </object_component>
      <object_component id="oc-162">
         <name>.text:ConfigureUART</name>
         <load_address>0x1adc</load_address>
         <run_address>0x1adc</run_address>
         <size>0x64</size>
         <input_file_ref idref="fl-9"/>
      </object_component>
      <object_component id="oc-5ef">
         <name>.text:IntIsEnabled</name>
         <load_address>0x1b40</load_address>
         <run_address>0x1b40</run_address>
         <size>0x64</size>
         <input_file_ref idref="fl-146"/>
      </object_component>
      <object_component id="oc-82">
         <name>.text:RFReadRecieveBuffer</name>
         <load_address>0x1ba4</load_address>
         <run_address>0x1ba4</run_address>
         <size>0x64</size>
         <input_file_ref idref="fl-8"/>
      </object_component>
      <object_component id="oc-3aa">
         <name>.text:USBDSetFeature</name>
         <load_address>0x1c08</load_address>
         <run_address>0x1c08</run_address>
         <size>0x64</size>
         <input_file_ref idref="fl-14a"/>
      </object_component>
      <object_component id="oc-167">
         <name>.text:USBInit</name>
         <load_address>0x1c6c</load_address>
         <run_address>0x1c6c</run_address>
         <size>0x64</size>
         <input_file_ref idref="fl-4"/>
      </object_component>
      <object_component id="oc-515">
         <name>.text:uDMAUSBChannelEnable</name>
         <load_address>0x1cd0</load_address>
         <run_address>0x1cd0</run_address>
         <size>0x64</size>
         <input_file_ref idref="fl-150"/>
      </object_component>
      <object_component id="oc-23c">
         <name>.text:UARTStdioConfig</name>
         <load_address>0x1d34</load_address>
         <run_address>0x1d34</run_address>
         <size>0x60</size>
         <input_file_ref idref="fl-3"/>
      </object_component>
      <object_component id="oc-1ca">
         <name>.text:USBBufferEventCallback</name>
         <load_address>0x1d94</load_address>
         <run_address>0x1d94</run_address>
         <size>0x60</size>
         <input_file_ref idref="fl-152"/>
      </object_component>
      <object_component id="oc-20d">
         <name>.text:USBDReadAndDispatchRequest</name>
         <load_address>0x1df4</load_address>
         <run_address>0x1df4</run_address>
         <size>0x60</size>
         <input_file_ref idref="fl-14a"/>
      </object_component>
      <object_component id="oc-1f9">
         <name>.text:USBDevEndpointStatusClear</name>
         <load_address>0x1e54</load_address>
         <run_address>0x1e54</run_address>
         <size>0x5e</size>
         <input_file_ref idref="fl-156"/>
      </object_component>
      <object_component id="oc-68">
         <name>.text</name>
         <load_address>0x1eb2</load_address>
         <run_address>0x1eb2</run_address>
         <size>0x5e</size>
         <input_file_ref idref="fl-13a"/>
      </object_component>
      <object_component id="oc-5c4">
         <name>.text:ProcessDataToHost</name>
         <load_address>0x1f10</load_address>
         <run_address>0x1f10</run_address>
         <size>0x5c</size>
         <input_file_ref idref="fl-14d"/>
      </object_component>
      <object_component id="oc-48b">
         <name>.text:USBDStringIndexFromRequest</name>
         <load_address>0x1f6c</load_address>
         <run_address>0x1f6c</run_address>
         <size>0x5c</size>
         <input_file_ref idref="fl-14a"/>
      </object_component>
      <object_component id="oc-127">
         <name>.text:USBDCDCPacketWrite</name>
         <load_address>0x1fc8</load_address>
         <run_address>0x1fc8</run_address>
         <size>0x56</size>
         <input_file_ref idref="fl-14d"/>
      </object_component>
      <object_component id="oc-524">
         <name>.text:uDMAUSBChannelRelease</name>
         <load_address>0x201e</load_address>
         <run_address>0x201e</run_address>
         <size>0x54</size>
         <input_file_ref idref="fl-150"/>
      </object_component>
      <object_component id="oc-51f">
         <name>.text:uDMAUSBChannelIntDisable</name>
         <load_address>0x2072</load_address>
         <run_address>0x2072</run_address>
         <size>0x2</size>
         <input_file_ref idref="fl-150"/>
      </object_component>
      <object_component id="oc-413">
         <name>.text:SysCtlPeripheralReset</name>
         <load_address>0x2074</load_address>
         <run_address>0x2074</run_address>
         <size>0x50</size>
         <input_file_ref idref="fl-158"/>
      </object_component>
      <object_component id="oc-569">
         <name>.text:USBDCDConfigDescGet</name>
         <load_address>0x20c4</load_address>
         <run_address>0x20c4</run_address>
         <size>0x50</size>
         <input_file_ref idref="fl-14c"/>
      </object_component>
      <object_component id="oc-13e">
         <name>.text:USBDeviceResumeTickHandler</name>
         <load_address>0x2114</load_address>
         <run_address>0x2114</run_address>
         <size>0x50</size>
         <input_file_ref idref="fl-14a"/>
      </object_component>
      <object_component id="oc-483">
         <name>.text:USBDevEndpointStallClear</name>
         <load_address>0x2164</load_address>
         <run_address>0x2164</run_address>
         <size>0x4e</size>
         <input_file_ref idref="fl-156"/>
      </object_component>
      <object_component id="oc-58f">
         <name>.text:ConfigAlternateInterfaceGet</name>
         <load_address>0x21b2</load_address>
         <run_address>0x21b2</run_address>
         <size>0x4c</size>
         <input_file_ref idref="fl-14c"/>
      </object_component>
      <object_component id="oc-573">
         <name>.text:GetEPDescriptorType</name>
         <load_address>0x21fe</load_address>
         <run_address>0x21fe</run_address>
         <size>0x4c</size>
         <input_file_ref idref="fl-14b"/>
      </object_component>
      <object_component id="oc-4dd">
         <name>.text:HandleEndpoints</name>
         <load_address>0x224a</load_address>
         <run_address>0x224a</run_address>
         <size>0x4c</size>
         <input_file_ref idref="fl-14d"/>
      </object_component>
      <object_component id="oc-51a">
         <name>.text:uDMAUSBChannelIntEnable</name>
         <load_address>0x2296</load_address>
         <run_address>0x2296</run_address>
         <size>0x2</size>
         <input_file_ref idref="fl-150"/>
      </object_component>
      <object_component id="oc-38">
         <name>.text:IRQInterruptHandler</name>
         <load_address>0x2298</load_address>
         <run_address>0x2298</run_address>
         <size>0x4c</size>
         <input_file_ref idref="fl-9"/>
      </object_component>
      <object_component id="oc-24c">
         <name>.text:USBDCDCInit</name>
         <load_address>0x22e4</load_address>
         <run_address>0x22e4</run_address>
         <size>0x4c</size>
         <input_file_ref idref="fl-14d"/>
      </object_component>
      <object_component id="oc-620">
         <name>.text:USBEndpointDMAConfigSet</name>
         <load_address>0x2330</load_address>
         <run_address>0x2330</run_address>
         <size>0x4c</size>
         <input_file_ref idref="fl-156"/>
      </object_component>
      <object_component id="oc-510">
         <name>.text:uDMAUSBChannelDisable</name>
         <load_address>0x237c</load_address>
         <run_address>0x237c</run_address>
         <size>0x4a</size>
         <input_file_ref idref="fl-150"/>
      </object_component>
      <object_component id="oc-337">
         <name>.text:GPIOPinConfigure</name>
         <load_address>0x23c8</load_address>
         <run_address>0x23c8</run_address>
         <size>0x48</size>
         <input_file_ref idref="fl-147"/>
      </object_component>
      <object_component id="oc-10">
         <name>.text</name>
         <load_address>0x2410</load_address>
         <run_address>0x2410</run_address>
         <size>0x48</size>
         <input_file_ref idref="fl-138"/>
      </object_component>
      <object_component id="oc-5de">
         <name>.text:uDMAChannelAttributeDisable</name>
         <load_address>0x2458</load_address>
         <run_address>0x2458</run_address>
         <size>0x48</size>
         <input_file_ref idref="fl-157"/>
      </object_component>
      <object_component id="oc-4c9">
         <name>.text:HandleEP0Data</name>
         <load_address>0x24a0</load_address>
         <run_address>0x24a0</run_address>
         <size>0x46</size>
         <input_file_ref idref="fl-14d"/>
      </object_component>
      <object_component id="oc-139">
         <name>.text:USBDeviceEnumResetHandler</name>
         <load_address>0x24e8</load_address>
         <run_address>0x24e8</run_address>
         <size>0x44</size>
         <input_file_ref idref="fl-14a"/>
      </object_component>
      <object_component id="oc-203">
         <name>.text:USBEndpointDataGet</name>
         <load_address>0x252c</load_address>
         <run_address>0x252c</run_address>
         <size>0x44</size>
         <input_file_ref idref="fl-156"/>
      </object_component>
      <object_component id="oc-c6">
         <name>.text</name>
         <load_address>0x2570</load_address>
         <run_address>0x2570</run_address>
         <size>0x44</size>
         <input_file_ref idref="fl-143"/>
      </object_component>
      <object_component id="oc-4e">
         <name>.text</name>
         <load_address>0x25b4</load_address>
         <run_address>0x25b4</run_address>
         <size>0x44</size>
         <input_file_ref idref="fl-13c"/>
      </object_component>
      <object_component id="oc-3c8">
         <name>.text:USBDGetInterface</name>
         <load_address>0x25f8</load_address>
         <run_address>0x25f8</run_address>
         <size>0x40</size>
         <input_file_ref idref="fl-14a"/>
      </object_component>
      <object_component id="oc-56e">
         <name>.text:USBDCDConfigGetInterfaceEndpoint</name>
         <load_address>0x2638</load_address>
         <run_address>0x2638</run_address>
         <size>0x3a</size>
         <input_file_ref idref="fl-14c"/>
      </object_component>
      <object_component id="oc-582">
         <name>.text:USBFIFOConfigSet</name>
         <load_address>0x2672</load_address>
         <run_address>0x2672</run_address>
         <size>0x3a</size>
         <input_file_ref idref="fl-156"/>
      </object_component>
      <object_component id="oc-374">
         <name>.text:RxDataHandler</name>
         <load_address>0x26ac</load_address>
         <run_address>0x26ac</run_address>
         <size>0x38</size>
         <input_file_ref idref="fl-9"/>
      </object_component>
      <object_component id="oc-b4">
         <name>.text:USBIntStatusControl</name>
         <load_address>0x26e4</load_address>
         <run_address>0x26e4</run_address>
         <size>0x38</size>
         <input_file_ref idref="fl-156"/>
      </object_component>
      <object_component id="oc-4e9">
         <name>.text:SendBreak</name>
         <load_address>0x271c</load_address>
         <run_address>0x271c</run_address>
         <size>0x36</size>
         <input_file_ref idref="fl-14d"/>
      </object_component>
      <object_component id="oc-36e">
         <name>.text:USBRingBufAdvanceWrite</name>
         <load_address>0x2752</load_address>
         <run_address>0x2752</run_address>
         <size>0x36</size>
         <input_file_ref idref="fl-155"/>
      </object_component>
      <object_component id="oc-264">
         <name>.text:IntRegister</name>
         <load_address>0x2788</load_address>
         <run_address>0x2788</run_address>
         <size>0x34</size>
         <input_file_ref idref="fl-146"/>
      </object_component>
      <object_component id="oc-143">
         <name>.text:InternalUSBStartOfFrameTick</name>
         <load_address>0x27bc</load_address>
         <run_address>0x27bc</run_address>
         <size>0x34</size>
         <input_file_ref idref="fl-14e"/>
      </object_component>
      <object_component id="oc-418">
         <name>.text:SysCtlPeripheralEnable</name>
         <load_address>0x27f0</load_address>
         <run_address>0x27f0</run_address>
         <size>0x34</size>
         <input_file_ref idref="fl-158"/>
      </object_component>
      <object_component id="oc-4c4">
         <name>.text:HandleConfigChange</name>
         <load_address>0x2824</load_address>
         <run_address>0x2824</run_address>
         <size>0x32</size>
         <input_file_ref idref="fl-14d"/>
      </object_component>
      <object_component id="oc-635">
         <name>.text:NextConfigDescGet</name>
         <load_address>0x2856</load_address>
         <run_address>0x2856</run_address>
         <size>0x32</size>
         <input_file_ref idref="fl-14c"/>
      </object_component>
      <object_component id="oc-5ba">
         <name>.text:ProcessNotificationToHost</name>
         <load_address>0x2888</load_address>
         <run_address>0x2888</run_address>
         <size>0x32</size>
         <input_file_ref idref="fl-14d"/>
      </object_component>
      <object_component id="oc-398">
         <name>.text:USBDevEndpointStall</name>
         <load_address>0x28ba</load_address>
         <run_address>0x28ba</run_address>
         <size>0x32</size>
         <input_file_ref idref="fl-156"/>
      </object_component>
      <object_component id="oc-52e">
         <name>.text:DMAUSBIntHandler</name>
         <load_address>0x28ec</load_address>
         <run_address>0x28ec</run_address>
         <size>0x30</size>
         <input_file_ref idref="fl-150"/>
      </object_component>
      <object_component id="oc-401">
         <name>.text:InternalUSBTickInit</name>
         <load_address>0x291c</load_address>
         <run_address>0x291c</run_address>
         <size>0x30</size>
         <input_file_ref idref="fl-14e"/>
      </object_component>
      <object_component id="oc-2b1">
         <name>.text:RxHandler</name>
         <load_address>0x294c</load_address>
         <run_address>0x294c</run_address>
         <size>0x30</size>
         <input_file_ref idref="fl-4"/>
      </object_component>
      <object_component id="oc-3be">
         <name>.text:USBDGetConfiguration</name>
         <load_address>0x297c</load_address>
         <run_address>0x297c</run_address>
         <size>0x30</size>
         <input_file_ref idref="fl-14a"/>
      </object_component>
      <object_component id="oc-1d5">
         <name>.text:USBEndpointDataPut</name>
         <load_address>0x29ac</load_address>
         <run_address>0x29ac</run_address>
         <size>0x30</size>
         <input_file_ref idref="fl-156"/>
      </object_component>
      <object_component id="oc-2bb">
         <name>.text:USBDCDCRxPacketAvailable</name>
         <load_address>0x29dc</load_address>
         <run_address>0x29dc</run_address>
         <size>0x2e</size>
         <input_file_ref idref="fl-14d"/>
      </object_component>
      <object_component id="oc-1da">
         <name>.text:USBEndpointDataSend</name>
         <load_address>0x2a0a</load_address>
         <run_address>0x2a0a</run_address>
         <size>0x2e</size>
         <input_file_ref idref="fl-156"/>
      </object_component>
      <object_component id="oc-87">
         <name>.text:USBBufferWrite</name>
         <load_address>0x2a38</load_address>
         <run_address>0x2a38</run_address>
         <size>0x2c</size>
         <input_file_ref idref="fl-152"/>
      </object_component>
      <object_component id="oc-62f">
         <name>.text:USBDescGet</name>
         <load_address>0x2a64</load_address>
         <run_address>0x2a64</run_address>
         <size>0x2c</size>
         <input_file_ref idref="fl-151"/>
      </object_component>
      <object_component id="oc-533">
         <name>.text:uDMAUSBIntStatus</name>
         <load_address>0x2a90</load_address>
         <run_address>0x2a90</run_address>
         <size>0x2c</size>
         <input_file_ref idref="fl-150"/>
      </object_component>
      <object_component id="oc-49a">
         <name>.text:USBDCDConfigDescGetNum</name>
         <load_address>0x2abc</load_address>
         <run_address>0x2abc</run_address>
         <size>0x2a</size>
         <input_file_ref idref="fl-14c"/>
      </object_component>
      <object_component id="oc-406">
         <name>.text:InternalUSBRegisterTickHandler</name>
         <load_address>0x2ae8</load_address>
         <run_address>0x2ae8</run_address>
         <size>0x28</size>
         <input_file_ref idref="fl-14e"/>
      </object_component>
      <object_component id="oc-a0">
         <name>.text:RFWriteRegister</name>
         <load_address>0x2b10</load_address>
         <run_address>0x2b10</run_address>
         <size>0x28</size>
         <input_file_ref idref="fl-8"/>
      </object_component>
      <object_component id="oc-589">
         <name>.text:USBDescGetNum</name>
         <load_address>0x2b38</load_address>
         <run_address>0x2b38</run_address>
         <size>0x28</size>
         <input_file_ref idref="fl-151"/>
      </object_component>
      <object_component id="oc-431">
         <name>.text:USBIntEnableControl</name>
         <load_address>0x2b60</load_address>
         <run_address>0x2b60</run_address>
         <size>0x28</size>
         <input_file_ref idref="fl-156"/>
      </object_component>
      <object_component id="oc-27b">
         <name>.text:UpdateIndexAtomic</name>
         <load_address>0x2b88</load_address>
         <run_address>0x2b88</run_address>
         <size>0x28</size>
         <input_file_ref idref="fl-155"/>
      </object_component>
      <object_component id="oc-609">
         <name>.text:uDMAChannelModeGet</name>
         <load_address>0x2bb0</load_address>
         <run_address>0x2bb0</run_address>
         <size>0x28</size>
         <input_file_ref idref="fl-157"/>
      </object_component>
      <object_component id="oc-2a6">
         <name>.text:HandleRequestBuffer</name>
         <load_address>0x2bd8</load_address>
         <run_address>0x2bd8</run_address>
         <size>0x24</size>
         <input_file_ref idref="fl-152"/>
      </object_component>
      <object_component id="oc-46d">
         <name>.text:USBBufferRead</name>
         <load_address>0x2bfc</load_address>
         <run_address>0x2bfc</run_address>
         <size>0x24</size>
         <input_file_ref idref="fl-152"/>
      </object_component>
      <object_component id="oc-3fc">
         <name>.text:USBDCDDeviceInfoInit</name>
         <load_address>0x2c20</load_address>
         <run_address>0x2c20</run_address>
         <size>0x24</size>
         <input_file_ref idref="fl-14a"/>
      </object_component>
      <object_component id="oc-3af">
         <name>.text:USBDSetAddress</name>
         <load_address>0x2c44</load_address>
         <run_address>0x2c44</run_address>
         <size>0x24</size>
         <input_file_ref idref="fl-14a"/>
      </object_component>
      <object_component id="oc-208">
         <name>.text:USBDevEndpointDataAck</name>
         <load_address>0x2c68</load_address>
         <run_address>0x2c68</run_address>
         <size>0x24</size>
         <input_file_ref idref="fl-156"/>
      </object_component>
      <object_component id="oc-5e3">
         <name>.text:USBEndpointDMADisable</name>
         <load_address>0x2c8c</load_address>
         <run_address>0x2c8c</run_address>
         <size>0x24</size>
         <input_file_ref idref="fl-156"/>
      </object_component>
      <object_component id="oc-5f9">
         <name>.text:USBEndpointDMAEnable</name>
         <load_address>0x2cb0</load_address>
         <run_address>0x2cb0</run_address>
         <size>0x24</size>
         <input_file_ref idref="fl-156"/>
      </object_component>
      <object_component id="oc-5d3">
         <name>.text:uDMAChannelControlSet</name>
         <load_address>0x2cd4</load_address>
         <run_address>0x2cd4</run_address>
         <size>0x24</size>
         <input_file_ref idref="fl-157"/>
      </object_component>
      <object_component id="oc-4d8">
         <name>.text:HandleDisconnect</name>
         <load_address>0x2cf8</load_address>
         <run_address>0x2cf8</run_address>
         <size>0x22</size>
         <input_file_ref idref="fl-14d"/>
      </object_component>
      <object_component id="oc-4f8">
         <name>.text:SendLineCodingChange</name>
         <load_address>0x2d1a</load_address>
         <run_address>0x2d1a</run_address>
         <size>0x22</size>
         <input_file_ref idref="fl-14d"/>
      </object_component>
      <object_component id="oc-4f3">
         <name>.text:SendLineStateChange</name>
         <load_address>0x2d3c</load_address>
         <run_address>0x2d3c</run_address>
         <size>0x22</size>
         <input_file_ref idref="fl-14d"/>
      </object_component>
      <object_component id="oc-529">
         <name>.text:uDMAUSBChannelStatus</name>
         <load_address>0x2d5e</load_address>
         <run_address>0x2d5e</run_address>
         <size>0x22</size>
         <input_file_ref idref="fl-150"/>
      </object_component>
      <object_component id="oc-57d">
         <name>.text:GetEndpointFIFOSize</name>
         <load_address>0x2d80</load_address>
         <run_address>0x2d80</run_address>
         <size>0x20</size>
         <input_file_ref idref="fl-14b"/>
      </object_component>
      <object_component id="oc-96">
         <name>.text:SPIDataRead</name>
         <load_address>0x2da0</load_address>
         <run_address>0x2da0</run_address>
         <size>0x20</size>
         <input_file_ref idref="fl-7"/>
      </object_component>
      <object_component id="oc-247">
         <name>.text:USBStackModeSet</name>
         <load_address>0x2dc0</load_address>
         <run_address>0x2dc0</run_address>
         <size>0x20</size>
         <input_file_ref idref="fl-14f"/>
      </object_component>
      <object_component id="oc-59b">
         <name>.text:CheckAndSendBreak</name>
         <load_address>0x2de0</load_address>
         <run_address>0x2de0</run_address>
         <size>0x1e</size>
         <input_file_ref idref="fl-14d"/>
      </object_component>
      <object_component id="oc-29c">
         <name>.text:HandleDataRemaining</name>
         <load_address>0x2dfe</load_address>
         <run_address>0x2dfe</run_address>
         <size>0x1e</size>
         <input_file_ref idref="fl-152"/>
      </object_component>
      <object_component id="oc-362">
         <name>.text:USBRingBufAdvanceRead</name>
         <load_address>0x2e1c</load_address>
         <run_address>0x2e1c</run_address>
         <size>0x1e</size>
         <input_file_ref idref="fl-155"/>
      </object_component>
      <object_component id="oc-91">
         <name>.text:SPIDataWrite</name>
         <load_address>0x2e3c</load_address>
         <run_address>0x2e3c</run_address>
         <size>0x1c</size>
         <input_file_ref idref="fl-7"/>
      </object_component>
      <object_component id="oc-a5">
         <name>.text:SPISetCEHigh</name>
         <load_address>0x2e58</load_address>
         <run_address>0x2e58</run_address>
         <size>0x1c</size>
         <input_file_ref idref="fl-7"/>
      </object_component>
      <object_component id="oc-7d">
         <name>.text:SPISetCELow</name>
         <load_address>0x2e74</load_address>
         <run_address>0x2e74</run_address>
         <size>0x1c</size>
         <input_file_ref idref="fl-7"/>
      </object_component>
      <object_component id="oc-9b">
         <name>.text:SPISetCSNHigh</name>
         <load_address>0x2e90</load_address>
         <run_address>0x2e90</run_address>
         <size>0x1c</size>
         <input_file_ref idref="fl-7"/>
      </object_component>
      <object_component id="oc-8c">
         <name>.text:SPISetCSNLow</name>
         <load_address>0x2eac</load_address>
         <run_address>0x2eac</run_address>
         <size>0x1c</size>
         <input_file_ref idref="fl-7"/>
      </object_component>
      <object_component id="oc-37a">
         <name>.text:SetDeferredOpFlag</name>
         <load_address>0x2ec8</load_address>
         <run_address>0x2ec8</run_address>
         <size>0x1c</size>
         <input_file_ref idref="fl-14d"/>
      </object_component>
      <object_component id="oc-49f">
         <name>.text:USBDCDConfigGetInterface</name>
         <load_address>0x2ee4</load_address>
         <run_address>0x2ee4</run_address>
         <size>0x1c</size>
         <input_file_ref idref="fl-14c"/>
      </object_component>
      <object_component id="oc-2f8">
         <name>.text:USBDCDStallEP0</name>
         <load_address>0x2f00</load_address>
         <run_address>0x2f00</run_address>
         <size>0x1c</size>
         <input_file_ref idref="fl-14a"/>
      </object_component>
      <object_component id="oc-37f">
         <name>.text:USBEndpointDataAvail</name>
         <load_address>0x2f1c</load_address>
         <run_address>0x2f1c</run_address>
         <size>0x1c</size>
         <input_file_ref idref="fl-156"/>
      </object_component>
      <object_component id="oc-368">
         <name>.text:USBRingBufContigFree</name>
         <load_address>0x2f38</load_address>
         <run_address>0x2f38</run_address>
         <size>0x1c</size>
         <input_file_ref idref="fl-155"/>
      </object_component>
      <object_component id="oc-25f">
         <name>.text:_GPIOIntNumberGet</name>
         <load_address>0x2f54</load_address>
         <run_address>0x2f54</run_address>
         <size>0x1c</size>
         <input_file_ref idref="fl-147"/>
      </object_component>
      <object_component id="oc-4ee">
         <name>.text:DeviceConsumedAllData</name>
         <load_address>0x2f70</load_address>
         <run_address>0x2f70</run_address>
         <size>0x1a</size>
         <input_file_ref idref="fl-14d"/>
      </object_component>
      <object_component id="oc-5d9">
         <name>.text:USBEndpointDMAChannel</name>
         <load_address>0x2f8a</load_address>
         <run_address>0x2f8a</run_address>
         <size>0x1a</size>
         <input_file_ref idref="fl-156"/>
      </object_component>
      <object_component id="oc-55c">
         <name>.text:USBRingBufRead</name>
         <load_address>0x2fa4</load_address>
         <run_address>0x2fa4</run_address>
         <size>0x1a</size>
         <input_file_ref idref="fl-155"/>
      </object_component>
      <object_component id="oc-629">
         <name>.text:USBRingBufReadOne</name>
         <load_address>0x2fbe</load_address>
         <run_address>0x2fbe</run_address>
         <size>0x1a</size>
         <input_file_ref idref="fl-155"/>
      </object_component>
      <object_component id="oc-f7">
         <name>.text:USBRingBufWrite</name>
         <load_address>0x2fd8</load_address>
         <run_address>0x2fd8</run_address>
         <size>0x1a</size>
         <input_file_ref idref="fl-155"/>
      </object_component>
      <object_component id="oc-171">
         <name>.text:GPIOIntRegister</name>
         <load_address>0x2ff2</load_address>
         <run_address>0x2ff2</run_address>
         <size>0x18</size>
         <input_file_ref idref="fl-147"/>
      </object_component>
      <object_component id="oc-3d">
         <name>.text:USB0DeviceIntHandler</name>
         <load_address>0x300c</load_address>
         <run_address>0x300c</run_address>
         <size>0x18</size>
         <input_file_ref idref="fl-149"/>
      </object_component>
      <object_component id="oc-302">
         <name>.text:USBDCDConfigDescGetSize</name>
         <load_address>0x3024</load_address>
         <run_address>0x3024</run_address>
         <size>0x18</size>
         <input_file_ref idref="fl-14c"/>
      </object_component>
      <object_component id="oc-3b9">
         <name>.text:USBDSetDescriptor</name>
         <load_address>0x303c</load_address>
         <run_address>0x303c</run_address>
         <size>0x18</size>
         <input_file_ref idref="fl-14a"/>
      </object_component>
      <object_component id="oc-3d2">
         <name>.text:USBDSyncFrame</name>
         <load_address>0x3054</load_address>
         <run_address>0x3054</run_address>
         <size>0x18</size>
         <input_file_ref idref="fl-14a"/>
      </object_component>
      <object_component id="oc-49">
         <name>.text</name>
         <load_address>0x306c</load_address>
         <run_address>0x306c</run_address>
         <size>0x18</size>
         <input_file_ref idref="fl-141"/>
      </object_component>
      <object_component id="oc-5e9">
         <name>.text:uDMAChannelDisable</name>
         <load_address>0x3084</load_address>
         <run_address>0x3084</run_address>
         <size>0x18</size>
         <input_file_ref idref="fl-157"/>
      </object_component>
      <object_component id="oc-5fe">
         <name>.text:uDMAChannelEnable</name>
         <load_address>0x309c</load_address>
         <run_address>0x309c</run_address>
         <size>0x18</size>
         <input_file_ref idref="fl-157"/>
      </object_component>
      <object_component id="oc-5b1">
         <name>.text:CheckAndSendLineCodingChange</name>
         <load_address>0x30b4</load_address>
         <run_address>0x30b4</run_address>
         <size>0x16</size>
         <input_file_ref idref="fl-14d"/>
      </object_component>
      <object_component id="oc-5a0">
         <name>.text:CheckAndSendLineStateChange</name>
         <load_address>0x30ca</load_address>
         <run_address>0x30ca</run_address>
         <size>0x16</size>
         <input_file_ref idref="fl-14d"/>
      </object_component>
      <object_component id="oc-242">
         <name>.text:USBBufferInit</name>
         <load_address>0x30e0</load_address>
         <run_address>0x30e0</run_address>
         <size>0x16</size>
         <input_file_ref idref="fl-152"/>
      </object_component>
      <object_component id="oc-193">
         <name>.text:USBRingBufUsed</name>
         <load_address>0x30f6</load_address>
         <run_address>0x30f6</run_address>
         <size>0x16</size>
         <input_file_ref idref="fl-155"/>
      </object_component>
      <object_component id="oc-259">
         <name>.text:SPIRXFlush</name>
         <load_address>0x310c</load_address>
         <run_address>0x310c</run_address>
         <size>0x14</size>
         <input_file_ref idref="fl-7"/>
      </object_component>
      <object_component id="oc-5aa">
         <name>.text:USBDCDRequestDataEP0</name>
         <load_address>0x3120</load_address>
         <run_address>0x3120</run_address>
         <size>0x14</size>
         <input_file_ref idref="fl-14a"/>
      </object_component>
      <object_component id="oc-1e9">
         <name>.text:USBHostResume</name>
         <load_address>0x3134</load_address>
         <run_address>0x3134</run_address>
         <size>0x14</size>
         <input_file_ref idref="fl-156"/>
      </object_component>
      <object_component id="oc-436">
         <name>.text:USBIntEnableEndpoint</name>
         <load_address>0x3148</load_address>
         <run_address>0x3148</run_address>
         <size>0x14</size>
         <input_file_ref idref="fl-156"/>
      </object_component>
      <object_component id="oc-359">
         <name>.text:USBRingBufFlush</name>
         <load_address>0x315c</load_address>
         <run_address>0x315c</run_address>
         <size>0x14</size>
         <input_file_ref idref="fl-155"/>
      </object_component>
      <object_component id="oc-63e">
         <name>.text:_USBIndexWrite</name>
         <load_address>0x3170</load_address>
         <run_address>0x3170</run_address>
         <size>0x14</size>
         <input_file_ref idref="fl-156"/>
      </object_component>
      <object_component id="oc-183">
         <name>.text</name>
         <load_address>0x3184</load_address>
         <run_address>0x3184</run_address>
         <size>0x14</size>
         <input_file_ref idref="fl-140"/>
      </object_component>
      <object_component id="oc-4d3">
         <name>.text:HandleResume</name>
         <load_address>0x3198</load_address>
         <run_address>0x3198</run_address>
         <size>0x12</size>
         <input_file_ref idref="fl-14d"/>
      </object_component>
      <object_component id="oc-4ce">
         <name>.text:HandleSuspend</name>
         <load_address>0x31aa</load_address>
         <run_address>0x31aa</run_address>
         <size>0x12</size>
         <input_file_ref idref="fl-14d"/>
      </object_component>
      <object_component id="oc-2a1">
         <name>.text:HandleTxComplete</name>
         <load_address>0x31bc</load_address>
         <run_address>0x31bc</run_address>
         <size>0x12</size>
         <input_file_ref idref="fl-152"/>
      </object_component>
      <object_component id="oc-33c">
         <name>.text:SSIDataGetNonBlocking</name>
         <load_address>0x31ce</load_address>
         <run_address>0x31ce</run_address>
         <size>0x12</size>
         <input_file_ref idref="fl-145"/>
      </object_component>
      <object_component id="oc-f2">
         <name>.text:USBRingBufFree</name>
         <load_address>0x31e0</load_address>
         <run_address>0x31e0</run_address>
         <size>0x12</size>
         <input_file_ref idref="fl-155"/>
      </object_component>
      <object_component id="oc-19a">
         <name>.text:USBRingBufWriteOne</name>
         <load_address>0x31f2</load_address>
         <run_address>0x31f2</run_address>
         <size>0x12</size>
         <input_file_ref idref="fl-155"/>
      </object_component>
      <object_component id="oc-19">
         <name>.text:decompress:ZI</name>
         <load_address>0x3204</load_address>
         <run_address>0x3204</run_address>
         <size>0x12</size>
         <input_file_ref idref="fl-13b"/>
      </object_component>
      <object_component id="oc-34e">
         <name>.text:IntMasterDisable</name>
         <load_address>0x3216</load_address>
         <run_address>0x3216</run_address>
         <size>0x10</size>
         <input_file_ref idref="fl-146"/>
      </object_component>
      <object_component id="oc-353">
         <name>.text:IntMasterEnable</name>
         <load_address>0x3226</load_address>
         <run_address>0x3226</run_address>
         <size>0x10</size>
         <input_file_ref idref="fl-146"/>
      </object_component>
      <object_component id="oc-41d">
         <name>.text:SysCtlUSBPLLEnable</name>
         <load_address>0x3238</load_address>
         <run_address>0x3238</run_address>
         <size>0x10</size>
         <input_file_ref idref="fl-158"/>
      </object_component>
      <object_component id="oc-5a5">
         <name>.text:USBDCDSendDataEP0</name>
         <load_address>0x3248</load_address>
         <run_address>0x3248</run_address>
         <size>0x10</size>
         <input_file_ref idref="fl-14a"/>
      </object_component>
      <object_component id="oc-1f4">
         <name>.text:USBEndpointStatus</name>
         <load_address>0x3258</load_address>
         <run_address>0x3258</run_address>
         <size>0x10</size>
         <input_file_ref idref="fl-156"/>
      </object_component>
      <object_component id="oc-1a0">
         <name>.text:USBRingBufContigUsed</name>
         <load_address>0x3268</load_address>
         <run_address>0x3268</run_address>
         <size>0x10</size>
         <input_file_ref idref="fl-155"/>
      </object_component>
      <object_component id="oc-538">
         <name>.text:DMAUSBIntStatusClear</name>
         <load_address>0x3278</load_address>
         <run_address>0x3278</run_address>
         <size>0xe</size>
         <input_file_ref idref="fl-150"/>
      </object_component>
      <object_component id="oc-12c">
         <name>.text:USBDCDCTxPacketAvailable</name>
         <load_address>0x3286</load_address>
         <run_address>0x3286</run_address>
         <size>0xe</size>
         <input_file_ref idref="fl-14d"/>
      </object_component>
      <object_component id="oc-14">
         <name>.text:decompress:none</name>
         <load_address>0x3294</load_address>
         <run_address>0x3294</run_address>
         <size>0xe</size>
         <input_file_ref idref="fl-139"/>
      </object_component>
      <object_component id="oc-458">
         <name>.text:CPUcpsid</name>
         <load_address>0x32a2</load_address>
         <run_address>0x32a2</run_address>
         <size>0xc</size>
         <input_file_ref idref="fl-148"/>
      </object_component>
      <object_component id="oc-45e">
         <name>.text:CPUcpsie</name>
         <load_address>0x32ae</load_address>
         <run_address>0x32ae</run_address>
         <size>0xc</size>
         <input_file_ref idref="fl-148"/>
      </object_component>
      <object_component id="oc-176">
         <name>.text:GPIOIntEnable</name>
         <load_address>0x32ba</load_address>
         <run_address>0x32ba</run_address>
         <size>0xc</size>
         <input_file_ref idref="fl-147"/>
      </object_component>
      <object_component id="oc-61b">
         <name>.text:USBEndpointPacketCountSet</name>
         <load_address>0x32c6</load_address>
         <run_address>0x32c6</run_address>
         <size>0xc</size>
         <input_file_ref idref="fl-156"/>
      </object_component>
      <object_component id="oc-317">
         <name>.text:USBRingBufInit</name>
         <load_address>0x32d2</load_address>
         <run_address>0x32d2</run_address>
         <size>0xc</size>
         <input_file_ref idref="fl-155"/>
      </object_component>
      <object_component id="oc-43b">
         <name>.text:USBDevConnect</name>
         <load_address>0x32de</load_address>
         <run_address>0x32de</run_address>
         <size>0xa</size>
         <input_file_ref idref="fl-156"/>
      </object_component>
      <object_component id="oc-152">
         <name>.text:USBDevDisconnect</name>
         <load_address>0x32e8</load_address>
         <run_address>0x32e8</run_address>
         <size>0xa</size>
         <input_file_ref idref="fl-156"/>
      </object_component>
      <object_component id="oc-148">
         <name>.text:USBIntStatusEndpoint</name>
         <load_address>0x32f2</load_address>
         <run_address>0x32f2</run_address>
         <size>0xa</size>
         <input_file_ref idref="fl-156"/>
      </object_component>
      <object_component id="oc-427">
         <name>.text:USBDevMode</name>
         <load_address>0x32fc</load_address>
         <run_address>0x32fc</run_address>
         <size>0x8</size>
         <input_file_ref idref="fl-156"/>
      </object_component>
      <object_component id="oc-611">
         <name>.text:USBFIFOAddrGet</name>
         <load_address>0x3304</load_address>
         <run_address>0x3304</run_address>
         <size>0x8</size>
         <input_file_ref idref="fl-156"/>
      </object_component>
      <object_component id="oc-422">
         <name>.text:USBOTGMode</name>
         <load_address>0x330c</load_address>
         <run_address>0x330c</run_address>
         <size>0x8</size>
         <input_file_ref idref="fl-156"/>
      </object_component>
      <object_component id="oc-78">
         <name>.text:GPIOIntClear</name>
         <load_address>0x3314</load_address>
         <run_address>0x3314</run_address>
         <size>0x6</size>
         <input_file_ref idref="fl-147"/>
      </object_component>
      <object_component id="oc-24">
         <name>.text:ResetISR</name>
         <load_address>0x331a</load_address>
         <run_address>0x331a</run_address>
         <size>0x6</size>
         <input_file_ref idref="fl-6"/>
      </object_component>
      <object_component id="oc-237">
         <name>.text:UARTClockSourceSet</name>
         <load_address>0x3320</load_address>
         <run_address>0x3320</run_address>
         <size>0x6</size>
         <input_file_ref idref="fl-144"/>
      </object_component>
      <object_component id="oc-468">
         <name>.text:USBBufferDataAvailable</name>
         <load_address>0x3326</load_address>
         <run_address>0x3326</run_address>
         <size>0x6</size>
         <input_file_ref idref="fl-152"/>
      </object_component>
      <object_component id="oc-289">
         <name>.text:USBBufferFlush</name>
         <load_address>0x332c</load_address>
         <run_address>0x332c</run_address>
         <size>0x6</size>
         <input_file_ref idref="fl-152"/>
      </object_component>
      <object_component id="oc-1e">
         <name>.text:decompress:rle24</name>
         <load_address>0x3332</load_address>
         <run_address>0x3332</run_address>
         <size>0x6</size>
         <input_file_ref idref="fl-13a"/>
      </object_component>
      <object_component id="oc-53d">
         <name>.text:DMAUSBStatus</name>
         <load_address>0x3338</load_address>
         <run_address>0x3338</run_address>
         <size>0x4</size>
         <input_file_ref idref="fl-150"/>
      </object_component>
      <object_component id="oc-120">
         <name>.text:TxHandler</name>
         <load_address>0x333c</load_address>
         <run_address>0x333c</run_address>
         <size>0x4</size>
         <input_file_ref idref="fl-4"/>
      </object_component>
      <object_component id="oc-1fe">
         <name>.text:USBDevAddrSet</name>
         <load_address>0x3340</load_address>
         <run_address>0x3340</run_address>
         <size>0x4</size>
         <input_file_ref idref="fl-156"/>
      </object_component>
      <object_component id="oc-343">
         <name>.const:g_ppui32GPIOIntMapBlizzard</name>
         <load_address>0x3344</load_address>
         <run_address>0x3344</run_address>
         <size>0xc0</size>
         <input_file_ref idref="fl-147"/>
      </object_component>
      <object_component id="oc-449">
         <name>.const:g_pui32GPIOBaseAddrs</name>
         <load_address>0x3404</load_address>
         <run_address>0x3404</run_address>
         <size>0x78</size>
         <input_file_ref idref="fl-147"/>
      </object_component>
      <object_component id="oc-34a">
         <name>.const</name>
         <load_address>0x347c</load_address>
         <run_address>0x347c</run_address>
         <size>0x70</size>
         <input_file_ref idref="fl-146"/>
      </object_component>
      <object_component id="oc-334">
         <name>.const</name>
         <load_address>0x34ec</load_address>
         <run_address>0x34ec</run_address>
         <size>0x38</size>
         <input_file_ref idref="fl-14d"/>
      </object_component>
      <object_component id="oc-2cd">
         <name>.const:.string:g_pui8ConfigString</name>
         <load_address>0x3524</load_address>
         <run_address>0x3524</run_address>
         <size>0x36</size>
         <input_file_ref idref="fl-5"/>
      </object_component>
      <object_component id="oc-2ff">
         <name>.const:g_psUSBDStdRequests</name>
         <load_address>0x355c</load_address>
         <run_address>0x355c</run_address>
         <size>0x34</size>
         <input_file_ref idref="fl-14a"/>
      </object_component>
      <object_component id="oc-40b">
         <name>.const:g_sCDCHandlers</name>
         <load_address>0x3590</load_address>
         <run_address>0x3590</run_address>
         <size>0x30</size>
         <input_file_ref idref="fl-14d"/>
      </object_component>
      <object_component id="oc-2cb">
         <name>.const:.string:g_pui8ControlInterfaceString</name>
         <load_address>0x35c0</load_address>
         <run_address>0x35c0</run_address>
         <size>0x2c</size>
         <input_file_ref idref="fl-5"/>
      </object_component>
      <object_component id="oc-2c7">
         <name>.const:.string:g_pui8ManufacturerString</name>
         <load_address>0x35ec</load_address>
         <run_address>0x35ec</run_address>
         <size>0x24</size>
         <input_file_ref idref="fl-5"/>
      </object_component>
      <object_component id="oc-1cf">
         <name>.const:RxBuffer</name>
         <load_address>0x3610</load_address>
         <run_address>0x3610</run_address>
         <size>0x24</size>
         <input_file_ref idref="fl-5"/>
      </object_component>
      <object_component id="oc-ac">
         <name>.const:TxBuffer</name>
         <load_address>0x3634</load_address>
         <run_address>0x3634</run_address>
         <size>0x24</size>
         <input_file_ref idref="fl-5"/>
      </object_component>
      <object_component id="oc-443">
         <name>.const:.string:g_pui8CDCSerCommInterface</name>
         <load_address>0x3658</load_address>
         <run_address>0x3658</run_address>
         <size>0x23</size>
         <input_file_ref idref="fl-14d"/>
      </object_component>
      <object_component id="oc-2c9">
         <name>.const:.string:g_pui8ProductString</name>
         <load_address>0x367b</load_address>
         <run_address>0x367b</run_address>
         <size>0x22</size>
         <input_file_ref idref="fl-5"/>
      </object_component>
      <object_component id="oc-310">
         <name>.const</name>
         <load_address>0x36a0</load_address>
         <run_address>0x36a0</run_address>
         <size>0x1c</size>
         <input_file_ref idref="fl-3"/>
      </object_component>
      <object_component id="oc-1d1">
         <name>.const</name>
         <load_address>0x36bc</load_address>
         <run_address>0x36bc</run_address>
         <size>0x18</size>
         <input_file_ref idref="fl-5"/>
      </object_component>
      <object_component id="oc-445">
         <name>.const:.string</name>
         <load_address>0x36d4</load_address>
         <run_address>0x36d4</run_address>
         <size>0x17</size>
         <input_file_ref idref="fl-14d"/>
      </object_component>
      <object_component id="oc-2c5">
         <name>.const:.string</name>
         <load_address>0x36eb</load_address>
         <run_address>0x36eb</run_address>
         <size>0x16</size>
         <input_file_ref idref="fl-5"/>
      </object_component>
      <object_component id="oc-3dd">
         <name>.const:.string</name>
         <load_address>0x3704</load_address>
         <run_address>0x3704</run_address>
         <size>0x12</size>
         <input_file_ref idref="fl-3"/>
      </object_component>
      <object_component id="oc-6a1">
         <name>.cinit..data.load</name>
         <load_address>0x3718</load_address>
         <run_address>0x3718</run_address>
         <size>0x87</size>
      </object_component>
      <object_component id="oc-69e">
         <name>__TI_handler_table</name>
         <load_address>0x37a0</load_address>
         <run_address>0x37a0</run_address>
         <size>0xc</size>
      </object_component>
      <object_component id="oc-6a2">
         <name>.cinit..bss.load</name>
         <load_address>0x37b0</load_address>
         <run_address>0x37b0</run_address>
         <size>0x8</size>
      </object_component>
      <object_component id="oc-6a0">
         <name>.cinit..vtable.load</name>
         <load_address>0x37b8</load_address>
         <run_address>0x37b8</run_address>
         <size>0x8</size>
      </object_component>
      <object_component id="oc-69f">
         <name>__TI_cinit_table</name>
         <load_address>0x37c0</load_address>
         <run_address>0x37c0</run_address>
         <size>0x18</size>
      </object_component>
      <object_component id="oc-346">
         <name>.vtable</name>
         <uninitialized>true</uninitialized>
         <run_address>0x20000000</run_address>
         <size>0x26c</size>
         <input_file_ref idref="fl-146"/>
      </object_component>
      <object_component id="oc-53">
         <name>.data</name>
         <load_address>0x20000b70</load_address>
         <run_address>0x20000b70</run_address>
         <size>0x4</size>
         <input_file_ref idref="fl-13e"/>
      </object_component>
      <object_component id="oc-d3">
         <name>.data</name>
         <load_address>0x20000b58</load_address>
         <run_address>0x20000b58</run_address>
         <size>0x8</size>
         <input_file_ref idref="fl-140"/>
      </object_component>
      <object_component id="oc-d5">
         <name>.data</name>
         <load_address>0x20000b60</load_address>
         <run_address>0x20000b60</run_address>
         <size>0x8</size>
         <input_file_ref idref="fl-13c"/>
      </object_component>
      <object_component id="oc-125">
         <name>.data:g_sCDCDevice</name>
         <load_address>0x20000aa0</load_address>
         <run_address>0x20000aa0</run_address>
         <size>0x60</size>
         <input_file_ref idref="fl-5"/>
      </object_component>
      <object_component id="oc-15b">
         <name>.data</name>
         <load_address>0x20000b40</load_address>
         <run_address>0x20000b40</run_address>
         <size>0xc</size>
         <input_file_ref idref="fl-14e"/>
      </object_component>
      <object_component id="oc-15d">
         <name>.data</name>
         <load_address>0x20000b74</load_address>
         <run_address>0x20000b74</run_address>
         <size>0x4</size>
         <input_file_ref idref="fl-14a"/>
      </object_component>
      <object_component id="oc-312">
         <name>.data</name>
         <load_address>0x20000b68</load_address>
         <run_address>0x20000b68</run_address>
         <size>0x5</size>
         <input_file_ref idref="fl-3"/>
      </object_component>
      <object_component id="oc-31d">
         <name>.data</name>
         <load_address>0x20000b4c</load_address>
         <run_address>0x20000b4c</run_address>
         <size>0x9</size>
         <input_file_ref idref="fl-14f"/>
      </object_component>
      <object_component id="oc-332">
         <name>.data</name>
         <load_address>0x20000b00</load_address>
         <run_address>0x20000b00</run_address>
         <size>0x40</size>
         <input_file_ref idref="fl-14d"/>
      </object_component>
      <object_component id="oc-131">
         <name>.bss:g_pui8USBTxBuffer</name>
         <uninitialized>true</uninitialized>
         <run_address>0x2000047c</run_address>
         <size>0x100</size>
         <input_file_ref idref="fl-5"/>
      </object_component>
      <object_component id="oc-157">
         <name>.bss</name>
         <uninitialized>true</uninitialized>
         <run_address>0x20000690</run_address>
         <size>0x4</size>
         <input_file_ref idref="fl-14a"/>
      </object_component>
      <object_component id="oc-159">
         <name>.bss:g_psDCDInst</name>
         <uninitialized>true</uninitialized>
         <run_address>0x2000057c</run_address>
         <size>0x48</size>
         <input_file_ref idref="fl-14a"/>
      </object_component>
      <object_component id="oc-1ef">
         <name>.bss</name>
         <uninitialized>true</uninitialized>
         <run_address>0x20000604</run_address>
         <size>0x30</size>
         <input_file_ref idref="fl-14e"/>
      </object_component>
      <object_component id="oc-2c0">
         <name>.bss:g_pui8USBRxBuffer</name>
         <uninitialized>true</uninitialized>
         <run_address>0x2000037c</run_address>
         <size>0x100</size>
         <input_file_ref idref="fl-5"/>
      </object_component>
      <object_component id="oc-2fd">
         <name>.bss:g_pui8DataBufferIn</name>
         <uninitialized>true</uninitialized>
         <run_address>0x200005c4</run_address>
         <size>0x40</size>
         <input_file_ref idref="fl-14a"/>
      </object_component>
      <object_component id="oc-31f">
         <name>.bss</name>
         <uninitialized>true</uninitialized>
         <run_address>0x20000684</run_address>
         <size>0xc</size>
         <input_file_ref idref="fl-14f"/>
      </object_component>
      <object_component id="oc-504">
         <name>.bss:g_psUSBDMAInst</name>
         <uninitialized>true</uninitialized>
         <run_address>0x2000026c</run_address>
         <size>0x110</size>
         <input_file_ref idref="fl-150"/>
      </object_component>
      <object_component id="oc-298">
         <name>.common:g_bUSBConfigured</name>
         <uninitialized>true</uninitialized>
         <run_address>0x2000069c</run_address>
         <size>0x1</size>
      </object_component>
      <object_component id="oc-29a">
         <name>.common:g_ui32Flags</name>
         <uninitialized>true</uninitialized>
         <run_address>0x20000698</run_address>
         <size>0x4</size>
      </object_component>
      <object_component id="oc-299">
         <name>.common:g_pcStatus</name>
         <uninitialized>true</uninitialized>
         <run_address>0x20000694</run_address>
         <size>0x4</size>
      </object_component>
      <object_component id="oc-2c2">
         <name>.common:g_pui8RxBufferWorkspace</name>
         <uninitialized>true</uninitialized>
         <run_address>0x20000654</run_address>
         <size>0x18</size>
      </object_component>
      <object_component id="oc-133">
         <name>.common:g_pui8TxBufferWorkspace</name>
         <uninitialized>true</uninitialized>
         <run_address>0x2000066c</run_address>
         <size>0x18</size>
      </object_component>
      <object_component id="oc-aa">
         <name>.common:ui8RxBuffer</name>
         <uninitialized>true</uninitialized>
         <run_address>0x20000634</run_address>
         <size>0x20</size>
      </object_component>
      <object_component id="oc-23">
         <name>.stack</name>
         <uninitialized>true</uninitialized>
         <run_address>0x200006a0</run_address>
         <size>0x0</size>
         <input_file_ref idref="fl-138"/>
      </object_component>
      <object_component id="oc-6a3">
         <name>.stack</name>
         <uninitialized>true</uninitialized>
         <run_address>0x200006a0</run_address>
         <size>0x0</size>
      </object_component>
      <object_component id="oc-f">
         <name>.debug_info</name>
         <load_address>0x0</load_address>
         <run_address>0x0</run_address>
         <size>0xf1</size>
         <input_file_ref idref="fl-6"/>
      </object_component>
      <object_component id="oc-13">
         <name>.debug_info</name>
         <load_address>0xf1</load_address>
         <run_address>0xf1</run_address>
         <size>0xf3</size>
         <input_file_ref idref="fl-138"/>
      </object_component>
      <object_component id="oc-17">
         <name>.debug_info</name>
         <load_address>0x1e4</load_address>
         <run_address>0x1e4</run_address>
         <size>0x194</size>
         <input_file_ref idref="fl-139"/>
      </object_component>
      <object_component id="oc-1a">
         <name>.debug_info</name>
         <load_address>0x378</load_address>
         <run_address>0x378</run_address>
         <size>0x16a</size>
         <input_file_ref idref="fl-13b"/>
      </object_component>
      <object_component id="oc-1f">
         <name>.debug_info</name>
         <load_address>0x4e2</load_address>
         <run_address>0x4e2</run_address>
         <size>0x18e</size>
         <input_file_ref idref="fl-13a"/>
      </object_component>
      <object_component id="oc-25">
         <name>.debug_info</name>
         <load_address>0x670</load_address>
         <run_address>0x670</run_address>
         <size>0x121</size>
         <input_file_ref idref="fl-6"/>
      </object_component>
      <object_component id="oc-2a">
         <name>.debug_info</name>
         <load_address>0x791</load_address>
         <run_address>0x791</run_address>
         <size>0x112</size>
         <input_file_ref idref="fl-6"/>
      </object_component>
      <object_component id="oc-2f">
         <name>.debug_info</name>
         <load_address>0x8a3</load_address>
         <run_address>0x8a3</run_address>
         <size>0x118</size>
         <input_file_ref idref="fl-6"/>
      </object_component>
      <object_component id="oc-34">
         <name>.debug_info</name>
         <load_address>0x9bb</load_address>
         <run_address>0x9bb</run_address>
         <size>0x12a</size>
         <input_file_ref idref="fl-6"/>
      </object_component>
      <object_component id="oc-39">
         <name>.debug_info</name>
         <load_address>0xae5</load_address>
         <run_address>0xae5</run_address>
         <size>0x206</size>
         <input_file_ref idref="fl-9"/>
      </object_component>
      <object_component id="oc-3e">
         <name>.debug_info</name>
         <load_address>0xceb</load_address>
         <run_address>0xceb</run_address>
         <size>0x1e4</size>
         <input_file_ref idref="fl-149"/>
      </object_component>
      <object_component id="oc-44">
         <name>.debug_info</name>
         <load_address>0xecf</load_address>
         <run_address>0xecf</run_address>
         <size>0x16a</size>
         <input_file_ref idref="fl-6"/>
      </object_component>
      <object_component id="oc-47">
         <name>.debug_info</name>
         <load_address>0x1039</load_address>
         <run_address>0x1039</run_address>
         <size>0x13d</size>
         <input_file_ref idref="fl-142"/>
      </object_component>
      <object_component id="oc-4a">
         <name>.debug_info</name>
         <load_address>0x1176</load_address>
         <run_address>0x1176</run_address>
         <size>0x11c</size>
         <input_file_ref idref="fl-141"/>
      </object_component>
      <object_component id="oc-51">
         <name>.debug_info</name>
         <load_address>0x1292</load_address>
         <run_address>0x1292</run_address>
         <size>0x1c2</size>
         <input_file_ref idref="fl-13c"/>
      </object_component>
      <object_component id="oc-54">
         <name>.debug_info</name>
         <load_address>0x1454</load_address>
         <run_address>0x1454</run_address>
         <size>0xbe</size>
         <input_file_ref idref="fl-13e"/>
      </object_component>
      <object_component id="oc-59">
         <name>.debug_info</name>
         <load_address>0x1512</load_address>
         <run_address>0x1512</run_address>
         <size>0xcc</size>
         <input_file_ref idref="fl-13d"/>
      </object_component>
      <object_component id="oc-5b">
         <name>.debug_info</name>
         <load_address>0x15de</load_address>
         <run_address>0x15de</run_address>
         <size>0x46</size>
         <input_file_ref idref="fl-139"/>
      </object_component>
      <object_component id="oc-60">
         <name>.debug_info</name>
         <load_address>0x1624</load_address>
         <run_address>0x1624</run_address>
         <size>0xf2</size>
         <input_file_ref idref="fl-139"/>
      </object_component>
      <object_component id="oc-62">
         <name>.debug_info</name>
         <load_address>0x1716</load_address>
         <run_address>0x1716</run_address>
         <size>0x46</size>
         <input_file_ref idref="fl-13b"/>
      </object_component>
      <object_component id="oc-67">
         <name>.debug_info</name>
         <load_address>0x175c</load_address>
         <run_address>0x175c</run_address>
         <size>0xad</size>
         <input_file_ref idref="fl-13b"/>
      </object_component>
      <object_component id="oc-69">
         <name>.debug_info</name>
         <load_address>0x1809</load_address>
         <run_address>0x1809</run_address>
         <size>0x1ef</size>
         <input_file_ref idref="fl-13a"/>
      </object_component>
      <object_component id="oc-6e">
         <name>.debug_info</name>
[...]
         <object_component_ref idref="oc-337"/>
      </symbol>
      <symbol id="sm-3cb">
         <name>GPIOIntEnable</name>
         <value>0x32bb</value>
         <object_component_ref idref="oc-176"/>
      </symbol>
      <symbol id="sm-3cc">
         <name>GPIOIntClear</name>
         <value>0x3315</value>
         <object_component_ref idref="oc-78"/>
      </symbol>
      <symbol id="sm-3dc">
         <name>CPUcpsie</name>
         <value>0x32af</value>
         <object_component_ref idref="oc-45e"/>
      </symbol>
      <symbol id="sm-3dd">
         <name>CPUcpsid</name>
         <value>0x32a3</value>
         <object_component_ref idref="oc-458"/>
      </symbol>
      <symbol id="sm-409">
         <name>USB0DeviceIntHandler</name>
         <value>0x300d</value>
         <object_component_ref idref="oc-3d"/>
      </symbol>
      <symbol id="sm-597">
         <name>USBDCDSendDataEP0</name>
         <value>0x3249</value>
         <object_component_ref idref="oc-5a5"/>
      </symbol>
      <symbol id="sm-598">
         <name>USBDCDStallEP0</name>
         <value>0x2f01</value>
         <object_component_ref idref="oc-2f8"/>
      </symbol>
      <symbol id="sm-599">
         <name>USBDCDRequestDataEP0</name>
         <value>0x3121</value>
         <object_component_ref idref="oc-5aa"/>
      </symbol>
      <symbol id="sm-59a">
         <name>g_ppsDevInfo</name>
         <value>0x20000690</value>
         <object_component_ref idref="oc-157"/>
      </symbol>
      <symbol id="sm-59b">
         <name>USBDeviceEnumHandler</name>
         <value>0x671</value>
         <object_component_ref idref="oc-14d"/>
      </symbol>
      <symbol id="sm-59c">
         <name>USBDCDInit</name>
         <value>0x82d</value>
         <object_component_ref idref="oc-32d"/>
      </symbol>
      <symbol id="sm-59d">
         <name>USBDeviceEnumResetHandler</name>
         <value>0x24e9</value>
         <object_component_ref idref="oc-139"/>
      </symbol>
      <symbol id="sm-59e">
         <name>g_psDCDInst</name>
         <value>0x2000057c</value>
         <object_component_ref idref="oc-159"/>
      </symbol>
      <symbol id="sm-59f">
         <name>USBDCDDeviceInfoInit</name>
         <value>0x2c21</value>
         <object_component_ref idref="oc-3fc"/>
      </symbol>
      <symbol id="sm-5a0">
         <name>USBDeviceIntHandlerInternal</name>
         <value>0x905</value>
         <object_component_ref idref="oc-b9"/>
      </symbol>
      <symbol id="sm-5a1">
         <name>USBDeviceResumeTickHandler</name>
         <value>0x2115</value>
         <object_component_ref idref="oc-13e"/>
      </symbol>
      <symbol id="sm-635">
         <name>USBDeviceConfigAlternate</name>
         <value>0x14e5</value>
         <object_component_ref idref="oc-4a4"/>
      </symbol>
      <symbol id="sm-636">
         <name>USBDeviceConfig</name>
         <value>0x531</value>
         <object_component_ref idref="oc-493"/>
      </symbol>
      <symbol id="sm-6ac">
         <name>USBDCDConfigDescGet</name>
         <value>0x20c5</value>
         <object_component_ref idref="oc-569"/>
      </symbol>
      <symbol id="sm-6ad">
         <name>USBDCDConfigGetInterface</name>
         <value>0x2ee5</value>
         <object_component_ref idref="oc-49f"/>
      </symbol>
      <symbol id="sm-6ae">
         <name>USBDCDConfigDescGetSize</name>
         <value>0x3025</value>
         <object_component_ref idref="oc-302"/>
      </symbol>
      <symbol id="sm-6af">
         <name>USBDCDConfigGetInterfaceEndpoint</name>
         <value>0x2639</value>
         <object_component_ref idref="oc-56e"/>
      </symbol>
      <symbol id="sm-6b0">
         <name>USBDCDConfigDescGetNum</name>
         <value>0x2abd</value>
         <object_component_ref idref="oc-49a"/>
      </symbol>
      <symbol id="sm-802">
         <name>g_psCDCCompSerSections</name>
         <value>0x20000b30</value>
         <object_component_ref idref="oc-332"/>
      </symbol>
      <symbol id="sm-803">
         <name>g_sCDCCompSerConfigHeader</name>
         <value>0x3514</value>
         <object_component_ref idref="oc-334"/>
      </symbol>
      <symbol id="sm-804">
         <name>g_sCDCSerCommInterfaceSection</name>
         <value>0x34fc</value>
         <object_component_ref idref="oc-334"/>
      </symbol>
      <symbol id="sm-805">
         <name>g_sIADSerConfigSection</name>
         <value>0x34f4</value>
         <object_component_ref idref="oc-334"/>
      </symbol>
      <symbol id="sm-806">
         <name>g_ppCDCSerConfigDescriptors</name>
         <value>0x351c</value>
         <object_component_ref idref="oc-334"/>
      </symbol>
      <symbol id="sm-807">
         <name>g_pCDCCompSerConfigDescriptors</name>
         <value>0x3520</value>
         <object_component_ref idref="oc-334"/>
      </symbol>
      <symbol id="sm-808">
         <name>USBDCDCCompositeInit</name>
         <value>0xf0d</value>
         <object_component_ref idref="oc-328"/>
      </symbol>
      <symbol id="sm-809">
         <name>USBDCDCTxPacketAvailable</name>
         <value>0x3287</value>
         <object_component_ref idref="oc-12c"/>
      </symbol>
      <symbol id="sm-80a">
         <name>g_pui8CDCSerDataInterface</name>
         <value>0x36d4</value>
         <object_component_ref idref="oc-445"/>
      </symbol>
      <symbol id="sm-80b">
         <name>g_pui8IADSerDescriptor</name>
         <value>0x20000b1b</value>
         <object_component_ref idref="oc-332"/>
      </symbol>
      <symbol id="sm-80c">
         <name>g_sCDCSerDataInterfaceSection</name>
         <value>0x3504</value>
         <object_component_ref idref="oc-334"/>
      </symbol>
      <symbol id="sm-80d">
         <name>USBDCDCInit</name>
         <value>0x22e5</value>
         <object_component_ref idref="oc-24c"/>
      </symbol>
      <symbol id="sm-80e">
         <name>ProcessNotificationToHost</name>
         <value>0x2889</value>
         <object_component_ref idref="oc-5ba"/>
      </symbol>
      <symbol id="sm-80f">
         <name>g_sCDCSerConfigSection</name>
         <value>0x34ec</value>
         <object_component_ref idref="oc-334"/>
      </symbol>
      <symbol id="sm-810">
         <name>g_sCDCHandlers</name>
         <value>0x3590</value>
         <object_component_ref idref="oc-40b"/>
      </symbol>
      <symbol id="sm-811">
         <name>g_psCDCSerSections</name>
         <value>0x20000b24</value>
         <object_component_ref idref="oc-332"/>
      </symbol>
      <symbol id="sm-812">
         <name>ProcessDataFromHost</name>
         <value>0x199d</value>
         <object_component_ref idref="oc-5bf"/>
      </symbol>
      <symbol id="sm-813">
         <name>USBDCDCRxPacketAvailable</name>
         <value>0x29dd</value>
         <object_component_ref idref="oc-2bb"/>
      </symbol>
      <symbol id="sm-814">
         <name>g_pui8CDCSerDescriptor</name>
         <value>0x20000b12</value>
         <object_component_ref idref="oc-332"/>
      </symbol>
      <symbol id="sm-815">
         <name>ProcessDataToHost</name>
         <value>0x1f11</value>
         <object_component_ref idref="oc-5c4"/>
      </symbol>
      <symbol id="sm-816">
         <name>USBDCDCPacketRead</name>
         <value>0x13c9</value>
         <object_component_ref idref="oc-2b6"/>
      </symbol>
      <symbol id="sm-817">
         <name>g_sCDCSerConfigHeader</name>
         <value>0x350c</value>
         <object_component_ref idref="oc-334"/>
      </symbol>
      <symbol id="sm-818">
         <name>g_pui8CDCSerDeviceDescriptor</name>
         <value>0x20000b00</value>
         <object_component_ref idref="oc-332"/>
      </symbol>
      <symbol id="sm-819">
         <name>g_pui8CDCSerCommInterface</name>
         <value>0x3658</value>
         <object_component_ref idref="oc-443"/>
      </symbol>
      <symbol id="sm-81a">
         <name>USBDCDCPacketWrite</name>
         <value>0x1fc9</value>
         <object_component_ref idref="oc-127"/>
      </symbol>
      <symbol id="sm-866">
         <name>g_ui32USBSOFCount</name>
         <value>0x20000b48</value>
         <object_component_ref idref="oc-15b"/>
      </symbol>
      <symbol id="sm-867">
         <name>g_pvTickInstance</name>
         <value>0x2000061c</value>
         <object_component_ref idref="oc-1ef"/>
      </symbol>
      <symbol id="sm-868">
         <name>g_bUSBTimerInitialized</name>
         <value>0x20000b40</value>
         <object_component_ref idref="oc-15b"/>
      </symbol>
      <symbol id="sm-869">
         <name>g_ui32CurrentUSBTick</name>
         <value>0x20000b44</value>
         <object_component_ref idref="oc-15b"/>
      </symbol>
      <symbol id="sm-86a">
         <name>InternalUSBStartOfFrameTick</name>
         <value>0x27bd</value>
         <object_component_ref idref="oc-143"/>
      </symbol>
      <symbol id="sm-86b">
         <name>g_pfnTickHandlers</name>
         <value>0x20000604</value>
         <object_component_ref idref="oc-1ef"/>
      </symbol>
      <symbol id="sm-86c">
         <name>InternalUSBRegisterTickHandler</name>
         <value>0x2ae9</value>
         <object_component_ref idref="oc-406"/>
      </symbol>
      <symbol id="sm-86d">
         <name>InternalUSBTickInit</name>
         <value>0x291d</value>
         <object_component_ref idref="oc-401"/>
      </symbol>
      <symbol id="sm-8a3">
         <name>g_eOTGModeState</name>
         <value>0x20000688</value>
         <object_component_ref idref="oc-31f"/>
      </symbol>
      <symbol id="sm-8a4">
         <name>g_ui32PollRate</name>
         <value>0x20000684</value>
         <object_component_ref idref="oc-31f"/>
      </symbol>
      <symbol id="sm-8a5">
         <name>g_iUSBMode</name>
         <value>0x20000b4c</value>
         <object_component_ref idref="oc-31d"/>
      </symbol>
      <symbol id="sm-8a6">
         <name>USBStackModeSet</name>
         <value>0x2dc1</value>
         <object_component_ref idref="oc-247"/>
      </symbol>
      <symbol id="sm-8a7">
         <name>g_ui32WaitTicks</name>
         <value>0x20000b50</value>
         <object_component_ref idref="oc-31d"/>
      </symbol>
      <symbol id="sm-96b">
         <name>USBLibDMAInit</name>
         <value>0xaad</value>
         <object_component_ref idref="oc-42c"/>
      </symbol>
      <symbol id="sm-99e">
         <name>USBDescGet</name>
         <value>0x2a65</value>
         <object_component_ref idref="oc-62f"/>
      </symbol>
      <symbol id="sm-99f">
         <name>USBDescGetNum</name>
         <value>0x2b39</value>
         <object_component_ref idref="oc-589"/>
      </symbol>
      <symbol id="sm-a0d">
         <name>USBBufferInit</name>
         <value>0x30e1</value>
         <object_component_ref idref="oc-242"/>
      </symbol>
      <symbol id="sm-a0e">
         <name>USBBufferRead</name>
         <value>0x2bfd</value>
         <object_component_ref idref="oc-46d"/>
      </symbol>
      <symbol id="sm-a0f">
         <name>USBBufferEventCallback</name>
         <value>0x1d95</value>
         <object_component_ref idref="oc-1ca"/>
      </symbol>
      <symbol id="sm-a10">
         <name>USBBufferWrite</name>
         <value>0x2a39</value>
         <object_component_ref idref="oc-87"/>
      </symbol>
      <symbol id="sm-a11">
         <name>USBBufferDataAvailable</name>
         <value>0x3327</value>
         <object_component_ref idref="oc-468"/>
      </symbol>
      <symbol id="sm-a12">
         <name>USBBufferFlush</name>
         <value>0x332d</value>
         <object_component_ref idref="oc-289"/>
      </symbol>
      <symbol id="sm-a8a">
         <name>USBRingBufWrite</name>
         <value>0x2fd9</value>
         <object_component_ref idref="oc-f7"/>
      </symbol>
      <symbol id="sm-a8b">
         <name>USBRingBufContigUsed</name>
         <value>0x3269</value>
         <object_component_ref idref="oc-1a0"/>
      </symbol>
      <symbol id="sm-a8c">
         <name>USBRingBufFlush</name>
         <value>0x315d</value>
         <object_component_ref idref="oc-359"/>
      </symbol>
      <symbol id="sm-a8d">
         <name>USBRingBufAdvanceWrite</name>
         <value>0x2753</value>
         <object_component_ref idref="oc-36e"/>
      </symbol>
      <symbol id="sm-a8e">
         <name>USBRingBufWriteOne</name>
         <value>0x31f3</value>
         <object_component_ref idref="oc-19a"/>
      </symbol>
      <symbol id="sm-a8f">
         <name>USBRingBufUsed</name>
         <value>0x30f7</value>
         <object_component_ref idref="oc-193"/>
      </symbol>
      <symbol id="sm-a90">
         <name>USBRingBufFree</name>
         <value>0x31e1</value>
         <object_component_ref idref="oc-f2"/>
      </symbol>
      <symbol id="sm-a91">
         <name>USBRingBufAdvanceRead</name>
         <value>0x2e1d</value>
         <object_component_ref idref="oc-362"/>
      </symbol>
      <symbol id="sm-a92">
         <name>USBRingBufReadOne</name>
         <value>0x2fbf</value>
         <object_component_ref idref="oc-629"/>
      </symbol>
      <symbol id="sm-a93">
         <name>USBRingBufInit</name>
         <value>0x32d3</value>
         <object_component_ref idref="oc-317"/>
      </symbol>
      <symbol id="sm-a94">
         <name>USBRingBufRead</name>
         <value>0x2fa5</value>
         <object_component_ref idref="oc-55c"/>
      </symbol>
      <symbol id="sm-a95">
         <name>USBRingBufContigFree</name>
         <value>0x2f39</value>
         <object_component_ref idref="oc-368"/>
      </symbol>
      <symbol id="sm-b8b">
         <name>USBEndpointDataAvail</name>
         <value>0x2f1d</value>
         <object_component_ref idref="oc-37f"/>
      </symbol>
      <symbol id="sm-b8c">
         <name>USBDevDisconnect</name>
         <value>0x32e9</value>
         <object_component_ref idref="oc-152"/>
      </symbol>
      <symbol id="sm-b8d">
         <name>USBDevEndpointStallClear</name>
         <value>0x2165</value>
         <object_component_ref idref="oc-483"/>
      </symbol>
      <symbol id="sm-b8e">
         <name>USBEndpointDataPut</name>
         <value>0x29ad</value>
         <object_component_ref idref="oc-1d5"/>
      </symbol>
      <symbol id="sm-b8f">
         <name>USBDevAddrSet</name>
         <value>0x3341</value>
         <object_component_ref idref="oc-1fe"/>
      </symbol>
      <symbol id="sm-b90">
         <name>USBIntStatusControl</name>
         <value>0x26e5</value>
         <object_component_ref idref="oc-b4"/>
      </symbol>
      <symbol id="sm-b91">
         <name>USBEndpointDMADisable</name>
         <value>0x2c8d</value>
         <object_component_ref idref="oc-5e3"/>
      </symbol>
      <symbol id="sm-b92">
         <name>USBDevEndpointDataAck</name>
         <value>0x2c69</value>
         <object_component_ref idref="oc-208"/>
      </symbol>
      <symbol id="sm-b93">
         <name>USBOTGMode</name>
         <value>0x330d</value>
         <object_component_ref idref="oc-422"/>
      </symbol>
      <symbol id="sm-b94">
         <name>USBDevMode</name>
         <value>0x32fd</value>
         <object_component_ref idref="oc-427"/>
      </symbol>
      <symbol id="sm-b95">
         <name>USBIntEnableEndpoint</name>
         <value>0x3149</value>
         <object_component_ref idref="oc-436"/>
      </symbol>
      <symbol id="sm-b96">
         <name>USBEndpointDataGet</name>
         <value>0x252d</value>
         <object_component_ref idref="oc-203"/>
      </symbol>
      <symbol id="sm-b97">
         <name>USBDevEndpointStatusClear</name>
         <value>0x1e55</value>
         <object_component_ref idref="oc-1f9"/>
      </symbol>
      <symbol id="sm-b98">
         <name>USBFIFOAddrGet</name>
         <value>0x3305</value>
         <object_component_ref idref="oc-611"/>
      </symbol>
      <symbol id="sm-b99">
         <name>USBFIFOConfigSet</name>
         <value>0x2673</value>
         <object_component_ref idref="oc-582"/>
      </symbol>
      <symbol id="sm-b9a">
         <name>USBEndpointDMAEnable</name>
         <value>0x2cb1</value>
         <object_component_ref idref="oc-5f9"/>
      </symbol>
      <symbol id="sm-b9b">
         <name>USBEndpointDataSend</name>
         <value>0x2a0b</value>
         <object_component_ref idref="oc-1da"/>
      </symbol>
      <symbol id="sm-b9c">
         <name>USBIntStatusEndpoint</name>
         <value>0x32f3</value>
         <object_component_ref idref="oc-148"/>
      </symbol>
      <symbol id="sm-b9d">
         <name>USBEndpointStatus</name>
         <value>0x3259</value>
         <object_component_ref idref="oc-1f4"/>
      </symbol>
      <symbol id="sm-b9e">
         <name>USBEndpointPacketCountSet</name>
         <value>0x32c7</value>
         <object_component_ref idref="oc-61b"/>
      </symbol>
      <symbol id="sm-b9f">
         <name>USBEndpointDMAConfigSet</name>
         <value>0x2331</value>
         <object_component_ref idref="oc-620"/>
      </symbol>
      <symbol id="sm-ba0">
         <name>USBDevEndpointStall</name>
         <value>0x28bb</value>
         <object_component_ref idref="oc-398"/>
      </symbol>
      <symbol id="sm-ba1">
         <name>USBDevConnect</name>
         <value>0x32df</value>
         <object_component_ref idref="oc-43b"/>
      </symbol>
      <symbol id="sm-ba2">
         <name>USBDevEndpointConfigSet</name>
         <value>0x1767</value>
         <object_component_ref idref="oc-578"/>
      </symbol>
      <symbol id="sm-ba3">
         <name>USBHostResume</name>
         <value>0x3135</value>
         <object_component_ref idref="oc-1e9"/>
      </symbol>
      <symbol id="sm-ba4">
         <name>USBIntEnableControl</name>
         <value>0x2b61</value>
         <object_component_ref idref="oc-431"/>
      </symbol>
      <symbol id="sm-ba5">
         <name>USBEndpointDMAChannel</name>
         <value>0x2f8b</value>
         <object_component_ref idref="oc-5d9"/>
      </symbol>
      <symbol id="sm-bea">
         <name>uDMAChannelControlSet</name>
         <value>0x2cd5</value>
         <object_component_ref idref="oc-5d3"/>
      </symbol>
      <symbol id="sm-beb">
         <name>uDMAChannelDisable</name>
         <value>0x3085</value>
         <object_component_ref idref="oc-5e9"/>
      </symbol>
      <symbol id="sm-bec">
         <name>uDMAChannelModeGet</name>
         <value>0x2bb1</value>
         <object_component_ref idref="oc-609"/>
      </symbol>
      <symbol id="sm-bed">
         <name>uDMAChannelTransferSet</name>
         <value>0x15f9</value>
         <object_component_ref idref="oc-616"/>
      </symbol>
      <symbol id="sm-bee">
         <name>uDMAChannelAttributeDisable</name>
         <value>0x2459</value>
         <object_component_ref idref="oc-5de"/>
      </symbol>
      <symbol id="sm-bef">
         <name>uDMAChannelEnable</name>
         <value>0x309d</value>
         <object_component_ref idref="oc-5fe"/>
      </symbol>
      <symbol id="sm-c11">
         <name>SysCtlPeripheralEnable</name>
         <value>0x27f1</value>
         <object_component_ref idref="oc-418"/>
      </symbol>
      <symbol id="sm-c12">
         <name>SysCtlUSBPLLEnable</name>
         <value>0x3239</value>
         <object_component_ref idref="oc-41d"/>
      </symbol>
      <symbol id="sm-c13">
         <name>SysCtlPeripheralReset</name>
         <value>0x2075</value>
         <object_component_ref idref="oc-413"/>
      </symbol>
      <symbol id="sm-c14">
         <name>__TI_static_base__</name>
         <value>0x0</value>
      </symbol>
      <symbol id="sm-c15">
         <name>__TI_args_main</name>
         <value>0x1</value>
      </symbol>
      <symbol id="sm-c16">
         <name>SHT$$INIT_ARRAY$$Limit</name>
         <value>0x0</value>
      </symbol>
      <symbol id="sm-c17">
         <name>SHT$$INIT_ARRAY$$Base</name>
         <value>0x0</value>
      </symbol>
   </symbol_table>
   <title>Link successful</title>
</link_info>
