******************************************************************************
                  TI ARM Linker PC v5.1.1                      
******************************************************************************
>> Linked Sun Sep 28 03:44:19 2014

OUTPUT FILE NAME:   <neural_recorder_PC_interface.out>
ENTRY POINT SYMBOL: "_c_int00"  address: 0000263d


MEMORY CONFIGURATION

         name            origin    length      used     unused   attr    fill
----------------------  --------  ---------  --------  --------  ----  --------
  FLASH                 00000000   00040000  00003a5e  0003c5a2  R  X
  SRAM                  20000000   00008000  00000bd5  0000742b  RW X


SEGMENT ALLOCATION MAP

run origin  load origin   length   init length attrs members
----------  ----------- ---------- ----------- ----- -------
00000000    00000000    00003a60   00003a60    r-x
  00000000    00000000    0000026c   0000026c    r-- .intvecs
  0000026c    0000026c    00003360   00003360    r-x .text
  000035cc    000035cc    000003d2   000003d2    r-- .const
  000039a0    000039a0    000000c0   000000c0    r-- .cinit
20000000    20000000    00000bd8   00000000    rw-
  20000000    20000000    0000026c   00000000    rw- .vtable
  2000026c    2000026c    00000491   00000000    rw- .bss
  20000700    20000700    00000400   00000000    rw- .stack
  20000b00    20000b00    000000d8   00000000    rw- .data


SECTION ALLOCATION MAP

 output                                  attributes/
section   page    origin      length       input sections
--------  ----  ----------  ----------   ----------------
.intvecs   0    00000000    0000026c     
                  00000000    0000026c     startup_ccs.obj (.intvecs)

.init_array 
*          0    00000000    00000000     UNINITIALIZED

.text      0    0000026c    00003360     
                  0000026c    000001ea     uartstdio.obj (.text:UARTvprintf)
                  00000456    00000002     startup_ccs.obj (.text:FaultISR)
                  00000458    00000160     usblib.lib : usbdenum.obj (.text:USBDEP0StateTxConfig)
                  000005b8    00000140                : usbdconfig.obj (.text:USBDeviceConfig)
                  000006f8    00000138     nrf24l01.obj (.text:RFInit)
                  00000830    000000e0     usblib.lib : usbdenum.obj (.text:USBDeviceEnumHandler)
                  00000910    000000dc                : usbdenum.obj (.text:USBDGetDescriptor)
                  000009ec    000000d8                : usbdenum.obj (.text:USBDCDInit)
                  00000ac4    000000d8                : usbdenum.obj (.text:USBDeviceIntHandlerInternal)
                  00000b9c    000000d0                : usbdcdc.obj (.text:HandleRequests)
                  00000c6c    000000c8                : usbdma.obj (.text:USBLibDMAInit)
                  00000d34    000000c4     spi.obj (.text:SPIInit)
                  00000df8    000000c0     usblib.lib : usbdma.obj (.text:uDMAUSBChannelAllocate)
                  00000eb8    000000ba                : usbdma.obj (.text:uDMAUSBTransfer)
                  00000f72    00000002     startup_ccs.obj (.text:IntDefaultHandler)
                  00000f74    000000ac     usbconfig.obj (.text:ControlHandler)
                  00001020    000000ac     usblib.lib : usbbuffer.obj (.text:HandleRxAvailable)
                  000010cc    000000a0                : usbdcdc.obj (.text:USBDCDCCompositeInit)
                  0000116c    0000009c     rtsv7M4_T_le_v4SPD16_eabi.lib : memcpy_t2.obj (.text)
                  00001208    00000098     usblib.lib : usbdenum.obj (.text:USBDSetInterface)
                  000012a0    00000096                : usbdcdc.obj (.text:SendSerialState)
                  00001336    00000094                : usbdcdc.obj (.text:CDCTickHandler)
                  000013ca    00000002     startup_ccs.obj (.text:NmiSR)
                  000013cc    00000094     rtsv7M4_T_le_v4SPD16_eabi.lib : auto_init.obj (.text)
                  00001460    00000090     usblib.lib : usbbuffer.obj (.text:ScheduleNextTransmission)
                  000014f0    00000090                : usbdcdc.obj (.text:USBDCDCPacketRead)
                  00001580    00000090     main.obj (.text:main)
                  00001610    0000008c     usblib.lib : usbdenum.obj (.text:USBDSetConfiguration)
                  0000169c    0000008c                : usbdconfig.obj (.text:USBDeviceConfigAlternate)
                  00001728    00000088     usbconfig.obj (.text:GetLineCoding)
                  000017b0    00000080     driverlib.lib : udma.obj (.text:uDMAChannelTransferSet)
                  00001830    00000078     main.obj (.text:IRQInterruptHandler)
                  000018a8    00000078     usblib.lib : usbdenum.obj (.text:USBDClearFeature)
                  00001920    00000076                : usbdcdc.obj (.text:HandleDevice)
                  00001996    00000072     driverlib.lib : usb.obj (.text:USBDevEndpointConfigSet)
                  00001a08    00000072     usblib.lib : usbdma.obj (.text:uDMAUSBArbSizeSet)
                  00001a7a    00000002     usbconfig.obj (.text:SetLineCoding)
                  00001a7c    00000070     usblib.lib : usbdenum.obj (.text:USBDEP0StateTx)
                  00001aec    00000070                : usbdenum.obj (.text:USBDGetStatus)
                  00001b5c    00000070                : usbdma.obj (.text:uDMAUSBUnitSizeSet)
                  00001bcc    0000006e                : usbdcdc.obj (.text:ProcessDataFromHost)
                  00001c3a    00000002                : usbdma.obj (.text:uDMAUSBChannelIntDisable)
                  00001c3c    00000068     driverlib.lib : interrupt.obj (.text:IntDisable)
                  00001ca4    00000068                   : interrupt.obj (.text:IntEnable)
                  00001d0c    00000064     main.obj (.text:ConfigureUART)
                  00001d70    00000064     driverlib.lib : interrupt.obj (.text:IntIsEnabled)
                  00001dd4    00000064     nrf24l01.obj (.text:RFReadRecieveBuffer)
                  00001e38    00000064     usblib.lib : usbdenum.obj (.text:USBDSetFeature)
                  00001e9c    00000064     usbconfig.obj (.text:USBInit)
                  00001f00    00000064     usblib.lib : usbdma.obj (.text:uDMAUSBChannelEnable)
                  00001f64    00000060     uartstdio.obj (.text:UARTStdioConfig)
                  00001fc4    00000060     usblib.lib : usbbuffer.obj (.text:USBBufferEventCallback)
                  00002024    00000060                : usbdenum.obj (.text:USBDReadAndDispatchRequest)
                  00002084    0000005e     driverlib.lib : usb.obj (.text:USBDevEndpointStatusClear)
                  000020e2    0000005e     rtsv7M4_T_le_v4SPD16_eabi.lib : copy_decompress_rle.obj (.text)
                  00002140    0000005c     usblib.lib : usbdcdc.obj (.text:ProcessDataToHost)
                  0000219c    0000005c                : usbdenum.obj (.text:USBDStringIndexFromRequest)
                  000021f8    00000056                : usbdcdc.obj (.text:USBDCDCPacketWrite)
                  0000224e    00000054                : usbdma.obj (.text:uDMAUSBChannelRelease)
                  000022a2    00000002                : usbdma.obj (.text:uDMAUSBChannelIntEnable)
                  000022a4    00000050     driverlib.lib : sysctl.obj (.text:SysCtlPeripheralReset)
                  000022f4    00000050     usblib.lib : usbdcdesc.obj (.text:USBDCDConfigDescGet)
                  00002344    00000050                : usbdenum.obj (.text:USBDeviceResumeTickHandler)
                  00002394    0000004e     driverlib.lib : usb.obj (.text:USBDevEndpointStallClear)
                  000023e2    0000004c     usblib.lib : usbdcdesc.obj (.text:ConfigAlternateInterfaceGet)
                  0000242e    0000004c                : usbdconfig.obj (.text:GetEPDescriptorType)
                  0000247a    0000004c                : usbdcdc.obj (.text:HandleEndpoints)
                  000024c6    00000002     --HOLE-- [fill = 0]
                  000024c8    0000004c                : usbdcdc.obj (.text:USBDCDCInit)
                  00002514    0000004c     driverlib.lib : usb.obj (.text:USBEndpointDMAConfigSet)
                  00002560    0000004a     usblib.lib : usbdma.obj (.text:uDMAUSBChannelDisable)
                  000025aa    00000002     --HOLE-- [fill = 0]
                  000025ac    00000048     driverlib.lib : gpio.obj (.text:GPIOPinConfigure)
                  000025f4    00000048     uartstdio.obj (.text:UARTwrite)
                  0000263c    00000048     rtsv7M4_T_le_v4SPD16_eabi.lib : boot.obj (.text)
                  00002684    00000048     driverlib.lib : udma.obj (.text:uDMAChannelAttributeDisable)
                  000026cc    00000046     usblib.lib : usbdcdc.obj (.text:HandleEP0Data)
                  00002712    00000002     --HOLE-- [fill = 0]
                  00002714    00000044                : usbdenum.obj (.text:USBDeviceEnumResetHandler)
                  00002758    00000044     driverlib.lib : usb.obj (.text:USBEndpointDataGet)
                  0000279c    00000044     rtsv7M4_T_le_v4SPD16_eabi.lib : cpy_tbl.obj (.text)
                  000027e0    00000044                                   : exit.obj (.text)
                  00002824    00000042                                   : u_divt2.obj (.text)
                  00002866    00000002     --HOLE-- [fill = 0]
                  00002868    00000040     usblib.lib : usbdenum.obj (.text:USBDGetInterface)
                  000028a8    0000003a                : usbdcdesc.obj (.text:USBDCDConfigGetInterfaceEndpoint)
                  000028e2    0000003a     driverlib.lib : usb.obj (.text:USBFIFOConfigSet)
                  0000291c    00000038     main.obj (.text:RxDataHandler)
                  00002954    00000038     driverlib.lib : usb.obj (.text:USBIntStatusControl)
                  0000298c    00000036     usblib.lib : usbdcdc.obj (.text:SendBreak)
                  000029c2    00000036                : usbringbuf.obj (.text:USBRingBufAdvanceWrite)
                  000029f8    00000034     driverlib.lib : interrupt.obj (.text:IntRegister)
                  00002a2c    00000034     usblib.lib : usbtick.obj (.text:InternalUSBStartOfFrameTick)
                  00002a60    00000034     driverlib.lib : sysctl.obj (.text:SysCtlPeripheralEnable)
                  00002a94    00000032     usblib.lib : usbdcdc.obj (.text:HandleConfigChange)
                  00002ac6    00000032                : usbdcdesc.obj (.text:NextConfigDescGet)
                  00002af8    00000032                : usbdcdc.obj (.text:ProcessNotificationToHost)
                  00002b2a    00000032     driverlib.lib : usb.obj (.text:USBDevEndpointStall)
                  00002b5c    00000030     usblib.lib : usbdma.obj (.text:DMAUSBIntHandler)
                  00002b8c    00000030                : usbtick.obj (.text:InternalUSBTickInit)
                  00002bbc    00000030     usbconfig.obj (.text:RxHandler)
                  00002bec    00000030     usblib.lib : usbdenum.obj (.text:USBDGetConfiguration)
                  00002c1c    00000030     driverlib.lib : usb.obj (.text:USBEndpointDataPut)
                  00002c4c    0000002e     usblib.lib : usbdcdc.obj (.text:USBDCDCRxPacketAvailable)
                  00002c7a    0000002e     driverlib.lib : usb.obj (.text:USBEndpointDataSend)
                  00002ca8    0000002c     usblib.lib : usbbuffer.obj (.text:USBBufferWrite)
                  00002cd4    0000002c                : usbdesc.obj (.text:USBDescGet)
                  00002d00    0000002c                : usbdma.obj (.text:uDMAUSBIntStatus)
                  00002d2c    0000002a                : usbdcdesc.obj (.text:USBDCDConfigDescGetNum)
                  00002d56    00000002     --HOLE-- [fill = 0]
                  00002d58    00000028                : usbtick.obj (.text:InternalUSBRegisterTickHandler)
                  00002d80    00000028     nrf24l01.obj (.text:RFWriteRegister)
                  00002da8    00000028     usblib.lib : usbdesc.obj (.text:USBDescGetNum)
                  00002dd0    00000028     driverlib.lib : usb.obj (.text:USBIntEnableControl)
                  00002df8    00000028     usblib.lib : usbringbuf.obj (.text:UpdateIndexAtomic)
                  00002e20    00000028     driverlib.lib : udma.obj (.text:uDMAChannelModeGet)
                  00002e48    00000024     usblib.lib : usbbuffer.obj (.text:HandleRequestBuffer)
                  00002e6c    00000024                : usbbuffer.obj (.text:USBBufferRead)
                  00002e90    00000024                : usbdenum.obj (.text:USBDCDDeviceInfoInit)
                  00002eb4    00000024                : usbdenum.obj (.text:USBDSetAddress)
                  00002ed8    00000024     driverlib.lib : usb.obj (.text:USBDevEndpointDataAck)
                  00002efc    00000024                   : usb.obj (.text:USBEndpointDMADisable)
                  00002f20    00000024                   : usb.obj (.text:USBEndpointDMAEnable)
                  00002f44    00000024                   : udma.obj (.text:uDMAChannelControlSet)
                  00002f68    00000022     usblib.lib : usbdcdc.obj (.text:HandleDisconnect)
                  00002f8a    00000022                : usbdcdc.obj (.text:SendLineCodingChange)
                  00002fac    00000022                : usbdcdc.obj (.text:SendLineStateChange)
                  00002fce    00000022                : usbdma.obj (.text:uDMAUSBChannelStatus)
                  00002ff0    00000020                : usbdconfig.obj (.text:GetEndpointFIFOSize)
                  00003010    00000020     spi.obj (.text:SPIDataRead)
                  00003030    00000020     usblib.lib : usbmode.obj (.text:USBStackModeSet)
                  00003050    0000001e                : usbdcdc.obj (.text:CheckAndSendBreak)
                  0000306e    0000001e                : usbbuffer.obj (.text:HandleDataRemaining)
                  0000308c    0000001e                : usbringbuf.obj (.text:USBRingBufAdvanceRead)
                  000030aa    00000002     --HOLE-- [fill = 0]
                  000030ac    0000001c     spi.obj (.text:SPIDataWrite)
                  000030c8    0000001c     spi.obj (.text:SPISetCEHigh)
                  000030e4    0000001c     spi.obj (.text:SPISetCELow)
                  00003100    0000001c     spi.obj (.text:SPISetCSNHigh)
                  0000311c    0000001c     spi.obj (.text:SPISetCSNLow)
                  00003138    0000001c     usblib.lib : usbdcdc.obj (.text:SetDeferredOpFlag)
                  00003154    0000001c                : usbdcdesc.obj (.text:USBDCDConfigGetInterface)
                  00003170    0000001c                : usbdenum.obj (.text:USBDCDStallEP0)
                  0000318c    0000001c     driverlib.lib : usb.obj (.text:USBEndpointDataAvail)
                  000031a8    0000001c     usblib.lib : usbringbuf.obj (.text:USBRingBufContigFree)
                  000031c4    0000001c     driverlib.lib : gpio.obj (.text:_GPIOIntNumberGet)
                  000031e0    0000001a     usblib.lib : usbdcdc.obj (.text:DeviceConsumedAllData)
                  000031fa    0000001a     uartstdio.obj (.text:UARTprintf)
                  00003214    0000001a     driverlib.lib : usb.obj (.text:USBEndpointDMAChannel)
                  0000322e    0000001a     usblib.lib : usbringbuf.obj (.text:USBRingBufRead)
                  00003248    0000001a                : usbringbuf.obj (.text:USBRingBufReadOne)
                  00003262    0000001a                : usbringbuf.obj (.text:USBRingBufWrite)
                  0000327c    00000018     driverlib.lib : gpio.obj (.text:GPIOIntRegister)
                  00003294    00000018     usblib.lib : usbdhandler.obj (.text:USB0DeviceIntHandler)
                  000032ac    00000018                : usbdcdesc.obj (.text:USBDCDConfigDescGetSize)
                  000032c4    00000018                : usbdenum.obj (.text:USBDSetDescriptor)
                  000032dc    00000018                : usbdenum.obj (.text:USBDSyncFrame)
                  000032f4    00000018     rtsv7M4_T_le_v4SPD16_eabi.lib : args_main.obj (.text)
                  0000330c    00000018     driverlib.lib : udma.obj (.text:uDMAChannelDisable)
                  00003324    00000018                   : udma.obj (.text:uDMAChannelEnable)
                  0000333c    00000016     usblib.lib : usbdcdc.obj (.text:CheckAndSendLineCodingChange)
                  00003352    00000016                : usbdcdc.obj (.text:CheckAndSendLineStateChange)
                  00003368    00000016                : usbbuffer.obj (.text:USBBufferInit)
                  0000337e    00000016                : usbringbuf.obj (.text:USBRingBufUsed)
                  00003394    00000014     spi.obj (.text:SPIRXFlush)
                  000033a8    00000014     usblib.lib : usbdenum.obj (.text:USBDCDRequestDataEP0)
                  000033bc    00000014     driverlib.lib : usb.obj (.text:USBHostResume)
                  000033d0    00000014                   : usb.obj (.text:USBIntEnableEndpoint)
                  000033e4    00000014     usblib.lib : usbringbuf.obj (.text:USBRingBufFlush)
                  000033f8    00000014     driverlib.lib : usb.obj (.text:_USBIndexWrite)
                  0000340c    00000014     rtsv7M4_T_le_v4SPD16_eabi.lib : _lock.obj (.text)
                  00003420    00000012     usblib.lib : usbdcdc.obj (.text:HandleResume)
                  00003432    00000012                : usbdcdc.obj (.text:HandleSuspend)
                  00003444    00000012                : usbbuffer.obj (.text:HandleTxComplete)
                  00003456    00000012     driverlib.lib : ssi.obj (.text:SSIDataGetNonBlocking)
                  00003468    00000012     usblib.lib : usbringbuf.obj (.text:USBRingBufFree)
                  0000347a    00000012                : usbringbuf.obj (.text:USBRingBufWriteOne)
                  0000348c    00000012     rtsv7M4_T_le_v4SPD16_eabi.lib : copy_zero_init.obj (.text:decompress:ZI)
                  0000349e    00000010     driverlib.lib : interrupt.obj (.text:IntMasterDisable)
                  000034ae    00000010                   : interrupt.obj (.text:IntMasterEnable)
                  000034be    00000002     --HOLE-- [fill = 0]
                  000034c0    00000010                   : sysctl.obj (.text:SysCtlUSBPLLEnable)
                  000034d0    00000010     usblib.lib : usbdenum.obj (.text:USBDCDSendDataEP0)
                  000034e0    00000010     driverlib.lib : usb.obj (.text:USBEndpointStatus)
                  000034f0    00000010     usblib.lib : usbringbuf.obj (.text:USBRingBufContigUsed)
                  00003500    0000000e                : usbdma.obj (.text:DMAUSBIntStatusClear)
                  0000350e    0000000e                : usbdcdc.obj (.text:USBDCDCTxPacketAvailable)
                  0000351c    0000000e     rtsv7M4_T_le_v4SPD16_eabi.lib : copy_decompress_none.obj (.text:decompress:none)
                  0000352a    0000000c     driverlib.lib : cpu.obj (.text:CPUcpsid)
                  00003536    0000000c                   : cpu.obj (.text:CPUcpsie)
                  00003542    0000000c                   : gpio.obj (.text:GPIOIntEnable)
                  0000354e    0000000c                   : usb.obj (.text:USBEndpointPacketCountSet)
                  0000355a    0000000c     usblib.lib : usbringbuf.obj (.text:USBRingBufInit)
                  00003566    0000000a     driverlib.lib : usb.obj (.text:USBDevConnect)
                  00003570    0000000a                   : usb.obj (.text:USBDevDisconnect)
                  0000357a    0000000a                   : usb.obj (.text:USBIntStatusEndpoint)
                  00003584    00000008                   : usb.obj (.text:USBDevMode)
                  0000358c    00000008                   : usb.obj (.text:USBFIFOAddrGet)
                  00003594    00000008                   : usb.obj (.text:USBOTGMode)
                  0000359c    00000006                   : gpio.obj (.text:GPIOIntClear)
                  000035a2    00000006     startup_ccs.obj (.text:ResetISR)
                  000035a8    00000006     driverlib.lib : uart.obj (.text:UARTClockSourceSet)
                  000035ae    00000006     usblib.lib : usbbuffer.obj (.text:USBBufferDataAvailable)
                  000035b4    00000006                : usbbuffer.obj (.text:USBBufferFlush)
                  000035ba    00000006     rtsv7M4_T_le_v4SPD16_eabi.lib : copy_decompress_rle.obj (.text:decompress:rle24)
                  000035c0    00000004     usblib.lib : usbdma.obj (.text:DMAUSBStatus)
                  000035c4    00000004     usbconfig.obj (.text:TxHandler)
                  000035c8    00000004     driverlib.lib : usb.obj (.text:USBDevAddrSet)

.const     0    000035cc    000003d2     
                  000035cc    000000c0     driverlib.lib : gpio.obj (.const:g_ppui32GPIOIntMapBlizzard)
                  0000368c    00000078                   : gpio.obj (.const:g_pui32GPIOBaseAddrs)
                  00003704    00000070                   : interrupt.obj (.const)
                  00003774    00000038     usblib.lib : usbdcdc.obj (.const)
                  000037ac    00000036     usb_structs.obj (.const:.string:g_pui8ConfigString)
                  000037e2    00000002     --HOLE-- [fill = 0]
                  000037e4    00000034     usblib.lib : usbdenum.obj (.const:g_psUSBDStdRequests)
                  00003818    00000030                : usbdcdc.obj (.const:g_sCDCHandlers)
                  00003848    0000002c     usb_structs.obj (.const:.string:g_pui8ControlInterfaceString)
                  00003874    00000024     usb_structs.obj (.const:.string:g_pui8ManufacturerString)
                  00003898    00000024     usb_structs.obj (.const:RxBuffer)
                  000038bc    00000024     usb_structs.obj (.const:TxBuffer)
                  000038e0    00000023     usblib.lib : usbdcdc.obj (.const:.string:g_pui8CDCSerCommInterface)
                  00003903    00000022     usb_structs.obj (.const:.string:g_pui8ProductString)
                  00003925    00000003     --HOLE-- [fill = 0]
                  00003928    0000001c     uartstdio.obj (.const)
                  00003944    00000018     usb_structs.obj (.const)
                  0000395c    00000017     usblib.lib : usbdcdc.obj (.const:.string)
                  00003973    00000016     usb_structs.obj (.const:.string)
                  00003989    00000003     --HOLE-- [fill = 0]
                  0000398c    00000012     uartstdio.obj (.const:.string)

.cinit     0    000039a0    000000c0     
                  000039a0    00000087     (.cinit..data.load) [load image, compression = rle]
                  00003a27    00000001     --HOLE-- [fill = 0]
                  00003a28    0000000c     (__TI_handler_table)
                  00003a34    00000004     --HOLE-- [fill = 0]
                  00003a38    00000008     (.cinit..bss.load) [load image, compression = zero_init]
                  00003a40    00000008     (.cinit..vtable.load) [load image, compression = zero_init]
                  00003a48    00000018     (__TI_cinit_table)

.vtable    0    20000000    0000026c     UNINITIALIZED
                  20000000    0000026c     driverlib.lib : interrupt.obj (.vtable)

.bss       0    2000026c    00000491     UNINITIALIZED
                  2000026c    00000110     usblib.lib : usbdma.obj (.bss:g_psUSBDMAInst)
                  2000037c    00000100     usb_structs.obj (.bss:g_pui8USBRxBuffer)
                  2000047c    00000100     usb_structs.obj (.bss:g_pui8USBTxBuffer)
                  2000057c    00000080     main.obj (.bss:ui32RxBuffer)
                  200005fc    00000048     usblib.lib : usbdenum.obj (.bss:g_psDCDInst)
                  20000644    00000040                : usbdenum.obj (.bss:g_pui8DataBufferIn)
                  20000684    00000030                : usbtick.obj (.bss)
                  200006b4    00000018     (.common:g_pui8RxBufferWorkspace)
                  200006cc    00000018     (.common:g_pui8TxBufferWorkspace)
                  200006e4    0000000c                : usbmode.obj (.bss)
                  200006f0    00000004                : usbdenum.obj (.bss)
                  200006f4    00000004     (.common:g_pcStatus)
                  200006f8    00000004     (.common:g_ui32Flags)
                  200006fc    00000001     (.common:g_bUSBConfigured)

.stack     0    20000700    00000400     UNINITIALIZED
                  20000700    00000400     --HOLE--

.data      0    20000b00    000000d8     UNINITIALIZED
                  20000b00    00000060     usb_structs.obj (.data:g_sCDCDevice)
                  20000b60    00000040     usblib.lib : usbdcdc.obj (.data)
                  20000ba0    0000000c                : usbtick.obj (.data)
                  20000bac    00000009                : usbmode.obj (.data)
                  20000bb5    00000003     --HOLE--
                  20000bb8    00000008     rtsv7M4_T_le_v4SPD16_eabi.lib : _lock.obj (.data)
                  20000bc0    00000008                                   : exit.obj (.data)
                  20000bc8    00000005     uartstdio.obj (.data)
                  20000bcd    00000003     --HOLE--
                  20000bd0    00000004     rtsv7M4_T_le_v4SPD16_eabi.lib : stkdepth_vars.obj (.data)
                  20000bd4    00000004     usblib.lib : usbdenum.obj (.data)


LINKER GENERATED COPY TABLES

__TI_cinit_table @ 00003a48 records: 3, size/record: 8, table size: 24
	.data: load addr=000039a0, load size=00000087 bytes, run addr=20000b00, run size=000000d8 bytes, compression=rle
	.bss: load addr=00003a38, load size=00000008 bytes, run addr=2000026c, run size=00000491 bytes, compression=zero_init
	.vtable: load addr=00003a40, load size=00000008 bytes, run addr=20000000, run size=0000026c bytes, compression=zero_init


LINKER GENERATED HANDLER TABLE

__TI_handler_table @ 00003a28 records: 3, size/record: 4, table size: 12
	index: 0, handler: __TI_zero_init
	index: 1, handler: __TI_decompress_rle24
	index: 2, handler: __TI_decompress_none


GLOBAL SYMBOLS: SORTED ALPHABETICALLY BY Name 

address    name
--------   ----
000027e1   C$$EXIT
0000352b   CPUcpsid
00003537   CPUcpsie
00001d0d   ConfigureUART
00000f75   ControlHandler
0000359d   GPIOIntClear
00003543   GPIOIntEnable
0000327d   GPIOIntRegister
000025ad   GPIOPinConfigure
00001831   IRQInterruptHandler
00001c3d   IntDisable
00001ca5   IntEnable
00001d71   IntIsEnabled
0000349f   IntMasterDisable
000034af   IntMasterEnable
000029f9   IntRegister
00002d59   InternalUSBRegisterTickHandler
00002a2d   InternalUSBStartOfFrameTick
00002b8d   InternalUSBTickInit
00001bcd   ProcessDataFromHost
00002141   ProcessDataToHost
00002af9   ProcessNotificationToHost
000006f9   RFInit
00001dd5   RFReadRecieveBuffer
00002d81   RFWriteRegister
000035a3   ResetISR
00003898   RxBuffer
0000291d   RxDataHandler
00002bbd   RxHandler
UNDEFED    SHT$$INIT_ARRAY$$Base
UNDEFED    SHT$$INIT_ARRAY$$Limit
00003011   SPIDataRead
000030ad   SPIDataWrite
00000d35   SPIInit
00003395   SPIRXFlush
000030c9   SPISetCEHigh
000030e5   SPISetCELow
00003101   SPISetCSNHigh
0000311d   SPISetCSNLow
00003457   SSIDataGetNonBlocking
00002a61   SysCtlPeripheralEnable
000022a5   SysCtlPeripheralReset
000034c1   SysCtlUSBPLLEnable
000038bc   TxBuffer
000035c5   TxHandler
000035a9   UARTClockSourceSet
00001f65   UARTStdioConfig
000031fb   UARTprintf
0000026d   UARTvprintf
000025f5   UARTwrite
00003295   USB0DeviceIntHandler
000035af   USBBufferDataAvailable
00001fc5   USBBufferEventCallback
000035b5   USBBufferFlush
00003369   USBBufferInit
00002e6d   USBBufferRead
00002ca9   USBBufferWrite
000010cd   USBDCDCCompositeInit
000024c9   USBDCDCInit
000014f1   USBDCDCPacketRead
000021f9   USBDCDCPacketWrite
00002c4d   USBDCDCRxPacketAvailable
0000350f   USBDCDCTxPacketAvailable
000022f5   USBDCDConfigDescGet
00002d2d   USBDCDConfigDescGetNum
000032ad   USBDCDConfigDescGetSize
00003155   USBDCDConfigGetInterface
000028a9   USBDCDConfigGetInterfaceEndpoint
00002e91   USBDCDDeviceInfoInit
000009ed   USBDCDInit
000033a9   USBDCDRequestDataEP0
000034d1   USBDCDSendDataEP0
00003171   USBDCDStallEP0
00002cd5   USBDescGet
00002da9   USBDescGetNum
000035c9   USBDevAddrSet
00003567   USBDevConnect
00003571   USBDevDisconnect
00001997   USBDevEndpointConfigSet
00002ed9   USBDevEndpointDataAck
00002b2b   USBDevEndpointStall
00002395   USBDevEndpointStallClear
00002085   USBDevEndpointStatusClear
00003585   USBDevMode
000005b9   USBDeviceConfig
0000169d   USBDeviceConfigAlternate
00000831   USBDeviceEnumHandler
00002715   USBDeviceEnumResetHandler
00000ac5   USBDeviceIntHandlerInternal
00002345   USBDeviceResumeTickHandler
00003215   USBEndpointDMAChannel
00002515   USBEndpointDMAConfigSet
00002efd   USBEndpointDMADisable
00002f21   USBEndpointDMAEnable
0000318d   USBEndpointDataAvail
00002759   USBEndpointDataGet
00002c1d   USBEndpointDataPut
00002c7b   USBEndpointDataSend
0000354f   USBEndpointPacketCountSet
000034e1   USBEndpointStatus
0000358d   USBFIFOAddrGet
000028e3   USBFIFOConfigSet
000033bd   USBHostResume
00001e9d   USBInit
00002dd1   USBIntEnableControl
000033d1   USBIntEnableEndpoint
00002955   USBIntStatusControl
0000357b   USBIntStatusEndpoint
00000c6d   USBLibDMAInit
00003595   USBOTGMode
0000308d   USBRingBufAdvanceRead
000029c3   USBRingBufAdvanceWrite
000031a9   USBRingBufContigFree
000034f1   USBRingBufContigUsed
000033e5   USBRingBufFlush
00003469   USBRingBufFree
0000355b   USBRingBufInit
0000322f   USBRingBufRead
00003249   USBRingBufReadOne
0000337f   USBRingBufUsed
00003263   USBRingBufWrite
0000347b   USBRingBufWriteOne
00003031   USBStackModeSet
20000b00   __STACK_END
00000400   __STACK_SIZE
20000b00   __STACK_TOP
00003a48   __TI_CINIT_Base
00003a60   __TI_CINIT_Limit
00003a28   __TI_Handler_Table_Base
00003a34   __TI_Handler_Table_Limit
00000001   __TI_args_main
000013cd   __TI_auto_init
20000bc0   __TI_cleanup_ptr
0000351d   __TI_decompress_none
000035bb   __TI_decompress_rle24
20000bc4   __TI_dtors_ptr
00000000   __TI_static_base__
0000348d   __TI_zero_init
0000116d   __aeabi_memcpy
0000116d   __aeabi_memcpy4
0000116d   __aeabi_memcpy8
00002825   __aeabi_uidivmod
ffffffff   __binit__
ffffffff   __c_args__
20000700   __stack
000032f5   _args_main
0000263d   _c_int00
20000bb8   _lock
0000341b   _nop
00003413   _register_lock
0000340d   _register_unlock
20000bbc   _unlock
000027e5   abort
ffffffff   binit
0000279d   copy_in
000027ed   exit
20000ba0   g_bUSBTimerInitialized
200006e8   g_eOTGModeState
20000bac   g_iUSBMode
000037a8   g_pCDCCompSerConfigDescriptors
200006f4   g_pcStatus
20000000   g_pfnRAMVectors
20000684   g_pfnTickHandlers
00000000   g_pfnVectors
000037a4   g_ppCDCSerConfigDescriptors
200006f0   g_ppsDevInfo
00003944   g_ppui8StringDescriptors
20000b90   g_psCDCCompSerSections
20000b84   g_psCDCSerSections
200005fc   g_psDCDInst
000038e0   g_pui8CDCSerCommInterface
0000395c   g_pui8CDCSerDataInterface
20000b72   g_pui8CDCSerDescriptor
20000b60   g_pui8CDCSerDeviceDescriptor
000037ac   g_pui8ConfigString
00003848   g_pui8ControlInterfaceString
20000b7b   g_pui8IADSerDescriptor
00003973   g_pui8LangDescriptor
00003874   g_pui8ManufacturerString
00003903   g_pui8ProductString
200006b4   g_pui8RxBufferWorkspace
00003977   g_pui8SerialNumberString
200006cc   g_pui8TxBufferWorkspace
2000037c   g_pui8USBRxBuffer
2000047c   g_pui8USBTxBuffer
2000069c   g_pvTickInstance
0000379c   g_sCDCCompSerConfigHeader
20000b00   g_sCDCDevice
00003818   g_sCDCHandlers
00003784   g_sCDCSerCommInterfaceSection
00003794   g_sCDCSerConfigHeader
00003774   g_sCDCSerConfigSection
0000378c   g_sCDCSerDataInterfaceSection
0000377c   g_sIADSerConfigSection
20000ba4   g_ui32CurrentUSBTick
200006f8   g_ui32Flags
200006e4   g_ui32PollRate
20000ba8   g_ui32USBSOFCount
20000bb0   g_ui32WaitTicks
00001581   main
20000bd0   main_func_sp
0000116d   memcpy
00002685   uDMAChannelAttributeDisable
00002f45   uDMAChannelControlSet
0000330d   uDMAChannelDisable
00003325   uDMAChannelEnable
00002e21   uDMAChannelModeGet
000017b1   uDMAChannelTransferSet
2000057c   ui32RxBuffer


GLOBAL SYMBOLS: SORTED BY Symbol Address 

address    name
--------   ----
00000000   __TI_static_base__
00000000   g_pfnVectors
00000001   __TI_args_main
0000026d   UARTvprintf
00000400   __STACK_SIZE
000005b9   USBDeviceConfig
000006f9   RFInit
00000831   USBDeviceEnumHandler
000009ed   USBDCDInit
00000ac5   USBDeviceIntHandlerInternal
00000c6d   USBLibDMAInit
00000d35   SPIInit
00000f75   ControlHandler
000010cd   USBDCDCCompositeInit
0000116d   __aeabi_memcpy
0000116d   __aeabi_memcpy4
0000116d   __aeabi_memcpy8
0000116d   memcpy
000013cd   __TI_auto_init
000014f1   USBDCDCPacketRead
00001581   main
0000169d   USBDeviceConfigAlternate
000017b1   uDMAChannelTransferSet
00001831   IRQInterruptHandler
00001997   USBDevEndpointConfigSet
00001bcd   ProcessDataFromHost
00001c3d   IntDisable
00001ca5   IntEnable
00001d0d   ConfigureUART
00001d71   IntIsEnabled
00001dd5   RFReadRecieveBuffer
00001e9d   USBInit
00001f65   UARTStdioConfig
00001fc5   USBBufferEventCallback
00002085   USBDevEndpointStatusClear
00002141   ProcessDataToHost
000021f9   USBDCDCPacketWrite
000022a5   SysCtlPeripheralReset
000022f5   USBDCDConfigDescGet
00002345   USBDeviceResumeTickHandler
00002395   USBDevEndpointStallClear
000024c9   USBDCDCInit
00002515   USBEndpointDMAConfigSet
000025ad   GPIOPinConfigure
000025f5   UARTwrite
0000263d   _c_int00
00002685   uDMAChannelAttributeDisable
00002715   USBDeviceEnumResetHandler
00002759   USBEndpointDataGet
0000279d   copy_in
000027e1   C$$EXIT
000027e5   abort
000027ed   exit
00002825   __aeabi_uidivmod
000028a9   USBDCDConfigGetInterfaceEndpoint
000028e3   USBFIFOConfigSet
0000291d   RxDataHandler
00002955   USBIntStatusControl
000029c3   USBRingBufAdvanceWrite
000029f9   IntRegister
00002a2d   InternalUSBStartOfFrameTick
00002a61   SysCtlPeripheralEnable
00002af9   ProcessNotificationToHost
00002b2b   USBDevEndpointStall
00002b8d   InternalUSBTickInit
00002bbd   RxHandler
00002c1d   USBEndpointDataPut
00002c4d   USBDCDCRxPacketAvailable
00002c7b   USBEndpointDataSend
00002ca9   USBBufferWrite
00002cd5   USBDescGet
00002d2d   USBDCDConfigDescGetNum
00002d59   InternalUSBRegisterTickHandler
00002d81   RFWriteRegister
00002da9   USBDescGetNum
00002dd1   USBIntEnableControl
00002e21   uDMAChannelModeGet
00002e6d   USBBufferRead
00002e91   USBDCDDeviceInfoInit
00002ed9   USBDevEndpointDataAck
00002efd   USBEndpointDMADisable
00002f21   USBEndpointDMAEnable
00002f45   uDMAChannelControlSet
00003011   SPIDataRead
00003031   USBStackModeSet
0000308d   USBRingBufAdvanceRead
000030ad   SPIDataWrite
000030c9   SPISetCEHigh
000030e5   SPISetCELow
00003101   SPISetCSNHigh
0000311d   SPISetCSNLow
00003155   USBDCDConfigGetInterface
00003171   USBDCDStallEP0
0000318d   USBEndpointDataAvail
000031a9   USBRingBufContigFree
000031fb   UARTprintf
00003215   USBEndpointDMAChannel
0000322f   USBRingBufRead
00003249   USBRingBufReadOne
00003263   USBRingBufWrite
0000327d   GPIOIntRegister
00003295   USB0DeviceIntHandler
000032ad   USBDCDConfigDescGetSize
000032f5   _args_main
0000330d   uDMAChannelDisable
00003325   uDMAChannelEnable
00003369   USBBufferInit
0000337f   USBRingBufUsed
00003395   SPIRXFlush
000033a9   USBDCDRequestDataEP0
000033bd   USBHostResume
000033d1   USBIntEnableEndpoint
000033e5   USBRingBufFlush
0000340d   _register_unlock
00003413   _register_lock
0000341b   _nop
00003457   SSIDataGetNonBlocking
00003469   USBRingBufFree
0000347b   USBRingBufWriteOne
0000348d   __TI_zero_init
0000349f   IntMasterDisable
000034af   IntMasterEnable
000034c1   SysCtlUSBPLLEnable
000034d1   USBDCDSendDataEP0
000034e1   USBEndpointStatus
000034f1   USBRingBufContigUsed
0000350f   USBDCDCTxPacketAvailable
0000351d   __TI_decompress_none
0000352b   CPUcpsid
00003537   CPUcpsie
00003543   GPIOIntEnable
0000354f   USBEndpointPacketCountSet
0000355b   USBRingBufInit
00003567   USBDevConnect
00003571   USBDevDisconnect
0000357b   USBIntStatusEndpoint
00003585   USBDevMode
0000358d   USBFIFOAddrGet
00003595   USBOTGMode
0000359d   GPIOIntClear
000035a3   ResetISR
000035a9   UARTClockSourceSet
000035af   USBBufferDataAvailable
000035b5   USBBufferFlush
000035bb   __TI_decompress_rle24
000035c5   TxHandler
000035c9   USBDevAddrSet
00003774   g_sCDCSerConfigSection
0000377c   g_sIADSerConfigSection
00003784   g_sCDCSerCommInterfaceSection
0000378c   g_sCDCSerDataInterfaceSection
00003794   g_sCDCSerConfigHeader
0000379c   g_sCDCCompSerConfigHeader
000037a4   g_ppCDCSerConfigDescriptors
000037a8   g_pCDCCompSerConfigDescriptors
000037ac   g_pui8ConfigString
00003818   g_sCDCHandlers
00003848   g_pui8ControlInterfaceString
00003874   g_pui8ManufacturerString
00003898   RxBuffer
000038bc   TxBuffer
000038e0   g_pui8CDCSerCommInterface
00003903   g_pui8ProductString
00003944   g_ppui8StringDescriptors
0000395c   g_pui8CDCSerDataInterface
00003973   g_pui8LangDescriptor
00003977   g_pui8SerialNumberString
00003a28   __TI_Handler_Table_Base
00003a34   __TI_Handler_Table_Limit
00003a48   __TI_CINIT_Base
00003a60   __TI_CINIT_Limit
20000000   g_pfnRAMVectors
2000037c   g_pui8USBRxBuffer
2000047c   g_pui8USBTxBuffer
2000057c   ui32RxBuffer
200005fc   g_psDCDInst
20000684   g_pfnTickHandlers
2000069c   g_pvTickInstance
200006b4   g_pui8RxBufferWorkspace
200006cc   g_pui8TxBufferWorkspace
200006e4   g_ui32PollRate
200006e8   g_eOTGModeState
200006f0   g_ppsDevInfo
200006f4   g_pcStatus
200006f8   g_ui32Flags
20000700   __stack
20000b00   __STACK_END
20000b00   __STACK_TOP
20000b00   g_sCDCDevice
20000b60   g_pui8CDCSerDeviceDescriptor
20000b72   g_pui8CDCSerDescriptor
20000b7b   g_pui8IADSerDescriptor
20000b84   g_psCDCSerSections
20000b90   g_psCDCCompSerSections
20000ba0   g_bUSBTimerInitialized
20000ba4   g_ui32CurrentUSBTick
20000ba8   g_ui32USBSOFCount
20000bac   g_iUSBMode
20000bb0   g_ui32WaitTicks
20000bb8   _lock
20000bbc   _unlock
20000bc0   __TI_cleanup_ptr
20000bc4   __TI_dtors_ptr
20000bd0   main_func_sp
ffffffff   __binit__
ffffffff   __c_args__
ffffffff   binit
UNDEFED    SHT$$INIT_ARRAY$$Base
UNDEFED    SHT$$INIT_ARRAY$$Limit

[209 symbols]
