******************************************************************************
                  TI ARM Linker PC v5.1.1                      
******************************************************************************
>> Linked Sun Sep 28 04:21:04 2014

OUTPUT FILE NAME:   <neural_recorder_PC_interface.out>
ENTRY POINT SYMBOL: "_c_int00"  address: 000023dd


MEMORY CONFIGURATION

         name            origin    length      used     unused   attr    fill
----------------------  --------  ---------  --------  --------  ----  --------
  FLASH                 00000000   00040000  000037a2  0003c85e  R  X
  SRAM                  20000000   00008000  00000b75  0000748b  RW X


SEGMENT ALLOCATION MAP

run origin  load origin   length   init length attrs members
----------  ----------- ---------- ----------- ----- -------
00000000    00000000    000037a8   000037a8    r-x
  00000000    00000000    0000026c   0000026c    r-- .intvecs
  0000026c    0000026c    000030a4   000030a4    r-x .text
  00003310    00003310    000003d2   000003d2    r-- .const
  000036e8    000036e8    000000c0   000000c0    r-- .cinit
20000000    20000000    00000b78   00000000    rw-
  20000000    20000000    0000026c   00000000    rw- .vtable
  2000026c    2000026c    00000431   00000000    rw- .bss
  200006a0    200006a0    00000400   00000000    rw- .stack
  20000aa0    20000aa0    000000d8   00000000    rw- .data


SECTION ALLOCATION MAP

 output                                  attributes/
section   page    origin      length       input sections
--------  ----  ----------  ----------   ----------------
.intvecs   0    00000000    0000026c     
                  00000000    0000026c     startup_ccs.obj (.intvecs)

.init_array 
*          0    00000000    00000000     UNINITIALIZED

.text      0    0000026c    000030a4     
                  0000026c    00000160     usblib.lib : usbdenum.obj (.text:USBDEP0StateTxConfig)
                  000003cc    00000140                : usbdconfig.obj (.text:USBDeviceConfig)
                  0000050c    00000138     nrf24l01.obj (.text:RFInit)
                  00000644    000000e0     usblib.lib : usbdenum.obj (.text:USBDeviceEnumHandler)
                  00000724    000000dc                : usbdenum.obj (.text:USBDGetDescriptor)
                  00000800    000000d8                : usbdenum.obj (.text:USBDCDInit)
                  000008d8    000000d8                : usbdenum.obj (.text:USBDeviceIntHandlerInternal)
                  000009b0    000000d0                : usbdcdc.obj (.text:HandleRequests)
                  00000a80    000000c8                : usbdma.obj (.text:USBLibDMAInit)
                  00000b48    000000c4     spi.obj (.text:SPIInit)
                  00000c0c    000000c0     usblib.lib : usbdma.obj (.text:uDMAUSBChannelAllocate)
                  00000ccc    000000ba                : usbdma.obj (.text:uDMAUSBTransfer)
                  00000d86    00000002     startup_ccs.obj (.text:FaultISR)
                  00000d88    000000ac     usbconfig.obj (.text:ControlHandler)
                  00000e34    000000ac     usblib.lib : usbbuffer.obj (.text:HandleRxAvailable)
                  00000ee0    000000a0                : usbdcdc.obj (.text:USBDCDCCompositeInit)
                  00000f80    0000009c     rtsv7M4_T_le_v4SPD16_eabi.lib : memcpy_t2.obj (.text)
                  0000101c    00000098     usblib.lib : usbdenum.obj (.text:USBDSetInterface)
                  000010b4    00000096                : usbdcdc.obj (.text:SendSerialState)
                  0000114a    00000094                : usbdcdc.obj (.text:CDCTickHandler)
                  000011de    00000002     startup_ccs.obj (.text:IntDefaultHandler)
                  000011e0    00000094     rtsv7M4_T_le_v4SPD16_eabi.lib : auto_init.obj (.text)
                  00001274    00000090     usblib.lib : usbbuffer.obj (.text:ScheduleNextTransmission)
                  00001304    00000090                : usbdcdc.obj (.text:USBDCDCPacketRead)
                  00001394    00000090     main.obj (.text:main)
                  00001424    0000008c     usblib.lib : usbdenum.obj (.text:USBDSetConfiguration)
                  000014b0    0000008c                : usbdconfig.obj (.text:USBDeviceConfigAlternate)
                  0000153c    00000088     usbconfig.obj (.text:GetLineCoding)
                  000015c4    00000080     driverlib.lib : udma.obj (.text:uDMAChannelTransferSet)
                  00001644    00000078     usblib.lib : usbdenum.obj (.text:USBDClearFeature)
                  000016bc    00000076                : usbdcdc.obj (.text:HandleDevice)
                  00001732    00000072     driverlib.lib : usb.obj (.text:USBDevEndpointConfigSet)
                  000017a4    00000072     usblib.lib : usbdma.obj (.text:uDMAUSBArbSizeSet)
                  00001816    00000002     startup_ccs.obj (.text:NmiSR)
                  00001818    00000070     usblib.lib : usbdenum.obj (.text:USBDEP0StateTx)
                  00001888    00000070                : usbdenum.obj (.text:USBDGetStatus)
                  000018f8    00000070                : usbdma.obj (.text:uDMAUSBUnitSizeSet)
                  00001968    0000006e                : usbdcdc.obj (.text:ProcessDataFromHost)
                  000019d6    00000002     usbconfig.obj (.text:SetLineCoding)
                  000019d8    00000068     driverlib.lib : interrupt.obj (.text:IntDisable)
                  00001a40    00000068                   : interrupt.obj (.text:IntEnable)
                  00001aa8    00000064     main.obj (.text:ConfigureUART)
                  00001b0c    00000064     driverlib.lib : interrupt.obj (.text:IntIsEnabled)
                  00001b70    00000064     nrf24l01.obj (.text:RFReadRecieveBuffer)
                  00001bd4    00000064     usblib.lib : usbdenum.obj (.text:USBDSetFeature)
                  00001c38    00000064     usbconfig.obj (.text:USBInit)
                  00001c9c    00000064     usblib.lib : usbdma.obj (.text:uDMAUSBChannelEnable)
                  00001d00    00000060     uartstdio.obj (.text:UARTStdioConfig)
                  00001d60    00000060     usblib.lib : usbbuffer.obj (.text:USBBufferEventCallback)
                  00001dc0    00000060                : usbdenum.obj (.text:USBDReadAndDispatchRequest)
                  00001e20    0000005e     driverlib.lib : usb.obj (.text:USBDevEndpointStatusClear)
                  00001e7e    0000005e     rtsv7M4_T_le_v4SPD16_eabi.lib : copy_decompress_rle.obj (.text)
                  00001edc    0000005c     usblib.lib : usbdcdc.obj (.text:ProcessDataToHost)
                  00001f38    0000005c                : usbdenum.obj (.text:USBDStringIndexFromRequest)
                  00001f94    00000056                : usbdcdc.obj (.text:USBDCDCPacketWrite)
                  00001fea    00000054                : usbdma.obj (.text:uDMAUSBChannelRelease)
                  0000203e    00000002                : usbdma.obj (.text:uDMAUSBChannelIntDisable)
                  00002040    00000050     driverlib.lib : sysctl.obj (.text:SysCtlPeripheralReset)
                  00002090    00000050     usblib.lib : usbdcdesc.obj (.text:USBDCDConfigDescGet)
                  000020e0    00000050                : usbdenum.obj (.text:USBDeviceResumeTickHandler)
                  00002130    0000004e     driverlib.lib : usb.obj (.text:USBDevEndpointStallClear)
                  0000217e    0000004c     usblib.lib : usbdcdesc.obj (.text:ConfigAlternateInterfaceGet)
                  000021ca    0000004c                : usbdconfig.obj (.text:GetEPDescriptorType)
                  00002216    0000004c                : usbdcdc.obj (.text:HandleEndpoints)
                  00002262    00000002                : usbdma.obj (.text:uDMAUSBChannelIntEnable)
                  00002264    0000004c     main.obj (.text:IRQInterruptHandler)
                  000022b0    0000004c     usblib.lib : usbdcdc.obj (.text:USBDCDCInit)
                  000022fc    0000004c     driverlib.lib : usb.obj (.text:USBEndpointDMAConfigSet)
                  00002348    0000004a     usblib.lib : usbdma.obj (.text:uDMAUSBChannelDisable)
                  00002392    00000002     --HOLE-- [fill = 0]
                  00002394    00000048     driverlib.lib : gpio.obj (.text:GPIOPinConfigure)
                  000023dc    00000048     rtsv7M4_T_le_v4SPD16_eabi.lib : boot.obj (.text)
                  00002424    00000048     driverlib.lib : udma.obj (.text:uDMAChannelAttributeDisable)
                  0000246c    00000046     usblib.lib : usbdcdc.obj (.text:HandleEP0Data)
                  000024b2    00000002     --HOLE-- [fill = 0]
                  000024b4    00000044                : usbdenum.obj (.text:USBDeviceEnumResetHandler)
                  000024f8    00000044     driverlib.lib : usb.obj (.text:USBEndpointDataGet)
                  0000253c    00000044     rtsv7M4_T_le_v4SPD16_eabi.lib : cpy_tbl.obj (.text)
                  00002580    00000044                                   : exit.obj (.text)
                  000025c4    00000040     usblib.lib : usbdenum.obj (.text:USBDGetInterface)
                  00002604    0000003a                : usbdcdesc.obj (.text:USBDCDConfigGetInterfaceEndpoint)
                  0000263e    0000003a     driverlib.lib : usb.obj (.text:USBFIFOConfigSet)
                  00002678    00000038     main.obj (.text:RxDataHandler)
                  000026b0    00000038     driverlib.lib : usb.obj (.text:USBIntStatusControl)
                  000026e8    00000036     usblib.lib : usbdcdc.obj (.text:SendBreak)
                  0000271e    00000036                : usbringbuf.obj (.text:USBRingBufAdvanceWrite)
                  00002754    00000034     driverlib.lib : interrupt.obj (.text:IntRegister)
                  00002788    00000034     usblib.lib : usbtick.obj (.text:InternalUSBStartOfFrameTick)
                  000027bc    00000034     driverlib.lib : sysctl.obj (.text:SysCtlPeripheralEnable)
                  000027f0    00000032     usblib.lib : usbdcdc.obj (.text:HandleConfigChange)
                  00002822    00000032                : usbdcdesc.obj (.text:NextConfigDescGet)
                  00002854    00000032                : usbdcdc.obj (.text:ProcessNotificationToHost)
                  00002886    00000032     driverlib.lib : usb.obj (.text:USBDevEndpointStall)
                  000028b8    00000030     usblib.lib : usbdma.obj (.text:DMAUSBIntHandler)
                  000028e8    00000030                : usbtick.obj (.text:InternalUSBTickInit)
                  00002918    00000030     usbconfig.obj (.text:RxHandler)
                  00002948    00000030     usblib.lib : usbdenum.obj (.text:USBDGetConfiguration)
                  00002978    00000030     driverlib.lib : usb.obj (.text:USBEndpointDataPut)
                  000029a8    0000002e     usblib.lib : usbdcdc.obj (.text:USBDCDCRxPacketAvailable)
                  000029d6    0000002e     driverlib.lib : usb.obj (.text:USBEndpointDataSend)
                  00002a04    0000002c     usblib.lib : usbbuffer.obj (.text:USBBufferWrite)
                  00002a30    0000002c                : usbdesc.obj (.text:USBDescGet)
                  00002a5c    0000002c                : usbdma.obj (.text:uDMAUSBIntStatus)
                  00002a88    0000002a                : usbdcdesc.obj (.text:USBDCDConfigDescGetNum)
                  00002ab2    00000002     --HOLE-- [fill = 0]
                  00002ab4    00000028                : usbtick.obj (.text:InternalUSBRegisterTickHandler)
                  00002adc    00000028     nrf24l01.obj (.text:RFWriteRegister)
                  00002b04    00000028     usblib.lib : usbdesc.obj (.text:USBDescGetNum)
                  00002b2c    00000028     driverlib.lib : usb.obj (.text:USBIntEnableControl)
                  00002b54    00000028     usblib.lib : usbringbuf.obj (.text:UpdateIndexAtomic)
                  00002b7c    00000028     driverlib.lib : udma.obj (.text:uDMAChannelModeGet)
                  00002ba4    00000024     usblib.lib : usbbuffer.obj (.text:HandleRequestBuffer)
                  00002bc8    00000024                : usbbuffer.obj (.text:USBBufferRead)
                  00002bec    00000024                : usbdenum.obj (.text:USBDCDDeviceInfoInit)
                  00002c10    00000024                : usbdenum.obj (.text:USBDSetAddress)
                  00002c34    00000024     driverlib.lib : usb.obj (.text:USBDevEndpointDataAck)
                  00002c58    00000024                   : usb.obj (.text:USBEndpointDMADisable)
                  00002c7c    00000024                   : usb.obj (.text:USBEndpointDMAEnable)
                  00002ca0    00000024                   : udma.obj (.text:uDMAChannelControlSet)
                  00002cc4    00000022     usblib.lib : usbdcdc.obj (.text:HandleDisconnect)
                  00002ce6    00000022                : usbdcdc.obj (.text:SendLineCodingChange)
                  00002d08    00000022                : usbdcdc.obj (.text:SendLineStateChange)
                  00002d2a    00000022                : usbdma.obj (.text:uDMAUSBChannelStatus)
                  00002d4c    00000020                : usbdconfig.obj (.text:GetEndpointFIFOSize)
                  00002d6c    00000020     spi.obj (.text:SPIDataRead)
                  00002d8c    00000020     usblib.lib : usbmode.obj (.text:USBStackModeSet)
                  00002dac    0000001e                : usbdcdc.obj (.text:CheckAndSendBreak)
                  00002dca    0000001e                : usbbuffer.obj (.text:HandleDataRemaining)
                  00002de8    0000001e                : usbringbuf.obj (.text:USBRingBufAdvanceRead)
                  00002e06    00000002     --HOLE-- [fill = 0]
                  00002e08    0000001c     spi.obj (.text:SPIDataWrite)
                  00002e24    0000001c     spi.obj (.text:SPISetCEHigh)
                  00002e40    0000001c     spi.obj (.text:SPISetCELow)
                  00002e5c    0000001c     spi.obj (.text:SPISetCSNHigh)
                  00002e78    0000001c     spi.obj (.text:SPISetCSNLow)
                  00002e94    0000001c     usblib.lib : usbdcdc.obj (.text:SetDeferredOpFlag)
                  00002eb0    0000001c                : usbdcdesc.obj (.text:USBDCDConfigGetInterface)
                  00002ecc    0000001c                : usbdenum.obj (.text:USBDCDStallEP0)
                  00002ee8    0000001c     driverlib.lib : usb.obj (.text:USBEndpointDataAvail)
                  00002f04    0000001c     usblib.lib : usbringbuf.obj (.text:USBRingBufContigFree)
                  00002f20    0000001c     driverlib.lib : gpio.obj (.text:_GPIOIntNumberGet)
                  00002f3c    0000001a     usblib.lib : usbdcdc.obj (.text:DeviceConsumedAllData)
                  00002f56    0000001a     driverlib.lib : usb.obj (.text:USBEndpointDMAChannel)
                  00002f70    0000001a     usblib.lib : usbringbuf.obj (.text:USBRingBufRead)
                  00002f8a    0000001a                : usbringbuf.obj (.text:USBRingBufReadOne)
                  00002fa4    0000001a                : usbringbuf.obj (.text:USBRingBufWrite)
                  00002fbe    00000018     driverlib.lib : gpio.obj (.text:GPIOIntRegister)
                  00002fd6    00000002     --HOLE-- [fill = 0]
                  00002fd8    00000018     usblib.lib : usbdhandler.obj (.text:USB0DeviceIntHandler)
                  00002ff0    00000018                : usbdcdesc.obj (.text:USBDCDConfigDescGetSize)
                  00003008    00000018                : usbdenum.obj (.text:USBDSetDescriptor)
                  00003020    00000018                : usbdenum.obj (.text:USBDSyncFrame)
                  00003038    00000018     rtsv7M4_T_le_v4SPD16_eabi.lib : args_main.obj (.text)
                  00003050    00000018     driverlib.lib : udma.obj (.text:uDMAChannelDisable)
                  00003068    00000018                   : udma.obj (.text:uDMAChannelEnable)
                  00003080    00000016     usblib.lib : usbdcdc.obj (.text:CheckAndSendLineCodingChange)
                  00003096    00000016                : usbdcdc.obj (.text:CheckAndSendLineStateChange)
                  000030ac    00000016                : usbbuffer.obj (.text:USBBufferInit)
                  000030c2    00000016                : usbringbuf.obj (.text:USBRingBufUsed)
                  000030d8    00000014     spi.obj (.text:SPIRXFlush)
                  000030ec    00000014     usblib.lib : usbdenum.obj (.text:USBDCDRequestDataEP0)
                  00003100    00000014     driverlib.lib : usb.obj (.text:USBHostResume)
                  00003114    00000014                   : usb.obj (.text:USBIntEnableEndpoint)
                  00003128    00000014     usblib.lib : usbringbuf.obj (.text:USBRingBufFlush)
                  0000313c    00000014     driverlib.lib : usb.obj (.text:_USBIndexWrite)
                  00003150    00000014     rtsv7M4_T_le_v4SPD16_eabi.lib : _lock.obj (.text)
                  00003164    00000012     usblib.lib : usbdcdc.obj (.text:HandleResume)
                  00003176    00000012                : usbdcdc.obj (.text:HandleSuspend)
                  00003188    00000012                : usbbuffer.obj (.text:HandleTxComplete)
                  0000319a    00000012     driverlib.lib : ssi.obj (.text:SSIDataGetNonBlocking)
                  000031ac    00000012     usblib.lib : usbringbuf.obj (.text:USBRingBufFree)
                  000031be    00000012                : usbringbuf.obj (.text:USBRingBufWriteOne)
                  000031d0    00000012     rtsv7M4_T_le_v4SPD16_eabi.lib : copy_zero_init.obj (.text:decompress:ZI)
                  000031e2    00000010     driverlib.lib : interrupt.obj (.text:IntMasterDisable)
                  000031f2    00000010                   : interrupt.obj (.text:IntMasterEnable)
                  00003202    00000002     --HOLE-- [fill = 0]
                  00003204    00000010                   : sysctl.obj (.text:SysCtlUSBPLLEnable)
                  00003214    00000010     usblib.lib : usbdenum.obj (.text:USBDCDSendDataEP0)
                  00003224    00000010     driverlib.lib : usb.obj (.text:USBEndpointStatus)
                  00003234    00000010     usblib.lib : usbringbuf.obj (.text:USBRingBufContigUsed)
                  00003244    0000000e                : usbdma.obj (.text:DMAUSBIntStatusClear)
                  00003252    0000000e                : usbdcdc.obj (.text:USBDCDCTxPacketAvailable)
                  00003260    0000000e     rtsv7M4_T_le_v4SPD16_eabi.lib : copy_decompress_none.obj (.text:decompress:none)
                  0000326e    0000000c     driverlib.lib : cpu.obj (.text:CPUcpsid)
                  0000327a    0000000c                   : cpu.obj (.text:CPUcpsie)
                  00003286    0000000c                   : gpio.obj (.text:GPIOIntEnable)
                  00003292    0000000c                   : usb.obj (.text:USBEndpointPacketCountSet)
                  0000329e    0000000c     usblib.lib : usbringbuf.obj (.text:USBRingBufInit)
                  000032aa    0000000a     driverlib.lib : usb.obj (.text:USBDevConnect)
                  000032b4    0000000a                   : usb.obj (.text:USBDevDisconnect)
                  000032be    0000000a                   : usb.obj (.text:USBIntStatusEndpoint)
                  000032c8    00000008                   : usb.obj (.text:USBDevMode)
                  000032d0    00000008                   : usb.obj (.text:USBFIFOAddrGet)
                  000032d8    00000008                   : usb.obj (.text:USBOTGMode)
                  000032e0    00000006                   : gpio.obj (.text:GPIOIntClear)
                  000032e6    00000006     startup_ccs.obj (.text:ResetISR)
                  000032ec    00000006     driverlib.lib : uart.obj (.text:UARTClockSourceSet)
                  000032f2    00000006     usblib.lib : usbbuffer.obj (.text:USBBufferDataAvailable)
                  000032f8    00000006                : usbbuffer.obj (.text:USBBufferFlush)
                  000032fe    00000006     rtsv7M4_T_le_v4SPD16_eabi.lib : copy_decompress_rle.obj (.text:decompress:rle24)
                  00003304    00000004     usblib.lib : usbdma.obj (.text:DMAUSBStatus)
                  00003308    00000004     usbconfig.obj (.text:TxHandler)
                  0000330c    00000004     driverlib.lib : usb.obj (.text:USBDevAddrSet)

.const     0    00003310    000003d2     
                  00003310    000000c0     driverlib.lib : gpio.obj (.const:g_ppui32GPIOIntMapBlizzard)
                  000033d0    00000078                   : gpio.obj (.const:g_pui32GPIOBaseAddrs)
                  00003448    00000070                   : interrupt.obj (.const)
                  000034b8    00000038     usblib.lib : usbdcdc.obj (.const)
                  000034f0    00000036     usb_structs.obj (.const:.string:g_pui8ConfigString)
                  00003526    00000002     --HOLE-- [fill = 0]
                  00003528    00000034     usblib.lib : usbdenum.obj (.const:g_psUSBDStdRequests)
                  0000355c    00000030                : usbdcdc.obj (.const:g_sCDCHandlers)
                  0000358c    0000002c     usb_structs.obj (.const:.string:g_pui8ControlInterfaceString)
                  000035b8    00000024     usb_structs.obj (.const:.string:g_pui8ManufacturerString)
                  000035dc    00000024     usb_structs.obj (.const:RxBuffer)
                  00003600    00000024     usb_structs.obj (.const:TxBuffer)
                  00003624    00000023     usblib.lib : usbdcdc.obj (.const:.string:g_pui8CDCSerCommInterface)
                  00003647    00000022     usb_structs.obj (.const:.string:g_pui8ProductString)
                  00003669    00000003     --HOLE-- [fill = 0]
                  0000366c    0000001c     uartstdio.obj (.const)
                  00003688    00000018     usb_structs.obj (.const)
                  000036a0    00000017     usblib.lib : usbdcdc.obj (.const:.string)
                  000036b7    00000016     usb_structs.obj (.const:.string)
                  000036cd    00000003     --HOLE-- [fill = 0]
                  000036d0    00000012     uartstdio.obj (.const:.string)

.cinit     0    000036e8    000000c0     
                  000036e8    00000087     (.cinit..data.load) [load image, compression = rle]
                  0000376f    00000001     --HOLE-- [fill = 0]
                  00003770    0000000c     (__TI_handler_table)
                  0000377c    00000004     --HOLE-- [fill = 0]
                  00003780    00000008     (.cinit..bss.load) [load image, compression = zero_init]
                  00003788    00000008     (.cinit..vtable.load) [load image, compression = zero_init]
                  00003790    00000018     (__TI_cinit_table)

.vtable    0    20000000    0000026c     UNINITIALIZED
                  20000000    0000026c     driverlib.lib : interrupt.obj (.vtable)

.bss       0    2000026c    00000431     UNINITIALIZED
                  2000026c    00000110     usblib.lib : usbdma.obj (.bss:g_psUSBDMAInst)
                  2000037c    00000100     usb_structs.obj (.bss:g_pui8USBRxBuffer)
                  2000047c    00000100     usb_structs.obj (.bss:g_pui8USBTxBuffer)
                  2000057c    00000048     usblib.lib : usbdenum.obj (.bss:g_psDCDInst)
                  200005c4    00000040                : usbdenum.obj (.bss:g_pui8DataBufferIn)
                  20000604    00000030                : usbtick.obj (.bss)
                  20000634    00000020     (.common:ui8RxBuffer)
                  20000654    00000018     (.common:g_pui8RxBufferWorkspace)
                  2000066c    00000018     (.common:g_pui8TxBufferWorkspace)
                  20000684    0000000c                : usbmode.obj (.bss)
                  20000690    00000004                : usbdenum.obj (.bss)
                  20000694    00000004     (.common:g_pcStatus)
                  20000698    00000004     (.common:g_ui32Flags)
                  2000069c    00000001     (.common:g_bUSBConfigured)

.stack     0    200006a0    00000400     UNINITIALIZED
                  200006a0    00000400     --HOLE--

.data      0    20000aa0    000000d8     UNINITIALIZED
                  20000aa0    00000060     usb_structs.obj (.data:g_sCDCDevice)
                  20000b00    00000040     usblib.lib : usbdcdc.obj (.data)
                  20000b40    0000000c                : usbtick.obj (.data)
                  20000b4c    00000009                : usbmode.obj (.data)
                  20000b55    00000003     --HOLE--
                  20000b58    00000008     rtsv7M4_T_le_v4SPD16_eabi.lib : _lock.obj (.data)
                  20000b60    00000008                                   : exit.obj (.data)
                  20000b68    00000005     uartstdio.obj (.data)
                  20000b6d    00000003     --HOLE--
                  20000b70    00000004     rtsv7M4_T_le_v4SPD16_eabi.lib : stkdepth_vars.obj (.data)
                  20000b74    00000004     usblib.lib : usbdenum.obj (.data)


LINKER GENERATED COPY TABLES

__TI_cinit_table @ 00003790 records: 3, size/record: 8, table size: 24
	.data: load addr=000036e8, load size=00000087 bytes, run addr=20000aa0, run size=000000d8 bytes, compression=rle
	.bss: load addr=00003780, load size=00000008 bytes, run addr=2000026c, run size=00000431 bytes, compression=zero_init
	.vtable: load addr=00003788, load size=00000008 bytes, run addr=20000000, run size=0000026c bytes, compression=zero_init


LINKER GENERATED HANDLER TABLE

__TI_handler_table @ 00003770 records: 3, size/record: 4, table size: 12
	index: 0, handler: __TI_zero_init
	index: 1, handler: __TI_decompress_rle24
	index: 2, handler: __TI_decompress_none


GLOBAL SYMBOLS: SORTED ALPHABETICALLY BY Name 

address    name
--------   ----
00002581   C$$EXIT
0000326f   CPUcpsid
0000327b   CPUcpsie
00001aa9   ConfigureUART
00000d89   ControlHandler
000032e1   GPIOIntClear
00003287   GPIOIntEnable
00002fbf   GPIOIntRegister
00002395   GPIOPinConfigure
00002265   IRQInterruptHandler
000019d9   IntDisable
00001a41   IntEnable
00001b0d   IntIsEnabled
000031e3   IntMasterDisable
000031f3   IntMasterEnable
00002755   IntRegister
00002ab5   InternalUSBRegisterTickHandler
00002789   InternalUSBStartOfFrameTick
000028e9   InternalUSBTickInit
00001969   ProcessDataFromHost
00001edd   ProcessDataToHost
00002855   ProcessNotificationToHost
0000050d   RFInit
00001b71   RFReadRecieveBuffer
00002add   RFWriteRegister
000032e7   ResetISR
000035dc   RxBuffer
00002679   RxDataHandler
00002919   RxHandler
UNDEFED    SHT$$INIT_ARRAY$$Base
UNDEFED    SHT$$INIT_ARRAY$$Limit
00002d6d   SPIDataRead
00002e09   SPIDataWrite
00000b49   SPIInit
000030d9   SPIRXFlush
00002e25   SPISetCEHigh
00002e41   SPISetCELow
00002e5d   SPISetCSNHigh
00002e79   SPISetCSNLow
0000319b   SSIDataGetNonBlocking
000027bd   SysCtlPeripheralEnable
00002041   SysCtlPeripheralReset
00003205   SysCtlUSBPLLEnable
00003600   TxBuffer
00003309   TxHandler
000032ed   UARTClockSourceSet
00001d01   UARTStdioConfig
00002fd9   USB0DeviceIntHandler
000032f3   USBBufferDataAvailable
00001d61   USBBufferEventCallback
000032f9   USBBufferFlush
000030ad   USBBufferInit
00002bc9   USBBufferRead
00002a05   USBBufferWrite
00000ee1   USBDCDCCompositeInit
000022b1   USBDCDCInit
00001305   USBDCDCPacketRead
00001f95   USBDCDCPacketWrite
000029a9   USBDCDCRxPacketAvailable
00003253   USBDCDCTxPacketAvailable
00002091   USBDCDConfigDescGet
00002a89   USBDCDConfigDescGetNum
00002ff1   USBDCDConfigDescGetSize
00002eb1   USBDCDConfigGetInterface
00002605   USBDCDConfigGetInterfaceEndpoint
00002bed   USBDCDDeviceInfoInit
00000801   USBDCDInit
000030ed   USBDCDRequestDataEP0
00003215   USBDCDSendDataEP0
00002ecd   USBDCDStallEP0
00002a31   USBDescGet
00002b05   USBDescGetNum
0000330d   USBDevAddrSet
000032ab   USBDevConnect
000032b5   USBDevDisconnect
00001733   USBDevEndpointConfigSet
00002c35   USBDevEndpointDataAck
00002887   USBDevEndpointStall
00002131   USBDevEndpointStallClear
00001e21   USBDevEndpointStatusClear
000032c9   USBDevMode
000003cd   USBDeviceConfig
000014b1   USBDeviceConfigAlternate
00000645   USBDeviceEnumHandler
000024b5   USBDeviceEnumResetHandler
000008d9   USBDeviceIntHandlerInternal
000020e1   USBDeviceResumeTickHandler
00002f57   USBEndpointDMAChannel
000022fd   USBEndpointDMAConfigSet
00002c59   USBEndpointDMADisable
00002c7d   USBEndpointDMAEnable
00002ee9   USBEndpointDataAvail
000024f9   USBEndpointDataGet
00002979   USBEndpointDataPut
000029d7   USBEndpointDataSend
00003293   USBEndpointPacketCountSet
00003225   USBEndpointStatus
000032d1   USBFIFOAddrGet
0000263f   USBFIFOConfigSet
00003101   USBHostResume
00001c39   USBInit
00002b2d   USBIntEnableControl
00003115   USBIntEnableEndpoint
000026b1   USBIntStatusControl
000032bf   USBIntStatusEndpoint
00000a81   USBLibDMAInit
000032d9   USBOTGMode
00002de9   USBRingBufAdvanceRead
0000271f   USBRingBufAdvanceWrite
00002f05   USBRingBufContigFree
00003235   USBRingBufContigUsed
00003129   USBRingBufFlush
000031ad   USBRingBufFree
0000329f   USBRingBufInit
00002f71   USBRingBufRead
00002f8b   USBRingBufReadOne
000030c3   USBRingBufUsed
00002fa5   USBRingBufWrite
000031bf   USBRingBufWriteOne
00002d8d   USBStackModeSet
20000aa0   __STACK_END
00000400   __STACK_SIZE
20000aa0   __STACK_TOP
00003790   __TI_CINIT_Base
000037a8   __TI_CINIT_Limit
00003770   __TI_Handler_Table_Base
0000377c   __TI_Handler_Table_Limit
00000001   __TI_args_main
000011e1   __TI_auto_init
20000b60   __TI_cleanup_ptr
00003261   __TI_decompress_none
000032ff   __TI_decompress_rle24
20000b64   __TI_dtors_ptr
00000000   __TI_static_base__
000031d1   __TI_zero_init
00000f81   __aeabi_memcpy
00000f81   __aeabi_memcpy4
00000f81   __aeabi_memcpy8
ffffffff   __binit__
ffffffff   __c_args__
200006a0   __stack
00003039   _args_main
000023dd   _c_int00
20000b58   _lock
0000315f   _nop
00003157   _register_lock
00003151   _register_unlock
20000b5c   _unlock
00002585   abort
ffffffff   binit
0000253d   copy_in
0000258d   exit
20000b40   g_bUSBTimerInitialized
20000688   g_eOTGModeState
20000b4c   g_iUSBMode
000034ec   g_pCDCCompSerConfigDescriptors
20000694   g_pcStatus
20000000   g_pfnRAMVectors
20000604   g_pfnTickHandlers
00000000   g_pfnVectors
000034e8   g_ppCDCSerConfigDescriptors
20000690   g_ppsDevInfo
00003688   g_ppui8StringDescriptors
20000b30   g_psCDCCompSerSections
20000b24   g_psCDCSerSections
2000057c   g_psDCDInst
00003624   g_pui8CDCSerCommInterface
000036a0   g_pui8CDCSerDataInterface
20000b12   g_pui8CDCSerDescriptor
20000b00   g_pui8CDCSerDeviceDescriptor
000034f0   g_pui8ConfigString
0000358c   g_pui8ControlInterfaceString
20000b1b   g_pui8IADSerDescriptor
000036b7   g_pui8LangDescriptor
000035b8   g_pui8ManufacturerString
00003647   g_pui8ProductString
20000654   g_pui8RxBufferWorkspace
000036bb   g_pui8SerialNumberString
2000066c   g_pui8TxBufferWorkspace
2000037c   g_pui8USBRxBuffer
2000047c   g_pui8USBTxBuffer
2000061c   g_pvTickInstance
000034e0   g_sCDCCompSerConfigHeader
20000aa0   g_sCDCDevice
0000355c   g_sCDCHandlers
000034c8   g_sCDCSerCommInterfaceSection
000034d8   g_sCDCSerConfigHeader
000034b8   g_sCDCSerConfigSection
000034d0   g_sCDCSerDataInterfaceSection
000034c0   g_sIADSerConfigSection
20000b44   g_ui32CurrentUSBTick
20000698   g_ui32Flags
20000684   g_ui32PollRate
20000b48   g_ui32USBSOFCount
20000b50   g_ui32WaitTicks
00001395   main
20000b70   main_func_sp
00000f81   memcpy
00002425   uDMAChannelAttributeDisable
00002ca1   uDMAChannelControlSet
00003051   uDMAChannelDisable
00003069   uDMAChannelEnable
00002b7d   uDMAChannelModeGet
000015c5   uDMAChannelTransferSet
20000634   ui8RxBuffer


GLOBAL SYMBOLS: SORTED BY Symbol Address 

address    name
--------   ----
00000000   __TI_static_base__
00000000   g_pfnVectors
00000001   __TI_args_main
000003cd   USBDeviceConfig
00000400   __STACK_SIZE
0000050d   RFInit
00000645   USBDeviceEnumHandler
00000801   USBDCDInit
000008d9   USBDeviceIntHandlerInternal
00000a81   USBLibDMAInit
00000b49   SPIInit
00000d89   ControlHandler
00000ee1   USBDCDCCompositeInit
00000f81   __aeabi_memcpy
00000f81   __aeabi_memcpy4
00000f81   __aeabi_memcpy8
00000f81   memcpy
000011e1   __TI_auto_init
00001305   USBDCDCPacketRead
00001395   main
000014b1   USBDeviceConfigAlternate
000015c5   uDMAChannelTransferSet
00001733   USBDevEndpointConfigSet
00001969   ProcessDataFromHost
000019d9   IntDisable
00001a41   IntEnable
00001aa9   ConfigureUART
00001b0d   IntIsEnabled
00001b71   RFReadRecieveBuffer
00001c39   USBInit
00001d01   UARTStdioConfig
00001d61   USBBufferEventCallback
00001e21   USBDevEndpointStatusClear
00001edd   ProcessDataToHost
00001f95   USBDCDCPacketWrite
00002041   SysCtlPeripheralReset
00002091   USBDCDConfigDescGet
000020e1   USBDeviceResumeTickHandler
00002131   USBDevEndpointStallClear
00002265   IRQInterruptHandler
000022b1   USBDCDCInit
000022fd   USBEndpointDMAConfigSet
00002395   GPIOPinConfigure
000023dd   _c_int00
00002425   uDMAChannelAttributeDisable
000024b5   USBDeviceEnumResetHandler
000024f9   USBEndpointDataGet
0000253d   copy_in
00002581   C$$EXIT
00002585   abort
0000258d   exit
00002605   USBDCDConfigGetInterfaceEndpoint
0000263f   USBFIFOConfigSet
00002679   RxDataHandler
000026b1   USBIntStatusControl
0000271f   USBRingBufAdvanceWrite
00002755   IntRegister
00002789   InternalUSBStartOfFrameTick
000027bd   SysCtlPeripheralEnable
00002855   ProcessNotificationToHost
00002887   USBDevEndpointStall
000028e9   InternalUSBTickInit
00002919   RxHandler
00002979   USBEndpointDataPut
000029a9   USBDCDCRxPacketAvailable
000029d7   USBEndpointDataSend
00002a05   USBBufferWrite
00002a31   USBDescGet
00002a89   USBDCDConfigDescGetNum
00002ab5   InternalUSBRegisterTickHandler
00002add   RFWriteRegister
00002b05   USBDescGetNum
00002b2d   USBIntEnableControl
00002b7d   uDMAChannelModeGet
00002bc9   USBBufferRead
00002bed   USBDCDDeviceInfoInit
00002c35   USBDevEndpointDataAck
00002c59   USBEndpointDMADisable
00002c7d   USBEndpointDMAEnable
00002ca1   uDMAChannelControlSet
00002d6d   SPIDataRead
00002d8d   USBStackModeSet
00002de9   USBRingBufAdvanceRead
00002e09   SPIDataWrite
00002e25   SPISetCEHigh
00002e41   SPISetCELow
00002e5d   SPISetCSNHigh
00002e79   SPISetCSNLow
00002eb1   USBDCDConfigGetInterface
00002ecd   USBDCDStallEP0
00002ee9   USBEndpointDataAvail
00002f05   USBRingBufContigFree
00002f57   USBEndpointDMAChannel
00002f71   USBRingBufRead
00002f8b   USBRingBufReadOne
00002fa5   USBRingBufWrite
00002fbf   GPIOIntRegister
00002fd9   USB0DeviceIntHandler
00002ff1   USBDCDConfigDescGetSize
00003039   _args_main
00003051   uDMAChannelDisable
00003069   uDMAChannelEnable
000030ad   USBBufferInit
000030c3   USBRingBufUsed
000030d9   SPIRXFlush
000030ed   USBDCDRequestDataEP0
00003101   USBHostResume
00003115   USBIntEnableEndpoint
00003129   USBRingBufFlush
00003151   _register_unlock
00003157   _register_lock
0000315f   _nop
0000319b   SSIDataGetNonBlocking
000031ad   USBRingBufFree
000031bf   USBRingBufWriteOne
000031d1   __TI_zero_init
000031e3   IntMasterDisable
000031f3   IntMasterEnable
00003205   SysCtlUSBPLLEnable
00003215   USBDCDSendDataEP0
00003225   USBEndpointStatus
00003235   USBRingBufContigUsed
00003253   USBDCDCTxPacketAvailable
00003261   __TI_decompress_none
0000326f   CPUcpsid
0000327b   CPUcpsie
00003287   GPIOIntEnable
00003293   USBEndpointPacketCountSet
0000329f   USBRingBufInit
000032ab   USBDevConnect
000032b5   USBDevDisconnect
000032bf   USBIntStatusEndpoint
000032c9   USBDevMode
000032d1   USBFIFOAddrGet
000032d9   USBOTGMode
000032e1   GPIOIntClear
000032e7   ResetISR
000032ed   UARTClockSourceSet
000032f3   USBBufferDataAvailable
000032f9   USBBufferFlush
000032ff   __TI_decompress_rle24
00003309   TxHandler
0000330d   USBDevAddrSet
000034b8   g_sCDCSerConfigSection
000034c0   g_sIADSerConfigSection
000034c8   g_sCDCSerCommInterfaceSection
000034d0   g_sCDCSerDataInterfaceSection
000034d8   g_sCDCSerConfigHeader
000034e0   g_sCDCCompSerConfigHeader
000034e8   g_ppCDCSerConfigDescriptors
000034ec   g_pCDCCompSerConfigDescriptors
000034f0   g_pui8ConfigString
0000355c   g_sCDCHandlers
0000358c   g_pui8ControlInterfaceString
000035b8   g_pui8ManufacturerString
000035dc   RxBuffer
00003600   TxBuffer
00003624   g_pui8CDCSerCommInterface
00003647   g_pui8ProductString
00003688   g_ppui8StringDescriptors
000036a0   g_pui8CDCSerDataInterface
000036b7   g_pui8LangDescriptor
000036bb   g_pui8SerialNumberString
00003770   __TI_Handler_Table_Base
0000377c   __TI_Handler_Table_Limit
00003790   __TI_CINIT_Base
000037a8   __TI_CINIT_Limit
20000000   g_pfnRAMVectors
2000037c   g_pui8USBRxBuffer
2000047c   g_pui8USBTxBuffer
2000057c   g_psDCDInst
20000604   g_pfnTickHandlers
2000061c   g_pvTickInstance
20000634   ui8RxBuffer
20000654   g_pui8RxBufferWorkspace
2000066c   g_pui8TxBufferWorkspace
20000684   g_ui32PollRate
20000688   g_eOTGModeState
20000690   g_ppsDevInfo
20000694   g_pcStatus
20000698   g_ui32Flags
200006a0   __stack
20000aa0   __STACK_END
20000aa0   __STACK_TOP
20000aa0   g_sCDCDevice
20000b00   g_pui8CDCSerDeviceDescriptor
20000b12   g_pui8CDCSerDescriptor
20000b1b   g_pui8IADSerDescriptor
20000b24   g_psCDCSerSections
20000b30   g_psCDCCompSerSections
20000b40   g_bUSBTimerInitialized
20000b44   g_ui32CurrentUSBTick
20000b48   g_ui32USBSOFCount
20000b4c   g_iUSBMode
20000b50   g_ui32WaitTicks
20000b58   _lock
20000b5c   _unlock
20000b60   __TI_cleanup_ptr
20000b64   __TI_dtors_ptr
20000b70   main_func_sp
ffffffff   __binit__
ffffffff   __c_args__
ffffffff   binit
UNDEFED    SHT$$INIT_ARRAY$$Base
UNDEFED    SHT$$INIT_ARRAY$$Limit

[205 symbols]
