******************************************************************************
                  TI ARM Linker PC v5.1.1                      
******************************************************************************
>> Linked Sun Sep 28 03:12:09 2014

OUTPUT FILE NAME:   <neural_recorder_PC_interface.out>
ENTRY POINT SYMBOL: "_c_int00"  address: 000020a1


MEMORY CONFIGURATION

         name            origin    length      used     unused   attr    fill
----------------------  --------  ---------  --------  --------  ----  --------
  FLASH                 00000000   00040000  000031a8  0003ce58  R  X
  SRAM                  20000000   00008000  000008e9  00007717  RW X


SEGMENT ALLOCATION MAP

run origin  load origin   length   init length attrs members
----------  ----------- ---------- ----------- ----- -------
00000000    00000000    000031b0   000031b0    r-x
  00000000    00000000    0000026c   0000026c    r-- .intvecs
  0000026c    0000026c    00002bf2   00002bf2    r-x .text
  00002e60    00002e60    0000029a   0000029a    r-- .const
  00003100    00003100    000000b0   000000b0    r-- .cinit
20000000    20000000    000008ec   00000000    rw-
  20000000    20000000    00000411   00000000    rw- .bss
  20000414    20000414    00000400   00000000    rw- .stack
  20000814    20000814    000000d8   00000000    rw- .data


SECTION ALLOCATION MAP

 output                                  attributes/
section   page    origin      length       input sections
--------  ----  ----------  ----------   ----------------
.intvecs   0    00000000    0000026c     
                  00000000    0000026c     startup_ccs.obj (.intvecs)

.init_array 
*          0    00000000    00000000     UNINITIALIZED

.text      0    0000026c    00002bf2     
                  0000026c    00000160     usblib.lib : usbdenum.obj (.text:USBDEP0StateTxConfig)
                  000003cc    00000140                : usbdconfig.obj (.text:USBDeviceConfig)
                  0000050c    000000e0                : usbdenum.obj (.text:USBDeviceEnumHandler)
                  000005ec    000000dc                : usbdenum.obj (.text:USBDGetDescriptor)
                  000006c8    000000d8                : usbdenum.obj (.text:USBDCDInit)
                  000007a0    000000d8                : usbdenum.obj (.text:USBDeviceIntHandlerInternal)
                  00000878    000000d0                : usbdcdc.obj (.text:HandleRequests)
                  00000948    000000c8                : usbdma.obj (.text:USBLibDMAInit)
                  00000a10    000000c0                : usbdma.obj (.text:uDMAUSBChannelAllocate)
                  00000ad0    000000ba                : usbdma.obj (.text:uDMAUSBTransfer)
                  00000b8a    00000002     startup_ccs.obj (.text:FaultISR)
                  00000b8c    000000ac     usbconfig.obj (.text:ControlHandler)
                  00000c38    000000ac     usblib.lib : usbbuffer.obj (.text:HandleRxAvailable)
                  00000ce4    000000a0                : usbdcdc.obj (.text:USBDCDCCompositeInit)
                  00000d84    0000009c     rtsv7M4_T_le_v4SPD16_eabi.lib : memcpy_t2.obj (.text)
                  00000e20    00000098     usblib.lib : usbdenum.obj (.text:USBDSetInterface)
                  00000eb8    00000096                : usbdcdc.obj (.text:SendSerialState)
                  00000f4e    00000094                : usbdcdc.obj (.text:CDCTickHandler)
                  00000fe2    00000002     startup_ccs.obj (.text:IntDefaultHandler)
                  00000fe4    00000094     rtsv7M4_T_le_v4SPD16_eabi.lib : auto_init.obj (.text)
                  00001078    00000090     usblib.lib : usbbuffer.obj (.text:ScheduleNextTransmission)
                  00001108    00000090                : usbdcdc.obj (.text:USBDCDCPacketRead)
                  00001198    0000008c                : usbdenum.obj (.text:USBDSetConfiguration)
                  00001224    0000008c                : usbdconfig.obj (.text:USBDeviceConfigAlternate)
                  000012b0    00000088     usbconfig.obj (.text:GetLineCoding)
                  00001338    00000080     driverlib.lib : udma.obj (.text:uDMAChannelTransferSet)
                  000013b8    00000078     usblib.lib : usbdenum.obj (.text:USBDClearFeature)
                  00001430    00000076                : usbdcdc.obj (.text:HandleDevice)
                  000014a6    00000072     driverlib.lib : usb.obj (.text:USBDevEndpointConfigSet)
                  00001518    00000072     usblib.lib : usbdma.obj (.text:uDMAUSBArbSizeSet)
                  0000158a    00000002     startup_ccs.obj (.text:NmiSR)
                  0000158c    00000070     usblib.lib : usbdenum.obj (.text:USBDEP0StateTx)
                  000015fc    00000070                : usbdenum.obj (.text:USBDGetStatus)
                  0000166c    00000070                : usbdma.obj (.text:uDMAUSBUnitSizeSet)
                  000016dc    0000006e                : usbdcdc.obj (.text:ProcessDataFromHost)
                  0000174a    00000002     usbconfig.obj (.text:SetLineCoding)
                  0000174c    00000068     driverlib.lib : interrupt.obj (.text:IntDisable)
                  000017b4    00000068                   : interrupt.obj (.text:IntEnable)
                  0000181c    00000064     main.obj (.text:ConfigureUART)
                  00001880    00000064     driverlib.lib : interrupt.obj (.text:IntIsEnabled)
                  000018e4    00000064     usblib.lib : usbdenum.obj (.text:USBDSetFeature)
                  00001948    00000064     usbconfig.obj (.text:USBInit)
                  000019ac    00000064     usblib.lib : usbdma.obj (.text:uDMAUSBChannelEnable)
                  00001a10    00000060     uartstdio.obj (.text:UARTStdioConfig)
                  00001a70    00000060     usblib.lib : usbbuffer.obj (.text:USBBufferEventCallback)
                  00001ad0    00000060                : usbdenum.obj (.text:USBDReadAndDispatchRequest)
                  00001b30    0000005e     driverlib.lib : usb.obj (.text:USBDevEndpointStatusClear)
                  00001b8e    0000005e     rtsv7M4_T_le_v4SPD16_eabi.lib : copy_decompress_rle.obj (.text)
                  00001bec    0000005c     usblib.lib : usbdcdc.obj (.text:ProcessDataToHost)
                  00001c48    0000005c                : usbdenum.obj (.text:USBDStringIndexFromRequest)
                  00001ca4    00000056                : usbdcdc.obj (.text:USBDCDCPacketWrite)
                  00001cfa    00000054                : usbdma.obj (.text:uDMAUSBChannelRelease)
                  00001d4e    00000002                : usbdma.obj (.text:uDMAUSBChannelIntDisable)
                  00001d50    00000050     driverlib.lib : sysctl.obj (.text:SysCtlPeripheralReset)
                  00001da0    00000050     usblib.lib : usbdcdesc.obj (.text:USBDCDConfigDescGet)
                  00001df0    00000050                : usbdenum.obj (.text:USBDeviceResumeTickHandler)
                  00001e40    0000004e     driverlib.lib : usb.obj (.text:USBDevEndpointStallClear)
                  00001e8e    0000004c     usblib.lib : usbdcdesc.obj (.text:ConfigAlternateInterfaceGet)
                  00001eda    0000004c                : usbdconfig.obj (.text:GetEPDescriptorType)
                  00001f26    0000004c                : usbdcdc.obj (.text:HandleEndpoints)
                  00001f72    00000002                : usbdma.obj (.text:uDMAUSBChannelIntEnable)
                  00001f74    0000004c                : usbdcdc.obj (.text:USBDCDCInit)
                  00001fc0    0000004c     driverlib.lib : usb.obj (.text:USBEndpointDMAConfigSet)
                  0000200c    0000004a     usblib.lib : usbdma.obj (.text:uDMAUSBChannelDisable)
                  00002056    00000002     --HOLE-- [fill = 0]
                  00002058    00000048     main.obj (.text:main)
                  000020a0    00000048     rtsv7M4_T_le_v4SPD16_eabi.lib : boot.obj (.text)
                  000020e8    00000048     driverlib.lib : udma.obj (.text:uDMAChannelAttributeDisable)
                  00002130    00000046     usblib.lib : usbdcdc.obj (.text:HandleEP0Data)
                  00002176    00000002     --HOLE-- [fill = 0]
                  00002178    00000044                : usbdenum.obj (.text:USBDeviceEnumResetHandler)
                  000021bc    00000044     driverlib.lib : usb.obj (.text:USBEndpointDataGet)
                  00002200    00000044     rtsv7M4_T_le_v4SPD16_eabi.lib : cpy_tbl.obj (.text)
                  00002244    00000044                                   : exit.obj (.text)
                  00002288    00000040     usblib.lib : usbdenum.obj (.text:USBDGetInterface)
                  000022c8    0000003a                : usbdcdesc.obj (.text:USBDCDConfigGetInterfaceEndpoint)
                  00002302    0000003a     driverlib.lib : usb.obj (.text:USBFIFOConfigSet)
                  0000233c    00000038     main.obj (.text:RxDataHandler)
                  00002374    00000038     driverlib.lib : usb.obj (.text:USBIntStatusControl)
                  000023ac    00000036     usblib.lib : usbdcdc.obj (.text:SendBreak)
                  000023e2    00000036                : usbringbuf.obj (.text:USBRingBufAdvanceWrite)
                  00002418    00000034                : usbtick.obj (.text:InternalUSBStartOfFrameTick)
                  0000244c    00000034     driverlib.lib : sysctl.obj (.text:SysCtlPeripheralEnable)
                  00002480    00000032     usblib.lib : usbdcdc.obj (.text:HandleConfigChange)
                  000024b2    00000032                : usbdcdesc.obj (.text:NextConfigDescGet)
                  000024e4    00000032                : usbdcdc.obj (.text:ProcessNotificationToHost)
                  00002516    00000032     driverlib.lib : usb.obj (.text:USBDevEndpointStall)
                  00002548    00000030     usblib.lib : usbdma.obj (.text:DMAUSBIntHandler)
                  00002578    00000030                : usbtick.obj (.text:InternalUSBTickInit)
                  000025a8    00000030     usbconfig.obj (.text:RxHandler)
                  000025d8    00000030     usblib.lib : usbdenum.obj (.text:USBDGetConfiguration)
                  00002608    00000030     driverlib.lib : usb.obj (.text:USBEndpointDataPut)
                  00002638    0000002e     usblib.lib : usbdcdc.obj (.text:USBDCDCRxPacketAvailable)
                  00002666    0000002e     driverlib.lib : usb.obj (.text:USBEndpointDataSend)
                  00002694    0000002c     usblib.lib : usbbuffer.obj (.text:USBBufferWrite)
                  000026c0    0000002c                : usbdesc.obj (.text:USBDescGet)
                  000026ec    0000002c                : usbdma.obj (.text:uDMAUSBIntStatus)
                  00002718    0000002a                : usbdcdesc.obj (.text:USBDCDConfigDescGetNum)
                  00002742    00000002     --HOLE-- [fill = 0]
                  00002744    00000028                : usbtick.obj (.text:InternalUSBRegisterTickHandler)
                  0000276c    00000028                : usbdesc.obj (.text:USBDescGetNum)
                  00002794    00000028     driverlib.lib : usb.obj (.text:USBIntEnableControl)
                  000027bc    00000028     usblib.lib : usbringbuf.obj (.text:UpdateIndexAtomic)
                  000027e4    00000028     driverlib.lib : udma.obj (.text:uDMAChannelModeGet)
                  0000280c    00000024     usblib.lib : usbbuffer.obj (.text:HandleRequestBuffer)
                  00002830    00000024                : usbbuffer.obj (.text:USBBufferRead)
                  00002854    00000024                : usbdenum.obj (.text:USBDCDDeviceInfoInit)
                  00002878    00000024                : usbdenum.obj (.text:USBDSetAddress)
                  0000289c    00000024     driverlib.lib : usb.obj (.text:USBDevEndpointDataAck)
                  000028c0    00000024                   : usb.obj (.text:USBEndpointDMADisable)
                  000028e4    00000024                   : usb.obj (.text:USBEndpointDMAEnable)
                  00002908    00000024                   : udma.obj (.text:uDMAChannelControlSet)
                  0000292c    00000022     usblib.lib : usbdcdc.obj (.text:HandleDisconnect)
                  0000294e    00000022                : usbdcdc.obj (.text:SendLineCodingChange)
                  00002970    00000022                : usbdcdc.obj (.text:SendLineStateChange)
                  00002992    00000022                : usbdma.obj (.text:uDMAUSBChannelStatus)
                  000029b4    00000020                : usbdconfig.obj (.text:GetEndpointFIFOSize)
                  000029d4    00000020                : usbmode.obj (.text:USBStackModeSet)
                  000029f4    0000001e                : usbdcdc.obj (.text:CheckAndSendBreak)
                  00002a12    0000001e                : usbbuffer.obj (.text:HandleDataRemaining)
                  00002a30    0000001e                : usbringbuf.obj (.text:USBRingBufAdvanceRead)
                  00002a4e    0000001c                : usbdcdc.obj (.text:SetDeferredOpFlag)
                  00002a6a    0000001c                : usbdcdesc.obj (.text:USBDCDConfigGetInterface)
                  00002a86    00000002     --HOLE-- [fill = 0]
                  00002a88    0000001c                : usbdenum.obj (.text:USBDCDStallEP0)
                  00002aa4    0000001c     driverlib.lib : usb.obj (.text:USBEndpointDataAvail)
                  00002ac0    0000001c     usblib.lib : usbringbuf.obj (.text:USBRingBufContigFree)
                  00002adc    0000001a                : usbdcdc.obj (.text:DeviceConsumedAllData)
                  00002af6    0000001a     driverlib.lib : usb.obj (.text:USBEndpointDMAChannel)
                  00002b10    0000001a     usblib.lib : usbringbuf.obj (.text:USBRingBufRead)
                  00002b2a    0000001a                : usbringbuf.obj (.text:USBRingBufReadOne)
                  00002b44    0000001a                : usbringbuf.obj (.text:USBRingBufWrite)
                  00002b5e    00000002     --HOLE-- [fill = 0]
                  00002b60    00000018                : usbdhandler.obj (.text:USB0DeviceIntHandler)
                  00002b78    00000018                : usbdcdesc.obj (.text:USBDCDConfigDescGetSize)
                  00002b90    00000018                : usbdenum.obj (.text:USBDSetDescriptor)
                  00002ba8    00000018                : usbdenum.obj (.text:USBDSyncFrame)
                  00002bc0    00000018     rtsv7M4_T_le_v4SPD16_eabi.lib : args_main.obj (.text)
                  00002bd8    00000018     driverlib.lib : udma.obj (.text:uDMAChannelDisable)
                  00002bf0    00000018                   : udma.obj (.text:uDMAChannelEnable)
                  00002c08    00000016     usblib.lib : usbdcdc.obj (.text:CheckAndSendLineCodingChange)
                  00002c1e    00000016                : usbdcdc.obj (.text:CheckAndSendLineStateChange)
                  00002c34    00000016                : usbbuffer.obj (.text:USBBufferInit)
                  00002c4a    00000016                : usbringbuf.obj (.text:USBRingBufUsed)
                  00002c60    00000014                : usbdenum.obj (.text:USBDCDRequestDataEP0)
                  00002c74    00000014     driverlib.lib : usb.obj (.text:USBHostResume)
                  00002c88    00000014                   : usb.obj (.text:USBIntEnableEndpoint)
                  00002c9c    00000014     usblib.lib : usbringbuf.obj (.text:USBRingBufFlush)
                  00002cb0    00000014     driverlib.lib : usb.obj (.text:_USBIndexWrite)
                  00002cc4    00000014     rtsv7M4_T_le_v4SPD16_eabi.lib : _lock.obj (.text)
                  00002cd8    00000012     usblib.lib : usbdcdc.obj (.text:HandleResume)
                  00002cea    00000012                : usbdcdc.obj (.text:HandleSuspend)
                  00002cfc    00000012                : usbbuffer.obj (.text:HandleTxComplete)
                  00002d0e    00000012                : usbringbuf.obj (.text:USBRingBufFree)
                  00002d20    00000012                : usbringbuf.obj (.text:USBRingBufWriteOne)
                  00002d32    00000012     rtsv7M4_T_le_v4SPD16_eabi.lib : copy_zero_init.obj (.text:decompress:ZI)
                  00002d44    00000010     driverlib.lib : interrupt.obj (.text:IntMasterDisable)
                  00002d54    00000010                   : interrupt.obj (.text:IntMasterEnable)
                  00002d64    00000010                   : sysctl.obj (.text:SysCtlUSBPLLEnable)
                  00002d74    00000010     usblib.lib : usbdenum.obj (.text:USBDCDSendDataEP0)
                  00002d84    00000010     driverlib.lib : usb.obj (.text:USBEndpointStatus)
                  00002d94    00000010     usblib.lib : usbringbuf.obj (.text:USBRingBufContigUsed)
                  00002da4    0000000e                : usbdma.obj (.text:DMAUSBIntStatusClear)
                  00002db2    0000000e                : usbdcdc.obj (.text:USBDCDCTxPacketAvailable)
                  00002dc0    0000000e     rtsv7M4_T_le_v4SPD16_eabi.lib : copy_decompress_none.obj (.text:decompress:none)
                  00002dce    0000000c     driverlib.lib : cpu.obj (.text:CPUcpsid)
                  00002dda    0000000c                   : cpu.obj (.text:CPUcpsie)
                  00002de6    0000000c                   : usb.obj (.text:USBEndpointPacketCountSet)
                  00002df2    0000000c     usblib.lib : usbringbuf.obj (.text:USBRingBufInit)
                  00002dfe    0000000a     driverlib.lib : usb.obj (.text:USBDevConnect)
                  00002e08    0000000a                   : usb.obj (.text:USBDevDisconnect)
                  00002e12    0000000a                   : usb.obj (.text:USBIntStatusEndpoint)
                  00002e1c    00000008                   : usb.obj (.text:USBDevMode)
                  00002e24    00000008                   : usb.obj (.text:USBFIFOAddrGet)
                  00002e2c    00000008                   : usb.obj (.text:USBOTGMode)
                  00002e34    00000006     startup_ccs.obj (.text:ResetISR)
                  00002e3a    00000006     driverlib.lib : uart.obj (.text:UARTClockSourceSet)
                  00002e40    00000006     usblib.lib : usbbuffer.obj (.text:USBBufferDataAvailable)
                  00002e46    00000006                : usbbuffer.obj (.text:USBBufferFlush)
                  00002e4c    00000006     rtsv7M4_T_le_v4SPD16_eabi.lib : copy_decompress_rle.obj (.text:decompress:rle24)
                  00002e52    00000004     usblib.lib : usbdma.obj (.text:DMAUSBStatus)
                  00002e56    00000004     usbconfig.obj (.text:TxHandler)
                  00002e5a    00000004     driverlib.lib : usb.obj (.text:USBDevAddrSet)

.const     0    00002e60    0000029a     
                  00002e60    00000070     driverlib.lib : interrupt.obj (.const)
                  00002ed0    00000038     usblib.lib : usbdcdc.obj (.const)
                  00002f08    00000036     usb_structs.obj (.const:.string:g_pui8ConfigString)
                  00002f3e    00000002     --HOLE-- [fill = 0]
                  00002f40    00000034     usblib.lib : usbdenum.obj (.const:g_psUSBDStdRequests)
                  00002f74    00000030                : usbdcdc.obj (.const:g_sCDCHandlers)
                  00002fa4    0000002c     usb_structs.obj (.const:.string:g_pui8ControlInterfaceString)
                  00002fd0    00000024     usb_structs.obj (.const:.string:g_pui8ManufacturerString)
                  00002ff4    00000024     usb_structs.obj (.const:RxBuffer)
                  00003018    00000024     usb_structs.obj (.const:TxBuffer)
                  0000303c    00000023     usblib.lib : usbdcdc.obj (.const:.string:g_pui8CDCSerCommInterface)
                  0000305f    00000022     usb_structs.obj (.const:.string:g_pui8ProductString)
                  00003081    00000003     --HOLE-- [fill = 0]
                  00003084    0000001c     uartstdio.obj (.const)
                  000030a0    00000018     usb_structs.obj (.const)
                  000030b8    00000017     usblib.lib : usbdcdc.obj (.const:.string)
                  000030cf    00000016     usb_structs.obj (.const:.string)
                  000030e5    00000003     --HOLE-- [fill = 0]
                  000030e8    00000012     uartstdio.obj (.const:.string)

.cinit     0    00003100    000000b0     
                  00003100    00000087     (.cinit..data.load) [load image, compression = rle]
                  00003187    00000001     --HOLE-- [fill = 0]
                  00003188    0000000c     (__TI_handler_table)
                  00003194    00000004     --HOLE-- [fill = 0]
                  00003198    00000008     (.cinit..bss.load) [load image, compression = zero_init]
                  000031a0    00000010     (__TI_cinit_table)

.bss       0    20000000    00000411     UNINITIALIZED
                  20000000    00000110     usblib.lib : usbdma.obj (.bss:g_psUSBDMAInst)
                  20000110    00000100     usb_structs.obj (.bss:g_pui8USBRxBuffer)
                  20000210    00000100     usb_structs.obj (.bss:g_pui8USBTxBuffer)
                  20000310    00000048     usblib.lib : usbdenum.obj (.bss:g_psDCDInst)
                  20000358    00000040                : usbdenum.obj (.bss:g_pui8DataBufferIn)
                  20000398    00000030                : usbtick.obj (.bss)
                  200003c8    00000018     (.common:g_pui8RxBufferWorkspace)
                  200003e0    00000018     (.common:g_pui8TxBufferWorkspace)
                  200003f8    0000000c                : usbmode.obj (.bss)
                  20000404    00000004                : usbdenum.obj (.bss)
                  20000408    00000004     (.common:g_pcStatus)
                  2000040c    00000004     (.common:g_ui32Flags)
                  20000410    00000001     (.common:g_bUSBConfigured)

.stack     0    20000414    00000400     UNINITIALIZED
                  20000414    00000400     --HOLE--

.data      0    20000814    000000d8     UNINITIALIZED
                  20000814    00000060     usb_structs.obj (.data:g_sCDCDevice)
                  20000874    00000040     usblib.lib : usbdcdc.obj (.data)
                  200008b4    0000000c                : usbtick.obj (.data)
                  200008c0    00000009                : usbmode.obj (.data)
                  200008c9    00000003     --HOLE--
                  200008cc    00000008     rtsv7M4_T_le_v4SPD16_eabi.lib : _lock.obj (.data)
                  200008d4    00000008                                   : exit.obj (.data)
                  200008dc    00000005     uartstdio.obj (.data)
                  200008e1    00000003     --HOLE--
                  200008e4    00000004     rtsv7M4_T_le_v4SPD16_eabi.lib : stkdepth_vars.obj (.data)
                  200008e8    00000004     usblib.lib : usbdenum.obj (.data)


LINKER GENERATED COPY TABLES

__TI_cinit_table @ 000031a0 records: 2, size/record: 8, table size: 16
	.data: load addr=00003100, load size=00000087 bytes, run addr=20000814, run size=000000d8 bytes, compression=rle
	.bss: load addr=00003198, load size=00000008 bytes, run addr=20000000, run size=00000411 bytes, compression=zero_init


LINKER GENERATED HANDLER TABLE

__TI_handler_table @ 00003188 records: 3, size/record: 4, table size: 12
	index: 0, handler: __TI_decompress_rle24
	index: 1, handler: __TI_decompress_none
	index: 2, handler: __TI_zero_init


GLOBAL SYMBOLS: SORTED ALPHABETICALLY BY Name 

address    name
--------   ----
00002245   C$$EXIT
00002dcf   CPUcpsid
00002ddb   CPUcpsie
0000181d   ConfigureUART
00000b8d   ControlHandler
0000174d   IntDisable
000017b5   IntEnable
00001881   IntIsEnabled
00002d45   IntMasterDisable
00002d55   IntMasterEnable
00002745   InternalUSBRegisterTickHandler
00002419   InternalUSBStartOfFrameTick
00002579   InternalUSBTickInit
000016dd   ProcessDataFromHost
00001bed   ProcessDataToHost
000024e5   ProcessNotificationToHost
00002e35   ResetISR
00002ff4   RxBuffer
0000233d   RxDataHandler
000025a9   RxHandler
UNDEFED    SHT$$INIT_ARRAY$$Base
UNDEFED    SHT$$INIT_ARRAY$$Limit
0000244d   SysCtlPeripheralEnable
00001d51   SysCtlPeripheralReset
00002d65   SysCtlUSBPLLEnable
00003018   TxBuffer
00002e57   TxHandler
00002e3b   UARTClockSourceSet
00001a11   UARTStdioConfig
00002b61   USB0DeviceIntHandler
00002e41   USBBufferDataAvailable
00001a71   USBBufferEventCallback
00002e47   USBBufferFlush
00002c35   USBBufferInit
00002831   USBBufferRead
00002695   USBBufferWrite
00000ce5   USBDCDCCompositeInit
00001f75   USBDCDCInit
00001109   USBDCDCPacketRead
00001ca5   USBDCDCPacketWrite
00002639   USBDCDCRxPacketAvailable
00002db3   USBDCDCTxPacketAvailable
00001da1   USBDCDConfigDescGet
00002719   USBDCDConfigDescGetNum
00002b79   USBDCDConfigDescGetSize
00002a6b   USBDCDConfigGetInterface
000022c9   USBDCDConfigGetInterfaceEndpoint
00002855   USBDCDDeviceInfoInit
000006c9   USBDCDInit
00002c61   USBDCDRequestDataEP0
00002d75   USBDCDSendDataEP0
00002a89   USBDCDStallEP0
000026c1   USBDescGet
0000276d   USBDescGetNum
00002e5b   USBDevAddrSet
00002dff   USBDevConnect
00002e09   USBDevDisconnect
000014a7   USBDevEndpointConfigSet
0000289d   USBDevEndpointDataAck
00002517   USBDevEndpointStall
00001e41   USBDevEndpointStallClear
00001b31   USBDevEndpointStatusClear
00002e1d   USBDevMode
000003cd   USBDeviceConfig
00001225   USBDeviceConfigAlternate
0000050d   USBDeviceEnumHandler
00002179   USBDeviceEnumResetHandler
000007a1   USBDeviceIntHandlerInternal
00001df1   USBDeviceResumeTickHandler
00002af7   USBEndpointDMAChannel
00001fc1   USBEndpointDMAConfigSet
000028c1   USBEndpointDMADisable
000028e5   USBEndpointDMAEnable
00002aa5   USBEndpointDataAvail
000021bd   USBEndpointDataGet
00002609   USBEndpointDataPut
00002667   USBEndpointDataSend
00002de7   USBEndpointPacketCountSet
00002d85   USBEndpointStatus
00002e25   USBFIFOAddrGet
00002303   USBFIFOConfigSet
00002c75   USBHostResume
00001949   USBInit
00002795   USBIntEnableControl
00002c89   USBIntEnableEndpoint
00002375   USBIntStatusControl
00002e13   USBIntStatusEndpoint
00000949   USBLibDMAInit
00002e2d   USBOTGMode
00002a31   USBRingBufAdvanceRead
000023e3   USBRingBufAdvanceWrite
00002ac1   USBRingBufContigFree
00002d95   USBRingBufContigUsed
00002c9d   USBRingBufFlush
00002d0f   USBRingBufFree
00002df3   USBRingBufInit
00002b11   USBRingBufRead
00002b2b   USBRingBufReadOne
00002c4b   USBRingBufUsed
00002b45   USBRingBufWrite
00002d21   USBRingBufWriteOne
000029d5   USBStackModeSet
20000814   __STACK_END
00000400   __STACK_SIZE
20000814   __STACK_TOP
000031a0   __TI_CINIT_Base
000031b0   __TI_CINIT_Limit
00003188   __TI_Handler_Table_Base
00003194   __TI_Handler_Table_Limit
00000001   __TI_args_main
00000fe5   __TI_auto_init
200008d4   __TI_cleanup_ptr
00002dc1   __TI_decompress_none
00002e4d   __TI_decompress_rle24
200008d8   __TI_dtors_ptr
00000000   __TI_static_base__
00002d33   __TI_zero_init
00000d85   __aeabi_memcpy
00000d85   __aeabi_memcpy4
00000d85   __aeabi_memcpy8
ffffffff   __binit__
ffffffff   __c_args__
20000414   __stack
00002bc1   _args_main
000020a1   _c_int00
200008cc   _lock
00002cd3   _nop
00002ccb   _register_lock
00002cc5   _register_unlock
200008d0   _unlock
00002249   abort
ffffffff   binit
00002201   copy_in
00002251   exit
200008b4   g_bUSBTimerInitialized
200003fc   g_eOTGModeState
200008c0   g_iUSBMode
00002f04   g_pCDCCompSerConfigDescriptors
20000408   g_pcStatus
20000398   g_pfnTickHandlers
00000000   g_pfnVectors
00002f00   g_ppCDCSerConfigDescriptors
20000404   g_ppsDevInfo
000030a0   g_ppui8StringDescriptors
200008a4   g_psCDCCompSerSections
20000898   g_psCDCSerSections
20000310   g_psDCDInst
0000303c   g_pui8CDCSerCommInterface
000030b8   g_pui8CDCSerDataInterface
20000886   g_pui8CDCSerDescriptor
20000874   g_pui8CDCSerDeviceDescriptor
00002f08   g_pui8ConfigString
00002fa4   g_pui8ControlInterfaceString
2000088f   g_pui8IADSerDescriptor
000030cf   g_pui8LangDescriptor
00002fd0   g_pui8ManufacturerString
0000305f   g_pui8ProductString
200003c8   g_pui8RxBufferWorkspace
000030d3   g_pui8SerialNumberString
200003e0   g_pui8TxBufferWorkspace
20000110   g_pui8USBRxBuffer
20000210   g_pui8USBTxBuffer
200003b0   g_pvTickInstance
00002ef8   g_sCDCCompSerConfigHeader
20000814   g_sCDCDevice
00002f74   g_sCDCHandlers
00002ee0   g_sCDCSerCommInterfaceSection
00002ef0   g_sCDCSerConfigHeader
00002ed0   g_sCDCSerConfigSection
00002ee8   g_sCDCSerDataInterfaceSection
00002ed8   g_sIADSerConfigSection
200008b8   g_ui32CurrentUSBTick
2000040c   g_ui32Flags
200003f8   g_ui32PollRate
200008bc   g_ui32USBSOFCount
200008c4   g_ui32WaitTicks
00002059   main
200008e4   main_func_sp
00000d85   memcpy
000020e9   uDMAChannelAttributeDisable
00002909   uDMAChannelControlSet
00002bd9   uDMAChannelDisable
00002bf1   uDMAChannelEnable
000027e5   uDMAChannelModeGet
00001339   uDMAChannelTransferSet


GLOBAL SYMBOLS: SORTED BY Symbol Address 

address    name
--------   ----
00000000   __TI_static_base__
00000000   g_pfnVectors
00000001   __TI_args_main
000003cd   USBDeviceConfig
00000400   __STACK_SIZE
0000050d   USBDeviceEnumHandler
000006c9   USBDCDInit
000007a1   USBDeviceIntHandlerInternal
00000949   USBLibDMAInit
00000b8d   ControlHandler
00000ce5   USBDCDCCompositeInit
00000d85   __aeabi_memcpy
00000d85   __aeabi_memcpy4
00000d85   __aeabi_memcpy8
00000d85   memcpy
00000fe5   __TI_auto_init
00001109   USBDCDCPacketRead
00001225   USBDeviceConfigAlternate
00001339   uDMAChannelTransferSet
000014a7   USBDevEndpointConfigSet
000016dd   ProcessDataFromHost
0000174d   IntDisable
000017b5   IntEnable
0000181d   ConfigureUART
00001881   IntIsEnabled
00001949   USBInit
00001a11   UARTStdioConfig
00001a71   USBBufferEventCallback
00001b31   USBDevEndpointStatusClear
00001bed   ProcessDataToHost
00001ca5   USBDCDCPacketWrite
00001d51   SysCtlPeripheralReset
00001da1   USBDCDConfigDescGet
00001df1   USBDeviceResumeTickHandler
00001e41   USBDevEndpointStallClear
00001f75   USBDCDCInit
00001fc1   USBEndpointDMAConfigSet
00002059   main
000020a1   _c_int00
000020e9   uDMAChannelAttributeDisable
00002179   USBDeviceEnumResetHandler
000021bd   USBEndpointDataGet
00002201   copy_in
00002245   C$$EXIT
00002249   abort
00002251   exit
000022c9   USBDCDConfigGetInterfaceEndpoint
00002303   USBFIFOConfigSet
0000233d   RxDataHandler
00002375   USBIntStatusControl
000023e3   USBRingBufAdvanceWrite
00002419   InternalUSBStartOfFrameTick
0000244d   SysCtlPeripheralEnable
000024e5   ProcessNotificationToHost
00002517   USBDevEndpointStall
00002579   InternalUSBTickInit
000025a9   RxHandler
00002609   USBEndpointDataPut
00002639   USBDCDCRxPacketAvailable
00002667   USBEndpointDataSend
00002695   USBBufferWrite
000026c1   USBDescGet
00002719   USBDCDConfigDescGetNum
00002745   InternalUSBRegisterTickHandler
0000276d   USBDescGetNum
00002795   USBIntEnableControl
000027e5   uDMAChannelModeGet
00002831   USBBufferRead
00002855   USBDCDDeviceInfoInit
0000289d   USBDevEndpointDataAck
000028c1   USBEndpointDMADisable
000028e5   USBEndpointDMAEnable
00002909   uDMAChannelControlSet
000029d5   USBStackModeSet
00002a31   USBRingBufAdvanceRead
00002a6b   USBDCDConfigGetInterface
00002a89   USBDCDStallEP0
00002aa5   USBEndpointDataAvail
00002ac1   USBRingBufContigFree
00002af7   USBEndpointDMAChannel
00002b11   USBRingBufRead
00002b2b   USBRingBufReadOne
00002b45   USBRingBufWrite
00002b61   USB0DeviceIntHandler
00002b79   USBDCDConfigDescGetSize
00002bc1   _args_main
00002bd9   uDMAChannelDisable
00002bf1   uDMAChannelEnable
00002c35   USBBufferInit
00002c4b   USBRingBufUsed
00002c61   USBDCDRequestDataEP0
00002c75   USBHostResume
00002c89   USBIntEnableEndpoint
00002c9d   USBRingBufFlush
00002cc5   _register_unlock
00002ccb   _register_lock
00002cd3   _nop
00002d0f   USBRingBufFree
00002d21   USBRingBufWriteOne
00002d33   __TI_zero_init
00002d45   IntMasterDisable
00002d55   IntMasterEnable
00002d65   SysCtlUSBPLLEnable
00002d75   USBDCDSendDataEP0
00002d85   USBEndpointStatus
00002d95   USBRingBufContigUsed
00002db3   USBDCDCTxPacketAvailable
00002dc1   __TI_decompress_none
00002dcf   CPUcpsid
00002ddb   CPUcpsie
00002de7   USBEndpointPacketCountSet
00002df3   USBRingBufInit
00002dff   USBDevConnect
00002e09   USBDevDisconnect
00002e13   USBIntStatusEndpoint
00002e1d   USBDevMode
00002e25   USBFIFOAddrGet
00002e2d   USBOTGMode
00002e35   ResetISR
00002e3b   UARTClockSourceSet
00002e41   USBBufferDataAvailable
00002e47   USBBufferFlush
00002e4d   __TI_decompress_rle24
00002e57   TxHandler
00002e5b   USBDevAddrSet
00002ed0   g_sCDCSerConfigSection
00002ed8   g_sIADSerConfigSection
00002ee0   g_sCDCSerCommInterfaceSection
00002ee8   g_sCDCSerDataInterfaceSection
00002ef0   g_sCDCSerConfigHeader
00002ef8   g_sCDCCompSerConfigHeader
00002f00   g_ppCDCSerConfigDescriptors
00002f04   g_pCDCCompSerConfigDescriptors
00002f08   g_pui8ConfigString
00002f74   g_sCDCHandlers
00002fa4   g_pui8ControlInterfaceString
00002fd0   g_pui8ManufacturerString
00002ff4   RxBuffer
00003018   TxBuffer
0000303c   g_pui8CDCSerCommInterface
0000305f   g_pui8ProductString
000030a0   g_ppui8StringDescriptors
000030b8   g_pui8CDCSerDataInterface
000030cf   g_pui8LangDescriptor
000030d3   g_pui8SerialNumberString
00003188   __TI_Handler_Table_Base
00003194   __TI_Handler_Table_Limit
000031a0   __TI_CINIT_Base
000031b0   __TI_CINIT_Limit
20000110   g_pui8USBRxBuffer
20000210   g_pui8USBTxBuffer
20000310   g_psDCDInst
20000398   g_pfnTickHandlers
200003b0   g_pvTickInstance
200003c8   g_pui8RxBufferWorkspace
200003e0   g_pui8TxBufferWorkspace
200003f8   g_ui32PollRate
200003fc   g_eOTGModeState
20000404   g_ppsDevInfo
20000408   g_pcStatus
2000040c   g_ui32Flags
20000414   __stack
20000814   __STACK_END
20000814   __STACK_TOP
20000814   g_sCDCDevice
20000874   g_pui8CDCSerDeviceDescriptor
20000886   g_pui8CDCSerDescriptor
2000088f   g_pui8IADSerDescriptor
20000898   g_psCDCSerSections
200008a4   g_psCDCCompSerSections
200008b4   g_bUSBTimerInitialized
200008b8   g_ui32CurrentUSBTick
200008bc   g_ui32USBSOFCount
200008c0   g_iUSBMode
200008c4   g_ui32WaitTicks
200008cc   _lock
200008d0   _unlock
200008d4   __TI_cleanup_ptr
200008d8   __TI_dtors_ptr
200008e4   main_func_sp
ffffffff   __binit__
ffffffff   __c_args__
ffffffff   binit
UNDEFED    SHT$$INIT_ARRAY$$Base
UNDEFED    SHT$$INIT_ARRAY$$Limit

[185 symbols]
